tests	Set up job	﻿2026-10-03T21:34:30.9634760Z Current runner version: '2.337.0'
tests	Set up job	2026-10-03T21:34:30.9670027Z ##[group]Runner Image Provisioner
tests	Set up job	2026-10-03T21:34:30.9671299Z Hosted Compute Agent
tests	Set up job	2026-10-03T21:34:30.9672203Z Version: 20260901.588
tests	Set up job	2026-10-03T21:34:30.9673122Z Commit: f88ec8081b781fac6c440065ac7ff9e710ce3d0b
tests	Set up job	2026-10-03T21:34:30.9674298Z Build Date: 2026-09-01T19:56:44Z
tests	Set up job	2026-10-03T21:34:30.9675286Z Worker ID: {cde59590-ce4b-4d7e-90b5-074b386343bc}
tests	Set up job	2026-10-03T21:34:30.9676385Z Azure Region: centralus
tests	Set up job	2026-10-03T21:34:30.9677374Z ##[endgroup]
tests	Set up job	2026-10-03T21:34:30.9679698Z ##[group]Operating System
tests	Set up job	2026-10-03T21:34:30.9680818Z Ubuntu
tests	Set up job	2026-10-03T21:34:30.9681600Z 24.04.5
tests	Set up job	2026-10-03T21:34:30.9682502Z LTS
tests	Set up job	2026-10-03T21:34:30.9683392Z ##[endgroup]
tests	Set up job	2026-10-03T21:34:30.9684233Z ##[group]Runner Image
tests	Set up job	2026-10-03T21:34:30.9685281Z Image: ubuntu-24.04
tests	Set up job	2026-10-03T21:34:30.9686133Z Version: 20260927.320.1
tests	Set up job	2026-10-03T21:34:30.9687951Z Included Software: https://github.com/actions/runner-images/blob/ubuntu24/20260927.320/images/ubuntu/Ubuntu2404-Readme.md
tests	Set up job	2026-10-03T21:34:30.9690865Z Image Release: https://github.com/actions/runner-images/releases/tag/ubuntu24%2F20260927.320
tests	Set up job	2026-10-03T21:34:30.9692532Z ##[endgroup]
tests	Set up job	2026-10-03T21:34:30.9694249Z ##[group]GITHUB_TOKEN Permissions
tests	Set up job	2026-10-03T21:34:30.9697114Z Contents: read
tests	Set up job	2026-10-03T21:34:30.9698272Z Metadata: read
tests	Set up job	2026-10-03T21:34:30.9699269Z ##[endgroup]
tests	Set up job	2026-10-03T21:34:30.9702043Z Secret source: Actions
tests	Set up job	2026-10-03T21:34:30.9703379Z Cache mode: write
tests	Set up job	2026-10-03T21:34:30.9704898Z Prepare workflow directory
tests	Set up job	2026-10-03T21:34:31.0064113Z Prepare all required actions
tests	Set up job	2026-10-03T21:34:31.0113265Z Getting action download info
tests	Set up job	2026-10-03T21:34:31.2759072Z Download action repository 'actions/checkout@v5' (SHA:fbc6f3992d24b796d5a048ff273f7fcc4a7b6c09)
tests	Set up job	2026-10-03T21:34:31.3832157Z Download action repository 'actions/setup-python@v6' (SHA:ece7cb06caefa5fff74198d8649806c4678c61a1)
tests	Set up job	2026-10-03T21:34:31.5001354Z Download action repository 'actions/upload-artifact@v4' (SHA:ea165f8d65b6e75b540449e92b4886f43607fa02)
tests	Set up job	2026-10-03T21:34:31.7052289Z Complete job name: tests
tests	Run actions/checkout@v5	﻿2026-10-03T21:34:31.7801679Z ##[group]Run actions/checkout@v5
tests	Run actions/checkout@v5	2026-10-03T21:34:31.7802512Z with:
tests	Run actions/checkout@v5	2026-10-03T21:34:31.7803002Z   repository: Unjuno/concentration-aware-ns
tests	Run actions/checkout@v5	2026-10-03T21:34:31.7807051Z   token: ***
tests	Run actions/checkout@v5	2026-10-03T21:34:31.7807483Z   ssh-strict: true
tests	Run actions/checkout@v5	2026-10-03T21:34:31.7808094Z   ssh-user: git
tests	Run actions/checkout@v5	2026-10-03T21:34:31.7808554Z   persist-credentials: true
tests	Run actions/checkout@v5	2026-10-03T21:34:31.7809042Z   clean: true
tests	Run actions/checkout@v5	2026-10-03T21:34:31.7809487Z   sparse-checkout-cone-mode: true
tests	Run actions/checkout@v5	2026-10-03T21:34:31.7810015Z   fetch-depth: 1
tests	Run actions/checkout@v5	2026-10-03T21:34:31.7810439Z   fetch-tags: false
tests	Run actions/checkout@v5	2026-10-03T21:34:31.7810876Z   show-progress: true
tests	Run actions/checkout@v5	2026-10-03T21:34:31.7811317Z   lfs: false
tests	Run actions/checkout@v5	2026-10-03T21:34:31.7811726Z   submodules: false
tests	Run actions/checkout@v5	2026-10-03T21:34:31.7812171Z   set-safe-directory: true
tests	Run actions/checkout@v5	2026-10-03T21:34:31.7812675Z   allow-unsafe-pr-checkout: false
tests	Run actions/checkout@v5	2026-10-03T21:34:31.7813376Z ##[endgroup]
tests	Run actions/checkout@v5	2026-10-03T21:34:31.8841529Z Syncing repository: Unjuno/concentration-aware-ns
tests	Run actions/checkout@v5	2026-10-03T21:34:31.8844708Z ##[group]Getting Git version info
tests	Run actions/checkout@v5	2026-10-03T21:34:31.8846273Z Working directory is '/home/runner/work/concentration-aware-ns/concentration-aware-ns'
tests	Run actions/checkout@v5	2026-10-03T21:34:31.8848675Z [command]/usr/bin/git version
tests	Run actions/checkout@v5	2026-10-03T21:34:31.8864571Z git version 2.55.0
tests	Run actions/checkout@v5	2026-10-03T21:34:31.8886700Z ##[endgroup]
tests	Run actions/checkout@v5	2026-10-03T21:34:31.8902002Z Temporarily overriding HOME='/home/runner/work/_temp/78d58903-0ba7-49af-aa52-863d465133fa' before making global git config changes
tests	Run actions/checkout@v5	2026-10-03T21:34:31.8904009Z Adding repository directory to the temporary git global config as a safe directory
tests	Run actions/checkout@v5	2026-10-03T21:34:31.8907871Z [command]/usr/bin/git config --global --add safe.directory /home/runner/work/concentration-aware-ns/concentration-aware-ns
tests	Run actions/checkout@v5	2026-10-03T21:34:31.8953521Z Deleting the contents of '/home/runner/work/concentration-aware-ns/concentration-aware-ns'
tests	Run actions/checkout@v5	2026-10-03T21:34:31.8962087Z ##[group]Initializing the repository
tests	Run actions/checkout@v5	2026-10-03T21:34:31.8971084Z [command]/usr/bin/git init /home/runner/work/concentration-aware-ns/concentration-aware-ns
tests	Run actions/checkout@v5	2026-10-03T21:34:31.9049952Z hint: Using 'master' as the name for the initial branch. This default branch name
tests	Run actions/checkout@v5	2026-10-03T21:34:31.9051053Z hint: will change to "main" in Git 3.0. To configure the initial branch name
tests	Run actions/checkout@v5	2026-10-03T21:34:31.9052002Z hint: to use in all of your new repositories, which will suppress this warning,
tests	Run actions/checkout@v5	2026-10-03T21:34:31.9052740Z hint: call:
tests	Run actions/checkout@v5	2026-10-03T21:34:31.9053465Z hint:
tests	Run actions/checkout@v5	2026-10-03T21:34:31.9053983Z hint: 	git config --global init.defaultBranch <name>
tests	Run actions/checkout@v5	2026-10-03T21:34:31.9054596Z hint:
tests	Run actions/checkout@v5	2026-10-03T21:34:31.9055171Z hint: Names commonly chosen instead of 'master' are 'main', 'trunk' and
tests	Run actions/checkout@v5	2026-10-03T21:34:31.9056088Z hint: 'development'. The just-created branch can be renamed via this command:
tests	Run actions/checkout@v5	2026-10-03T21:34:31.9056820Z hint:
tests	Run actions/checkout@v5	2026-10-03T21:34:31.9057235Z hint: 	git branch -m <name>
tests	Run actions/checkout@v5	2026-10-03T21:34:31.9058334Z hint:
tests	Run actions/checkout@v5	2026-10-03T21:34:31.9059332Z hint: Disable this message with "git config set advice.defaultBranchName false"
tests	Run actions/checkout@v5	2026-10-03T21:34:31.9061615Z Initialized empty Git repository in /home/runner/work/concentration-aware-ns/concentration-aware-ns/.git/
tests	Run actions/checkout@v5	2026-10-03T21:34:31.9073185Z [command]/usr/bin/git remote add origin https://github.com/Unjuno/concentration-aware-ns
tests	Run actions/checkout@v5	2026-10-03T21:34:31.9118344Z ##[endgroup]
tests	Run actions/checkout@v5	2026-10-03T21:34:31.9119167Z ##[group]Disabling automatic garbage collection
tests	Run actions/checkout@v5	2026-10-03T21:34:31.9122343Z [command]/usr/bin/git config --local gc.auto 0
tests	Run actions/checkout@v5	2026-10-03T21:34:31.9156277Z ##[endgroup]
tests	Run actions/checkout@v5	2026-10-03T21:34:31.9157043Z ##[group]Setting up auth
tests	Run actions/checkout@v5	2026-10-03T21:34:31.9164344Z [command]/usr/bin/git config --local --name-only --get-regexp core\.sshCommand
tests	Run actions/checkout@v5	2026-10-03T21:34:31.9198519Z [command]/usr/bin/git submodule foreach --recursive sh -c "git config --local --name-only --get-regexp 'core\.sshCommand' && git config --local --unset-all 'core.sshCommand' || :"
tests	Run actions/checkout@v5	2026-10-03T21:34:31.9541946Z [command]/usr/bin/git config --local --name-only --get-regexp http\.https\:\/\/github\.com\/\.extraheader
tests	Run actions/checkout@v5	2026-10-03T21:34:31.9588893Z [command]/usr/bin/git submodule foreach --recursive sh -c "git config --local --name-only --get-regexp 'http\.https\:\/\/github\.com\/\.extraheader' && git config --local --unset-all 'http.https://github.com/.extraheader' || :"
tests	Run actions/checkout@v5	2026-10-03T21:34:31.9874165Z [command]/usr/bin/git config --local --name-only --get-regexp ^includeIf\.gitdir:
tests	Run actions/checkout@v5	2026-10-03T21:34:31.9921293Z [command]/usr/bin/git submodule foreach --recursive git config --local --show-origin --name-only --get-regexp remote.origin.url
tests	Run actions/checkout@v5	2026-10-03T21:34:32.0186802Z [command]/usr/bin/git config --local http.https://github.com/.extraheader AUTHORIZATION: basic ***
tests	Run actions/checkout@v5	2026-10-03T21:34:32.0232327Z ##[endgroup]
tests	Run actions/checkout@v5	2026-10-03T21:34:32.0233800Z ##[group]Fetching the repository
tests	Run actions/checkout@v5	2026-10-03T21:34:32.0242552Z [command]/usr/bin/git -c protocol.version=2 fetch --no-tags --prune --no-recurse-submodules --depth=1 origin +b00581ec8cbabdb6f1edb8b43b3636fc692d9ff8:refs/remotes/pull/4/merge
tests	Run actions/checkout@v5	2026-10-03T21:35:16.0750101Z From https://github.com/Unjuno/concentration-aware-ns
tests	Run actions/checkout@v5	2026-10-03T21:35:16.0752158Z  * [new ref]         b00581ec8cbabdb6f1edb8b43b3636fc692d9ff8 -> pull/4/merge
tests	Run actions/checkout@v5	2026-10-03T21:35:16.0757720Z ##[endgroup]
tests	Run actions/checkout@v5	2026-10-03T21:35:16.0758817Z ##[group]Determining the checkout info
tests	Run actions/checkout@v5	2026-10-03T21:35:16.0759774Z ##[endgroup]
tests	Run actions/checkout@v5	2026-10-03T21:35:16.0764745Z [command]/usr/bin/git sparse-checkout disable
tests	Run actions/checkout@v5	2026-10-03T21:35:16.0824618Z [command]/usr/bin/git config --local --unset-all extensions.worktreeConfig
tests	Run actions/checkout@v5	2026-10-03T21:35:16.0895541Z ##[group]Checking out the ref
tests	Run actions/checkout@v5	2026-10-03T21:35:16.0899406Z [command]/usr/bin/git checkout --progress --force refs/remotes/pull/4/merge
tests	Run actions/checkout@v5	2026-10-03T21:35:17.2086087Z Updating files:  48% (1159/2406)
tests	Run actions/checkout@v5	2026-10-03T21:35:17.3803235Z Updating files:  49% (1179/2406)
tests	Run actions/checkout@v5	2026-10-03T21:35:17.9504218Z Updating files:  50% (1203/2406)
tests	Run actions/checkout@v5	2026-10-03T21:35:18.1413838Z Updating files:  51% (1228/2406)
tests	Run actions/checkout@v5	2026-10-03T21:35:18.1788059Z Updating files:  51% (1245/2406)
tests	Run actions/checkout@v5	2026-10-03T21:35:18.2985420Z Updating files:  52% (1252/2406)
tests	Run actions/checkout@v5	2026-10-03T21:35:18.3177418Z Updating files:  53% (1276/2406)
tests	Run actions/checkout@v5	2026-10-03T21:35:18.4164927Z Updating files:  54% (1300/2406)
tests	Run actions/checkout@v5	2026-10-03T21:35:18.4462970Z Updating files:  55% (1324/2406)
tests	Run actions/checkout@v5	2026-10-03T21:35:18.4486631Z Updating files:  56% (1348/2406)
tests	Run actions/checkout@v5	2026-10-03T21:35:18.4499389Z Updating files:  57% (1372/2406)
tests	Run actions/checkout@v5	2026-10-03T21:35:18.4511231Z Updating files:  58% (1396/2406)
tests	Run actions/checkout@v5	2026-10-03T21:35:18.4521064Z Updating files:  59% (1420/2406)
tests	Run actions/checkout@v5	2026-10-03T21:35:18.4542155Z Updating files:  60% (1444/2406)
tests	Run actions/checkout@v5	2026-10-03T21:35:18.4752555Z Updating files:  61% (1468/2406)
tests	Run actions/checkout@v5	2026-10-03T21:35:18.4772465Z Updating files:  62% (1492/2406)
tests	Run actions/checkout@v5	2026-10-03T21:35:18.9102854Z Updating files:  63% (1516/2406)
tests	Run actions/checkout@v5	2026-10-03T21:35:18.9137756Z Updating files:  64% (1540/2406)
tests	Run actions/checkout@v5	2026-10-03T21:35:18.9150027Z Updating files:  65% (1564/2406)
tests	Run actions/checkout@v5	2026-10-03T21:35:18.9160433Z Updating files:  66% (1588/2406)
tests	Run actions/checkout@v5	2026-10-03T21:35:18.9173223Z Updating files:  67% (1613/2406)
tests	Run actions/checkout@v5	2026-10-03T21:35:18.9224556Z Updating files:  68% (1637/2406)
tests	Run actions/checkout@v5	2026-10-03T21:35:18.9237499Z Updating files:  69% (1661/2406)
tests	Run actions/checkout@v5	2026-10-03T21:35:18.9250346Z Updating files:  70% (1685/2406)
tests	Run actions/checkout@v5	2026-10-03T21:35:18.9264636Z Updating files:  71% (1709/2406)
tests	Run actions/checkout@v5	2026-10-03T21:35:18.9359953Z Updating files:  72% (1733/2406)
tests	Run actions/checkout@v5	2026-10-03T21:35:18.9361588Z Updating files:  73% (1757/2406)
tests	Run actions/checkout@v5	2026-10-03T21:35:18.9362137Z Updating files:  74% (1781/2406)
tests	Run actions/checkout@v5	2026-10-03T21:35:18.9362582Z Updating files:  75% (1805/2406)
tests	Run actions/checkout@v5	2026-10-03T21:35:18.9363055Z Updating files:  76% (1829/2406)
tests	Run actions/checkout@v5	2026-10-03T21:35:18.9363504Z Updating files:  77% (1853/2406)
tests	Run actions/checkout@v5	2026-10-03T21:35:18.9377140Z Updating files:  78% (1877/2406)
tests	Run actions/checkout@v5	2026-10-03T21:35:18.9391813Z Updating files:  79% (1901/2406)
tests	Run actions/checkout@v5	2026-10-03T21:35:18.9409993Z Updating files:  80% (1925/2406)
tests	Run actions/checkout@v5	2026-10-03T21:35:18.9423568Z Updating files:  81% (1949/2406)
tests	Run actions/checkout@v5	2026-10-03T21:35:18.9435891Z Updating files:  82% (1973/2406)
tests	Run actions/checkout@v5	2026-10-03T21:35:18.9448044Z Updating files:  83% (1997/2406)
tests	Run actions/checkout@v5	2026-10-03T21:35:18.9462373Z Updating files:  84% (2022/2406)
tests	Run actions/checkout@v5	2026-10-03T21:35:18.9474645Z Updating files:  85% (2046/2406)
tests	Run actions/checkout@v5	2026-10-03T21:35:18.9484876Z Updating files:  86% (2070/2406)
tests	Run actions/checkout@v5	2026-10-03T21:35:18.9497069Z Updating files:  87% (2094/2406)
tests	Run actions/checkout@v5	2026-10-03T21:35:18.9508254Z Updating files:  88% (2118/2406)
tests	Run actions/checkout@v5	2026-10-03T21:35:18.9523293Z Updating files:  89% (2142/2406)
tests	Run actions/checkout@v5	2026-10-03T21:35:18.9536704Z Updating files:  90% (2166/2406)
tests	Run actions/checkout@v5	2026-10-03T21:35:18.9550725Z Updating files:  91% (2190/2406)
tests	Run actions/checkout@v5	2026-10-03T21:35:18.9564264Z Updating files:  92% (2214/2406)
tests	Run actions/checkout@v5	2026-10-03T21:35:18.9577760Z Updating files:  93% (2238/2406)
tests	Run actions/checkout@v5	2026-10-03T21:35:18.9590207Z Updating files:  94% (2262/2406)
tests	Run actions/checkout@v5	2026-10-03T21:35:18.9603464Z Updating files:  95% (2286/2406)
tests	Run actions/checkout@v5	2026-10-03T21:35:18.9617955Z Updating files:  96% (2310/2406)
tests	Run actions/checkout@v5	2026-10-03T21:35:18.9635245Z Updating files:  97% (2334/2406)
tests	Run actions/checkout@v5	2026-10-03T21:35:18.9648247Z Updating files:  98% (2358/2406)
tests	Run actions/checkout@v5	2026-10-03T21:35:18.9669643Z Updating files:  99% (2382/2406)
tests	Run actions/checkout@v5	2026-10-03T21:35:18.9670564Z Updating files: 100% (2406/2406)
tests	Run actions/checkout@v5	2026-10-03T21:35:18.9671060Z Updating files: 100% (2406/2406), done.
tests	Run actions/checkout@v5	2026-10-03T21:35:19.0777193Z Note: switching to 'refs/remotes/pull/4/merge'.
tests	Run actions/checkout@v5	2026-10-03T21:35:19.0778201Z 
tests	Run actions/checkout@v5	2026-10-03T21:35:19.0778997Z You are in 'detached HEAD' state. You can look around, make experimental
tests	Run actions/checkout@v5	2026-10-03T21:35:19.0779915Z changes and commit them, and you can discard any commits you make in this
tests	Run actions/checkout@v5	2026-10-03T21:35:19.0780700Z state without impacting any branches by switching back to a branch.
tests	Run actions/checkout@v5	2026-10-03T21:35:19.0781130Z 
tests	Run actions/checkout@v5	2026-10-03T21:35:19.0781404Z If you want to create a new branch to retain commits you create, you may
tests	Run actions/checkout@v5	2026-10-03T21:35:19.0782123Z do so (now or later) by using -c with the switch command. Example:
tests	Run actions/checkout@v5	2026-10-03T21:35:19.0782537Z 
tests	Run actions/checkout@v5	2026-10-03T21:35:19.0782718Z   git switch -c <new-branch-name>
tests	Run actions/checkout@v5	2026-10-03T21:35:19.0782999Z 
tests	Run actions/checkout@v5	2026-10-03T21:35:19.0783174Z Or undo this operation with:
tests	Run actions/checkout@v5	2026-10-03T21:35:19.0783438Z 
tests	Run actions/checkout@v5	2026-10-03T21:35:19.0783589Z   git switch -
tests	Run actions/checkout@v5	2026-10-03T21:35:19.0783794Z 
tests	Run actions/checkout@v5	2026-10-03T21:35:19.0784137Z Turn off this advice by setting config variable advice.detachedHead to false
tests	Run actions/checkout@v5	2026-10-03T21:35:19.0784650Z 
tests	Run actions/checkout@v5	2026-10-03T21:35:19.0785202Z HEAD is now at b00581e Merge 4d169bf4626b95540304292ef15748c021d44a18 into ef695acc49a7496fc24fae5c24587cd882411231
tests	Run actions/checkout@v5	2026-10-03T21:35:19.1024142Z ##[endgroup]
tests	Run actions/checkout@v5	2026-10-03T21:35:19.1083224Z [command]/usr/bin/git log -1 --format=%H
tests	Run actions/checkout@v5	2026-10-03T21:35:19.1114023Z b00581ec8cbabdb6f1edb8b43b3636fc692d9ff8
tests	Run actions/setup-python@v6	﻿2026-10-03T21:35:19.1399384Z ##[group]Run actions/setup-python@v6
tests	Run actions/setup-python@v6	2026-10-03T21:35:19.1399705Z with:
tests	Run actions/setup-python@v6	2026-10-03T21:35:19.1399923Z   python-version: 3.12
tests	Run actions/setup-python@v6	2026-10-03T21:35:19.1400157Z   cache: pip
tests	Run actions/setup-python@v6	2026-10-03T21:35:19.1400641Z   cache-dependency-path: requirements-verification-locked.txt
tests	Run actions/setup-python@v6	requirements-verification.txt
tests	Run actions/setup-python@v6	requirements.txt
tests	Run actions/setup-python@v6	
tests	Run actions/setup-python@v6	2026-10-03T21:35:19.1401200Z   check-latest: false
tests	Run actions/setup-python@v6	2026-10-03T21:35:19.1403700Z   token: ***
tests	Run actions/setup-python@v6	2026-10-03T21:35:19.1403938Z   update-environment: true
tests	Run actions/setup-python@v6	2026-10-03T21:35:19.1404207Z   allow-prereleases: false
tests	Run actions/setup-python@v6	2026-10-03T21:35:19.1404445Z   freethreaded: false
tests	Run actions/setup-python@v6	2026-10-03T21:35:19.1404693Z ##[endgroup]
tests	Run actions/setup-python@v6	2026-10-03T21:35:19.2736335Z ##[group]Installed versions
tests	Run actions/setup-python@v6	2026-10-03T21:35:19.2815195Z Successfully set up CPython (3.12.14)
tests	Run actions/setup-python@v6	2026-10-03T21:35:19.2815908Z ##[endgroup]
tests	Run actions/setup-python@v6	2026-10-03T21:35:19.3149349Z [command]/opt/hostedtoolcache/Python/3.12.14/x64/bin/pip cache dir
tests	Run actions/setup-python@v6	2026-10-03T21:35:19.5746985Z /home/runner/.cache/pip
tests	Run actions/setup-python@v6	2026-10-03T21:35:19.7370962Z Cache hit for: setup-python-Linux-x64-24.04-Ubuntu-python-3.12.14-pip-5f4e781715e33cf21fbc43ceea11f16c62135891d37dc8a30a40905d497df7cf
tests	Run actions/setup-python@v6	2026-10-03T21:35:20.8525943Z Received 87898380 of 87898380 (100.0%), 87.8 MBs/sec
tests	Run actions/setup-python@v6	2026-10-03T21:35:20.8526648Z Cache Size: ~84 MB (87898380 B)
tests	Run actions/setup-python@v6	2026-10-03T21:35:20.8555012Z [command]/usr/bin/tar -xf /home/runner/work/_temp/7affd8a3-2b6a-4596-bfea-5c739f1fada5/cache.tzst -P -C /home/runner/work/concentration-aware-ns/concentration-aware-ns --use-compress-program unzstd
tests	Run actions/setup-python@v6	2026-10-03T21:35:21.2927173Z Cache restored successfully
tests	Run actions/setup-python@v6	2026-10-03T21:35:21.2978734Z Cache restored from key: setup-python-Linux-x64-24.04-Ubuntu-python-3.12.14-pip-5f4e781715e33cf21fbc43ceea11f16c62135891d37dc8a30a40905d497df7cf
tests	Install verification dependencies	﻿2026-10-03T21:35:21.3214466Z ##[group]Run python -m pip install -r requirements-verification-locked.txt
tests	Install verification dependencies	2026-10-03T21:35:21.3215128Z ^[[36;1mpython -m pip install -r requirements-verification-locked.txt^[[0m
tests	Install verification dependencies	2026-10-03T21:35:21.3463302Z shell: /usr/bin/bash -e {0}
tests	Install verification dependencies	2026-10-03T21:35:21.3463649Z env:
tests	Install verification dependencies	2026-10-03T21:35:21.3463958Z   pythonLocation: /opt/hostedtoolcache/Python/3.12.14/x64
tests	Install verification dependencies	2026-10-03T21:35:21.3464457Z   PKG_CONFIG_PATH: /opt/hostedtoolcache/Python/3.12.14/x64/lib/pkgconfig
tests	Install verification dependencies	2026-10-03T21:35:21.3464948Z   Python_ROOT_DIR: /opt/hostedtoolcache/Python/3.12.14/x64
tests	Install verification dependencies	2026-10-03T21:35:21.3465382Z   Python2_ROOT_DIR: /opt/hostedtoolcache/Python/3.12.14/x64
tests	Install verification dependencies	2026-10-03T21:35:21.3465792Z   Python3_ROOT_DIR: /opt/hostedtoolcache/Python/3.12.14/x64
tests	Install verification dependencies	2026-10-03T21:35:21.3466201Z   LD_LIBRARY_PATH: /opt/hostedtoolcache/Python/3.12.14/x64/lib
tests	Install verification dependencies	2026-10-03T21:35:21.3466561Z ##[endgroup]
tests	Install verification dependencies	2026-10-03T21:35:22.0286438Z Collecting numpy<3,>=1.26 (from -r /home/runner/work/concentration-aware-ns/concentration-aware-ns/requirements.txt (line 1))
tests	Install verification dependencies	2026-10-03T21:35:22.0308685Z   Using cached numpy-2.5.3-cp312-cp312-manylinux_2_27_x86_64.manylinux_2_28_x86_64.whl.metadata (6.6 kB)
tests	Install verification dependencies	2026-10-03T21:35:22.0386605Z Collecting sympy==1.14.0 (from -r /home/runner/work/concentration-aware-ns/concentration-aware-ns/requirements-verification.txt (line 2))
tests	Install verification dependencies	2026-10-03T21:35:22.0399592Z   Using cached sympy-1.14.0-py3-none-any.whl.metadata (12 kB)
tests	Install verification dependencies	2026-10-03T21:35:22.1413245Z Collecting scipy==1.16.2 (from -r /home/runner/work/concentration-aware-ns/concentration-aware-ns/requirements-verification.txt (line 3))
tests	Install verification dependencies	2026-10-03T21:35:22.1426874Z   Using cached scipy-1.16.2-cp312-cp312-manylinux2014_x86_64.manylinux_2_17_x86_64.whl.metadata (62 kB)
tests	Install verification dependencies	2026-10-03T21:35:22.1697397Z Collecting python-flint==0.9.0 (from -r /home/runner/work/concentration-aware-ns/concentration-aware-ns/requirements-verification.txt (line 4))
tests	Install verification dependencies	2026-10-03T21:35:22.1708559Z   Using cached python_flint-0.9.0-cp310-abi3-manylinux2014_x86_64.manylinux_2_17_x86_64.whl.metadata (23 kB)
tests	Install verification dependencies	2026-10-03T21:35:22.1872267Z Collecting pytest==9.1.1 (from -r /home/runner/work/concentration-aware-ns/concentration-aware-ns/requirements-verification.txt (line 5))
tests	Install verification dependencies	2026-10-03T21:35:22.1883646Z   Using cached pytest-9.1.1-py3-none-any.whl.metadata (7.6 kB)
tests	Install verification dependencies	2026-10-03T21:35:22.1920370Z Collecting numpy<3,>=1.26 (from -r /home/runner/work/concentration-aware-ns/concentration-aware-ns/requirements.txt (line 1))
tests	Install verification dependencies	2026-10-03T21:35:22.1932345Z   Using cached numpy-2.5.2-cp312-cp312-manylinux_2_27_x86_64.manylinux_2_28_x86_64.whl.metadata (6.6 kB)
tests	Install verification dependencies	2026-10-03T21:35:22.2017879Z Collecting mpmath==1.3.0 (from -r requirements-verification-locked.txt (line 5))
tests	Install verification dependencies	2026-10-03T21:35:22.2029324Z   Using cached mpmath-1.3.0-py3-none-any.whl.metadata (8.6 kB)
tests	Install verification dependencies	2026-10-03T21:35:22.2081201Z Collecting iniconfig==2.3.0 (from -r requirements-verification-locked.txt (line 7))
tests	Install verification dependencies	2026-10-03T21:35:22.2093151Z   Using cached iniconfig-2.3.0-py3-none-any.whl.metadata (2.5 kB)
tests	Install verification dependencies	2026-10-03T21:35:22.2162677Z Collecting packaging==26.3 (from -r requirements-verification-locked.txt (line 8))
tests	Install verification dependencies	2026-10-03T21:35:22.2174527Z   Using cached packaging-26.3-py3-none-any.whl.metadata (3.5 kB)
tests	Install verification dependencies	2026-10-03T21:35:22.2223600Z Collecting pluggy==1.6.0 (from -r requirements-verification-locked.txt (line 9))
tests	Install verification dependencies	2026-10-03T21:35:22.2234881Z   Using cached pluggy-1.6.0-py3-none-any.whl.metadata (4.8 kB)
tests	Install verification dependencies	2026-10-03T21:35:22.2326570Z Collecting Pygments==2.21.0 (from -r requirements-verification-locked.txt (line 10))
tests	Install verification dependencies	2026-10-03T21:35:22.2338026Z   Using cached pygments-2.21.0-py3-none-any.whl.metadata (2.5 kB)
tests	Install verification dependencies	2026-10-03T21:35:22.2430851Z Using cached numpy-2.5.2-cp312-cp312-manylinux_2_27_x86_64.manylinux_2_28_x86_64.whl (16.7 MB)
tests	Install verification dependencies	2026-10-03T21:35:22.2505257Z Using cached sympy-1.14.0-py3-none-any.whl (6.3 MB)
tests	Install verification dependencies	2026-10-03T21:35:22.2538664Z Using cached mpmath-1.3.0-py3-none-any.whl (536 kB)
tests	Install verification dependencies	2026-10-03T21:35:22.2552149Z Using cached scipy-1.16.2-cp312-cp312-manylinux2014_x86_64.manylinux_2_17_x86_64.whl (35.7 MB)
tests	Install verification dependencies	2026-10-03T21:35:22.2684636Z Using cached python_flint-0.9.0-cp310-abi3-manylinux2014_x86_64.manylinux_2_17_x86_64.whl (10.1 MB)
tests	Install verification dependencies	2026-10-03T21:35:22.2730411Z Using cached pytest-9.1.1-py3-none-any.whl (386 kB)
tests	Install verification dependencies	2026-10-03T21:35:22.2743433Z Using cached pluggy-1.6.0-py3-none-any.whl (20 kB)
tests	Install verification dependencies	2026-10-03T21:35:22.2754777Z Using cached iniconfig-2.3.0-py3-none-any.whl (7.5 kB)
tests	Install verification dependencies	2026-10-03T21:35:22.2765442Z Using cached packaging-26.3-py3-none-any.whl (129 kB)
tests	Install verification dependencies	2026-10-03T21:35:22.2776776Z Using cached pygments-2.21.0-py3-none-any.whl (1.3 MB)
tests	Install verification dependencies	2026-10-03T21:35:22.4612375Z Installing collected packages: mpmath, sympy, python-flint, Pygments, pluggy, packaging, numpy, iniconfig, scipy, pytest
tests	Install verification dependencies	2026-10-03T21:35:36.3391519Z 
tests	Install verification dependencies	2026-10-03T21:35:36.3407792Z Successfully installed Pygments-2.21.0 iniconfig-2.3.0 mpmath-1.3.0 numpy-2.5.2 packaging-26.3 pluggy-1.6.0 pytest-9.1.1 python-flint-0.9.0 scipy-1.16.2 sympy-1.14.0
tests	Run Python test suite	﻿2026-10-03T21:35:36.4140911Z ##[group]Run python -m pytest -q tests
tests	Run Python test suite	2026-10-03T21:35:36.4141294Z ^[[36;1mpython -m pytest -q tests^[[0m
tests	Run Python test suite	2026-10-03T21:35:36.4214623Z shell: /usr/bin/bash -e {0}
tests	Run Python test suite	2026-10-03T21:35:36.4214918Z env:
tests	Run Python test suite	2026-10-03T21:35:36.4215206Z   pythonLocation: /opt/hostedtoolcache/Python/3.12.14/x64
tests	Run Python test suite	2026-10-03T21:35:36.4215679Z   PKG_CONFIG_PATH: /opt/hostedtoolcache/Python/3.12.14/x64/lib/pkgconfig
tests	Run Python test suite	2026-10-03T21:35:36.4216127Z   Python_ROOT_DIR: /opt/hostedtoolcache/Python/3.12.14/x64
tests	Run Python test suite	2026-10-03T21:35:36.4216523Z   Python2_ROOT_DIR: /opt/hostedtoolcache/Python/3.12.14/x64
tests	Run Python test suite	2026-10-03T21:35:36.4216920Z   Python3_ROOT_DIR: /opt/hostedtoolcache/Python/3.12.14/x64
tests	Run Python test suite	2026-10-03T21:35:36.4217307Z   LD_LIBRARY_PATH: /opt/hostedtoolcache/Python/3.12.14/x64/lib
tests	Run Python test suite	2026-10-03T21:35:36.4217842Z ##[endgroup]
tests	Run Python test suite	2026-10-03T21:35:42.2258855Z .............................................. [ 12%]
tests	Run Python test suite	2026-10-03T21:36:29.4469041Z .................................................................... [ 30%]
tests	Run Python test suite	2026-10-03T21:37:45.5671485Z ................................................................. [ 48%]
tests	Run Python test suite	2026-10-03T21:38:34.4893489Z ............................................................................................ [ 72%]
tests	Run Python test suite	2026-10-03T21:38:35.8690672Z ..................s..................................................... [ 92%]
tests	Run Python test suite	2026-10-03T21:38:40.6063442Z .............................                                            [100%]
tests	Run Python test suite	2026-10-03T21:38:40.6064086Z 371 passed, 1 skipped, 89 subtests passed in 183.83s (0:03:03)
tests	Recheck published native samples and analytic enclosures	﻿2026-10-03T21:38:40.8178674Z ##[group]Run mkdir -p work
tests	Recheck published native samples and analytic enclosures	2026-10-03T21:38:40.8179043Z ^[[36;1mmkdir -p work^[[0m
tests	Recheck published native samples and analytic enclosures	2026-10-03T21:38:40.8180180Z ^[[36;1mpython -c "import sys,json,platform,flint,numpy; print(json.dumps({'python':sys.version,'platform':platform.platform(),'machine':platform.machine(),'python_flint':flint.__version__,'flint':flint.__FLINT_VERSION__,'numpy':numpy.__version__},indent=2))" > work/published-cell-point-matrix-environment.json^[[0m
tests	Recheck published native samples and analytic enclosures	2026-10-03T21:38:40.8181911Z ^[[36;1mpython -m tools.verify_published_cell_point_matrix --output work/published-cell-point-matrix-verification --source-commit "$GITHUB_SHA" > work/published-cell-point-matrix-verification.log 2>&1^[[0m
tests	Recheck published native samples and analytic enclosures	2026-10-03T21:38:40.8182982Z ^[[36;1mpython -m tools.check_cell_point_dyadic_receipts --output work/published-cell-point-dyadic-scalar.json^[[0m
tests	Recheck published native samples and analytic enclosures	2026-10-03T21:38:40.8253412Z shell: /usr/bin/bash -e {0}
tests	Recheck published native samples and analytic enclosures	2026-10-03T21:38:40.8253681Z env:
tests	Recheck published native samples and analytic enclosures	2026-10-03T21:38:40.8253973Z   pythonLocation: /opt/hostedtoolcache/Python/3.12.14/x64
tests	Recheck published native samples and analytic enclosures	2026-10-03T21:38:40.8254426Z   PKG_CONFIG_PATH: /opt/hostedtoolcache/Python/3.12.14/x64/lib/pkgconfig
tests	Recheck published native samples and analytic enclosures	2026-10-03T21:38:40.8254904Z   Python_ROOT_DIR: /opt/hostedtoolcache/Python/3.12.14/x64
tests	Recheck published native samples and analytic enclosures	2026-10-03T21:38:40.8255285Z   Python2_ROOT_DIR: /opt/hostedtoolcache/Python/3.12.14/x64
tests	Recheck published native samples and analytic enclosures	2026-10-03T21:38:40.8255661Z   Python3_ROOT_DIR: /opt/hostedtoolcache/Python/3.12.14/x64
tests	Recheck published native samples and analytic enclosures	2026-10-03T21:38:40.8256044Z   LD_LIBRARY_PATH: /opt/hostedtoolcache/Python/3.12.14/x64/lib
tests	Recheck published native samples and analytic enclosures	2026-10-03T21:38:40.8256374Z ##[endgroup]
tests	Recheck published native samples and analytic enclosures	2026-10-03T21:38:41.7895617Z EXACT_RATIONAL_DYADIC_SCALAR_CHAIN_VERIFIED
tests	Preserve published-matrix verification evidence	﻿2026-10-03T21:38:41.8063487Z ##[group]Run actions/upload-artifact@v4
tests	Preserve published-matrix verification evidence	2026-10-03T21:38:41.8063827Z with:
tests	Preserve published-matrix verification evidence	2026-10-03T21:38:41.8064257Z   name: published-cell-point-matrix-verification-4d169bf4626b95540304292ef15748c021d44a18
tests	Preserve published-matrix verification evidence	2026-10-03T21:38:41.8065364Z   path: work/published-cell-point-matrix-verification/
tests	Preserve published-matrix verification evidence	work/published-cell-point-matrix-verification.log
tests	Preserve published-matrix verification evidence	work/published-cell-point-matrix-environment.json
tests	Preserve published-matrix verification evidence	work/published-cell-point-dyadic-scalar.json
tests	Preserve published-matrix verification evidence	
tests	Preserve published-matrix verification evidence	2026-10-03T21:38:41.8066243Z   if-no-files-found: warn
tests	Preserve published-matrix verification evidence	2026-10-03T21:38:41.8066494Z   retention-days: 90
tests	Preserve published-matrix verification evidence	2026-10-03T21:38:41.8066721Z   compression-level: 6
tests	Preserve published-matrix verification evidence	2026-10-03T21:38:41.8066948Z   overwrite: false
tests	Preserve published-matrix verification evidence	2026-10-03T21:38:41.8067173Z   include-hidden-files: false
tests	Preserve published-matrix verification evidence	2026-10-03T21:38:41.8067417Z env:
tests	Preserve published-matrix verification evidence	2026-10-03T21:38:41.8067915Z   pythonLocation: /opt/hostedtoolcache/Python/3.12.14/x64
tests	Preserve published-matrix verification evidence	2026-10-03T21:38:41.8068351Z   PKG_CONFIG_PATH: /opt/hostedtoolcache/Python/3.12.14/x64/lib/pkgconfig
tests	Preserve published-matrix verification evidence	2026-10-03T21:38:41.8068776Z   Python_ROOT_DIR: /opt/hostedtoolcache/Python/3.12.14/x64
tests	Preserve published-matrix verification evidence	2026-10-03T21:38:41.8069206Z   Python2_ROOT_DIR: /opt/hostedtoolcache/Python/3.12.14/x64
tests	Preserve published-matrix verification evidence	2026-10-03T21:38:41.8069576Z   Python3_ROOT_DIR: /opt/hostedtoolcache/Python/3.12.14/x64
tests	Preserve published-matrix verification evidence	2026-10-03T21:38:41.8069946Z   LD_LIBRARY_PATH: /opt/hostedtoolcache/Python/3.12.14/x64/lib
tests	Preserve published-matrix verification evidence	2026-10-03T21:38:41.8070280Z ##[endgroup]
tests	Preserve published-matrix verification evidence	2026-10-03T21:38:41.9762545Z (node:2481) [DEP0040] DeprecationWarning: The `punycode` module is deprecated. Please use a userland alternative instead.
tests	Preserve published-matrix verification evidence	2026-10-03T21:38:41.9763327Z (Use `node --trace-deprecation ...` to show where the warning was created)
tests	Preserve published-matrix verification evidence	2026-10-03T21:38:41.9924641Z Multiple search paths detected. Calculating the least common ancestor of all paths
tests	Preserve published-matrix verification evidence	2026-10-03T21:38:41.9927813Z The least common ancestor is /home/runner/work/concentration-aware-ns/concentration-aware-ns/work. This will be the root directory of the artifact
tests	Preserve published-matrix verification evidence	2026-10-03T21:38:41.9929026Z With the provided path, there will be 43 files uploaded
tests	Preserve published-matrix verification evidence	2026-10-03T21:38:41.9934214Z Artifact name is valid!
tests	Preserve published-matrix verification evidence	2026-10-03T21:38:41.9934694Z Root directory input is valid!
tests	Preserve published-matrix verification evidence	2026-10-03T21:38:42.2742121Z Beginning upload of artifact content to blob storage
tests	Preserve published-matrix verification evidence	2026-10-03T21:38:42.3403396Z (node:2481) [DEP0169] DeprecationWarning: `url.parse()` behavior is not standardized and prone to errors that have security implications. Use the WHATWG URL API instead. CVEs are not issued for `url.parse()` vulnerabilities.
tests	Preserve published-matrix verification evidence	2026-10-03T21:38:42.5251456Z Uploaded bytes 66258
tests	Preserve published-matrix verification evidence	2026-10-03T21:38:42.5641004Z Finished uploading artifact content to blob storage!
tests	Preserve published-matrix verification evidence	2026-10-03T21:38:42.5642110Z SHA256 digest of uploaded artifact zip is 9173850bb5ea489516ea7747ce32ada8e6edf032c37878a6b741f293ce041211
tests	Preserve published-matrix verification evidence	2026-10-03T21:38:42.5644466Z Finalizing artifact upload
tests	Preserve published-matrix verification evidence	2026-10-03T21:38:42.8105269Z Artifact published-cell-point-matrix-verification-4d169bf4626b95540304292ef15748c021d44a18.zip successfully finalized. Artifact ID 11285747132
tests	Preserve published-matrix verification evidence	2026-10-03T21:38:42.8107354Z Artifact published-cell-point-matrix-verification-4d169bf4626b95540304292ef15748c021d44a18 has been successfully uploaded! Final size is 66258 bytes. Artifact ID is 11285747132
tests	Preserve published-matrix verification evidence	2026-10-03T21:38:42.8112895Z Artifact download URL: https://github.com/Unjuno/concentration-aware-ns/actions/runs/37155563101/artifacts/11285747132
tests	Post Run actions/setup-python@v6	﻿2026-10-03T21:38:42.8311053Z Post job cleanup.
tests	Post Run actions/setup-python@v6	2026-10-03T21:38:42.9542801Z Cache hit occurred on the primary key setup-python-Linux-x64-24.04-Ubuntu-python-3.12.14-pip-5f4e781715e33cf21fbc43ceea11f16c62135891d37dc8a30a40905d497df7cf, not saving cache.
tests	Post Run actions/checkout@v5	﻿2026-10-03T21:38:42.9673104Z Post job cleanup.
tests	Post Run actions/checkout@v5	2026-10-03T21:38:43.0558960Z [command]/usr/bin/git version
tests	Post Run actions/checkout@v5	2026-10-03T21:38:43.0603528Z git version 2.55.0
tests	Post Run actions/checkout@v5	2026-10-03T21:38:43.0641607Z Temporarily overriding HOME='/home/runner/work/_temp/0300ecf5-75c8-42fb-9ff5-7ee9b4662008' before making global git config changes
tests	Post Run actions/checkout@v5	2026-10-03T21:38:43.0642922Z Adding repository directory to the temporary git global config as a safe directory
tests	Post Run actions/checkout@v5	2026-10-03T21:38:43.0647087Z [command]/usr/bin/git config --global --add safe.directory /home/runner/work/concentration-aware-ns/concentration-aware-ns
tests	Post Run actions/checkout@v5	2026-10-03T21:38:43.0690515Z [command]/usr/bin/git config --local --name-only --get-regexp core\.sshCommand
tests	Post Run actions/checkout@v5	2026-10-03T21:38:43.0730430Z [command]/usr/bin/git submodule foreach --recursive sh -c "git config --local --name-only --get-regexp 'core\.sshCommand' && git config --local --unset-all 'core.sshCommand' || :"
tests	Post Run actions/checkout@v5	2026-10-03T21:38:43.1014146Z [command]/usr/bin/git config --local --name-only --get-regexp http\.https\:\/\/github\.com\/\.extraheader
tests	Post Run actions/checkout@v5	2026-10-03T21:38:43.1046963Z http.https://github.com/.extraheader
tests	Post Run actions/checkout@v5	2026-10-03T21:38:43.1058182Z [command]/usr/bin/git config --local --unset-all http.https://github.com/.extraheader
tests	Post Run actions/checkout@v5	2026-10-03T21:38:43.1100346Z [command]/usr/bin/git submodule foreach --recursive sh -c "git config --local --name-only --get-regexp 'http\.https\:\/\/github\.com\/\.extraheader' && git config --local --unset-all 'http.https://github.com/.extraheader' || :"
tests	Post Run actions/checkout@v5	2026-10-03T21:38:43.1377217Z [command]/usr/bin/git config --local --name-only --get-regexp ^includeIf\.gitdir:
tests	Post Run actions/checkout@v5	2026-10-03T21:38:43.1419929Z [command]/usr/bin/git submodule foreach --recursive git config --local --show-origin --name-only --get-regexp remote.origin.url
tests	Complete job	﻿2026-10-03T21:38:43.1856781Z Cleaning up orphan processes
tests	Complete job	2026-10-03T21:38:43.2172736Z ##[warning]Node.js 20 is deprecated. The following actions target Node.js 20 but are being forced to run on Node.js 24: actions/upload-artifact@v4. For more information see: https://github.blog/changelog/2025-09-19-deprecation-of-node-20-on-github-actions-runners/
