{
  "scope": "Focused deterministic reproduction of odd-width radial-spectrum asymmetry; not a full PhysicsNeMo test suite.",
  "upstream_issue": "https://github.com/NVIDIA/physicsnemo/issues/2007",
  "upstream_fix_pr": "https://github.com/NVIDIA/physicsnemo/pull/2008",
  "source_file": "evidence/physicsnemo-spectrum-fix-controls-2026-10-04/zero-spectrum-control.py",
  "source_reference": "Deliberately invalid local zero-spectrum control",
  "source_file_sha256": "bdb3c91c43a5fd4183d266a07dcb23ff3fb3d6efd9534c744fd9696adc5e05d7",
  "torch_version": "2.11.0",
  "device": "CPU",
  "results": {
    "32": {
      "height_wave_peak": {
        "index": 0,
        "power": 0.0,
        "bins": [
          0.0,
          0.0
        ]
      },
      "width_wave_peak": {
        "index": 0,
        "power": 0.0,
        "bins": [
          0.0,
          0.0
        ]
      },
      "height_vs_width_peak_equal": true,
      "height_vs_width_spectrum_allclose": true
    },
    "33": {
      "height_wave_peak": {
        "index": 0,
        "power": 0.0,
        "bins": [
          0.0,
          0.0
        ]
      },
      "width_wave_peak": {
        "index": 0,
        "power": 0.0,
        "bins": [
          0.0,
          0.0
        ]
      },
      "height_vs_width_peak_equal": true,
      "height_vs_width_spectrum_allclose": true
    },
    "transpose_controls": {
      "odd_33x33_max_abs_difference": 0.0,
      "odd_33x33_allclose": true,
      "even_32x32_max_abs_difference": 0.0,
      "even_32x32_allclose": true
    }
  },
  "reproduced": false,
  "all_fix_controls_pass": false,
  "fix_rule": "Positive finite spectra and all even/odd axis and transpose controls must pass; absence of the old failure pattern alone is insufficient.",
  "expected_outcome": "fix_suppresses_defect",
  "expectation_met": false
}
