/*---------------------------------------------------------------------------*\
  =========                 |
  \\      /  F ield         | OpenFOAM: The Open Source CFD Toolbox
   \\    /   O peration     | Website:  https://openfoam.org
    \\  /    A nd           | Version:  13
     \\/     M anipulation  |
\*---------------------------------------------------------------------------*/
Build  : 13-18870c24d21c
Exec   : /probe/cansCellPointQueryProbe
Date   : Oct 03 2026
Time   : 19:11:39
Host   : "c04488fcb05a"
PID    : 328
I/O    : uncollated
Case   : //case
nProcs : 1
sigFpe : Floating point exception trapping - not supported on this platform
fileModificationChecking : Monitoring run-time modified files using timeStampMaster (fileModificationSkew 10)
allowSystemOperations : Allowing user-supplied system call operations

// * * * * * * * * * * * * * * * * * * * * * * * * * * * * * * * * * * * * * //
Create time

Selecting fvMeshTopoChanger refiner

Foam::cellPointWeight::findTetrahedron
position = (0.2699806186678728 6.062292073724055 0.2699806186678728)
celli = 5332

Foam::cellPointWeight::findTetrahedron
position = (0.2699806186678728 6.062292073724055 0.2699806186678728)
celli = 5332

Foam::cellPointWeight::findTetrahedron
position = (0.2660743686678728 6.062292073724055 0.2699806186678728)
celli = 5332

Foam::cellPointWeight::findTetrahedron
position = (0.2660743686678728 6.062292073724055 0.2699806186678728)
celli = 5332

Foam::cellPointWeight::findTetrahedron
position = (0.2738868686678728 6.062292073724055 0.2699806186678728)
celli = 5332

Foam::cellPointWeight::findTetrahedron
position = (0.2738868686678728 6.062292073724055 0.2699806186678728)
celli = 5332

Foam::cellPointWeight::findTetrahedron
position = (0.2699806186678728 6.058385823724055 0.2699806186678728)
celli = 5332

Foam::cellPointWeight::findTetrahedron
position = (0.2699806186678728 6.058385823724055 0.2699806186678728)
celli = 5332

Foam::cellPointWeight::findTetrahedron
position = (0.2699806186678728 6.066198323724055 0.2699806186678728)
celli = 5332

Foam::cellPointWeight::findTetrahedron
position = (0.2699806186678728 6.066198323724055 0.2699806186678728)
celli = 5332

Foam::cellPointWeight::findTetrahedron
position = (0.2699806186678728 6.062292073724055 0.2660743686678728)
celli = 5332

Foam::cellPointWeight::findTetrahedron
position = (0.2699806186678728 6.062292073724055 0.2660743686678728)
celli = 5332

Foam::cellPointWeight::findTetrahedron
position = (0.2699806186678728 6.062292073724055 0.2738868686678728)
celli = 5332

Foam::cellPointWeight::findTetrahedron
position = (0.2699806186678728 6.062292073724055 0.2738868686678728)
celli = 5332

Foam::cellPointWeight::findTetrahedron
position = (0.2697364780428728 6.062292073724055 0.2699806186678728)
celli = 5332

Foam::cellPointWeight::findTetrahedron
position = (0.2697364780428728 6.062292073724055 0.2699806186678728)
celli = 5332

Foam::cellPointWeight::findTetrahedron
position = (0.2702247592928728 6.062292073724055 0.2699806186678728)
celli = 5332

Foam::cellPointWeight::findTetrahedron
position = (0.2702247592928728 6.062292073724055 0.2699806186678728)
celli = 5332

Foam::cellPointWeight::findTetrahedron
position = (0.2699806186678728 6.062047933099055 0.2699806186678728)
celli = 5332

Foam::cellPointWeight::findTetrahedron
position = (0.2699806186678728 6.062047933099055 0.2699806186678728)
celli = 5332

Foam::cellPointWeight::findTetrahedron
position = (0.2699806186678728 6.062536214349055 0.2699806186678728)
celli = 5332

Foam::cellPointWeight::findTetrahedron
position = (0.2699806186678728 6.062536214349055 0.2699806186678728)
celli = 5332

Foam::cellPointWeight::findTetrahedron
position = (0.2699806186678728 6.062292073724055 0.2697364780428728)
celli = 5332

Foam::cellPointWeight::findTetrahedron
position = (0.2699806186678728 6.062292073724055 0.2697364780428728)
celli = 5332

Foam::cellPointWeight::findTetrahedron
position = (0.2699806186678728 6.062292073724055 0.2702247592928728)
celli = 5332

Foam::cellPointWeight::findTetrahedron
position = (0.2699806186678728 6.062292073724055 0.2702247592928728)
celli = 5332

Foam::cellPointWeight::findTetrahedron
position = (0.2699653598788103 6.062292073724055 0.2699806186678728)
celli = 5332

Foam::cellPointWeight::findTetrahedron
position = (0.2699653598788103 6.062292073724055 0.2699806186678728)
celli = 5332

Foam::cellPointWeight::findTetrahedron
position = (0.2699958774569353 6.062292073724055 0.2699806186678728)
celli = 5332

Foam::cellPointWeight::findTetrahedron
position = (0.2699958774569353 6.062292073724055 0.2699806186678728)
celli = 5332

Foam::cellPointWeight::findTetrahedron
position = (0.2699806186678728 6.062276814934992 0.2699806186678728)
celli = 5332

Foam::cellPointWeight::findTetrahedron
position = (0.2699806186678728 6.062276814934992 0.2699806186678728)
celli = 5332

Foam::cellPointWeight::findTetrahedron
position = (0.2699806186678728 6.062307332513117 0.2699806186678728)
celli = 5332

Foam::cellPointWeight::findTetrahedron
position = (0.2699806186678728 6.062307332513117 0.2699806186678728)
celli = 5332

Foam::cellPointWeight::findTetrahedron
position = (0.2699806186678728 6.062292073724055 0.2699653598788103)
celli = 5332

Foam::cellPointWeight::findTetrahedron
position = (0.2699806186678728 6.062292073724055 0.2699653598788103)
celli = 5332

Foam::cellPointWeight::findTetrahedron
position = (0.2699806186678728 6.062292073724055 0.2699958774569353)
celli = 5332

Foam::cellPointWeight::findTetrahedron
position = (0.2699806186678728 6.062292073724055 0.2699958774569353)
celli = 5332
CELL_POINT_QUERY_REPLAY_COMPLETE queries=19
