#0 building with "orbstack" instance using docker driver

#1 [internal] load build definition from Dockerfile
#1 transferring dockerfile: 1.97kB done
#1 DONE 0.0s

#2 [internal] load metadata for docker.io/library/ubuntu:24.04@sha256:33ceb71981b602c1a7443a53469e4dba065f7503eab3078a2d7a57a2ab987517
#2 DONE 0.0s

#3 [internal] load .dockerignore
#3 transferring context: 2B done
#3 DONE 0.0s

#4 [internal] load build context
#4 DONE 0.0s

#5 [ 1/10] FROM docker.io/library/ubuntu:24.04@sha256:33ceb71981b602c1a7443a53469e4dba065f7503eab3078a2d7a57a2ab987517
#5 resolve docker.io/library/ubuntu:24.04@sha256:33ceb71981b602c1a7443a53469e4dba065f7503eab3078a2d7a57a2ab987517 0.0s done
#5 DONE 0.0s

#6 [ 3/10] RUN python3 -m venv /opt/build-env && /opt/build-env/bin/pip install meson==1.8.2
#6 CACHED

#7 [ 2/10] RUN apt-get update && apt-get install -y --no-install-recommends build-essential ca-certificates curl python3 python3-venv ninja-build pkg-config patch && rm -rf /var/lib/apt/lists/*
#7 CACHED

#8 [ 4/10] RUN curl -fL --retry 3 https://codeload.github.com/su2code/SU2/tar.gz/12eb826f049ef7f67df974dfcb44cf36ee07c0f8 -o /tmp/su2.tar.gz  && echo '316552bdf987a9254093f1179addc2afa2c396c8fe97fbeeae06250dccaea7e4  /tmp/su2.tar.gz' | sha256sum -c -  && mkdir /opt/SU2 && tar -xzf /tmp/su2.tar.gz --strip-components=1 -C /opt/SU2  && curl -fL --retry 3 https://gitlab.com/libeigen/eigen/-/archive/d71c30c47858effcbd39967097a2d99ee48db464/eigen-d71c30c47858effcbd39967097a2d99ee48db464.tar.gz -o /tmp/eigen.tar.gz  && echo 'f1d28c2205d015490a685b1e5a171c434da87f757746724de3cb85e69621dec2  /tmp/eigen.tar.gz' | sha256sum -c -  && tar -xzf /tmp/eigen.tar.gz --strip-components=1 -C /opt/SU2/externals/eigen
#8 CACHED

#4 [internal] load build context
#4 transferring context: 31B done
#4 DONE 0.0s

#9 [ 5/10] RUN curl -fL --retry 3 https://codeload.github.com/pcarruscag/MEL/tar.gz/46205ab019e5224559091375a6d71aabae6bc5b9 -o /tmp/mel.tar.gz  && echo 'e0f7f95ab80d098a2c2bafceefb52e958378302c2150ef7cb9fe2bf4aa81177b  /tmp/mel.tar.gz' | sha256sum -c -  && tar -xzf /tmp/mel.tar.gz --strip-components=1 -C /opt/SU2/externals/mel
#9 0.150   % Total    % Received % Xferd  Average Speed   Time    Time     Time  Current
#9 0.150                                  Dload  Upload   Total   Spent    Left  Speed
#9 0.150   0     0    0     0    0     0      0      0 --:--:-- --:--:-- --:--:--     0100 13894    0 13894    0     0  52347      0 --:--:-- --:--:-- --:--:-- 52430
#9 0.428 /tmp/mel.tar.gz: OK
#9 DONE 0.5s

#10 [ 6/10] WORKDIR /opt/SU2
#10 DONE 0.1s

#11 [ 7/10] RUN python3 preconfigure.py --no-codi --no-medi --no-opdi --no-mpp --no-coolprop --no-mel --no-fado --no-mlpcpp --no-eigen
#11 0.237 git command not found. Using fall-back method to init submodules
#11 DONE 0.3s

#12 [ 8/10] COPY mms.patch /tmp/mms.patch
#12 DONE 0.0s

#13 [ 9/10] RUN patch -p1 < /tmp/mms.patch  && /opt/build-env/bin/meson setup build --prefix=/opt/su2-install -Dwith-mpi=disabled -Denable-cgns=false -Denable-tecio=false -Dcpu-arch=armv8-a  && ninja -C build -j2 install  && dpkg-query -W > /opt/package-versions.txt
#13 0.101 patching file Common/include/toolboxes/MMS/CUserDefinedSolution.hpp
#13 0.101 patching file Common/src/toolboxes/MMS/CUserDefinedSolution.cpp
#13 0.612 The Meson build system
#13 0.612 Version: 1.8.2
#13 0.612 Source dir: /opt/SU2
#13 0.612 Build dir: /opt/SU2/build
#13 0.612 Build type: native build
#13 0.612 Project name: SU2
#13 0.612 Project version: 8.5.0 "Harrier"
#13 0.612 C compiler for the host machine: cc (gcc 13.3.0 "cc (Ubuntu 13.3.0-6ubuntu2~24.04.1) 13.3.0")
#13 0.612 C linker for the host machine: cc ld.bfd 2.42
#13 0.612 C++ compiler for the host machine: c++ (gcc 13.3.0 "c++ (Ubuntu 13.3.0-6ubuntu2~24.04.1) 13.3.0")
#13 0.612 C++ linker for the host machine: c++ ld.bfd 2.42
#13 0.612 Host machine cpu family: aarch64
#13 0.612 Host machine cpu: aarch64
#13 0.612 Program python3 found: YES (/opt/build-env/bin/python3)
#13 0.612 Compiler for C++ supports arguments -Wno-empty-body: YES 
#13 0.612 Compiler for C++ supports arguments -Wno-ignored-qualifiers: YES 
#13 0.612 Compiler for C++ supports arguments -Wno-unused-parameter: YES 
#13 0.612 Compiler for C++ supports arguments -Wno-deprecated-declarations: YES 
#13 0.612 Compiler for C++ supports arguments -Wno-error=cast-function-type: YES 
#13 0.612 Compiler for C++ supports arguments -Wno-cast-function-type: YES 
#13 0.612 Compiler for C++ supports arguments -Wno-error=stringop-truncation: YES 
#13 0.612 Compiler for C++ supports arguments -Wno-stringop-truncation: YES 
#13 0.612 Compiler for C++ supports arguments -Wno-error=missing-field-initializers: YES 
#13 0.612 Compiler for C++ supports arguments -Wno-missing-field-initializers: YES 
#13 0.612 Compiler for C++ supports arguments -Wno-error=class-memaccess: YES 
#13 0.612 Compiler for C++ supports arguments -Wno-class-memaccess: YES 
#13 0.612 Compiler for C++ supports arguments -Wno-overloaded-virtual: YES 
#13 0.612 Compiler for C++ supports arguments -Wno-array-bounds: YES 
#13 0.612 Compiler for C++ supports arguments -Wno-dangling-pointer: YES 
#13 0.612 Compiler for C++ supports arguments -fno-finite-math-only: YES 
#13 0.612 Dependency mpi skipped: feature with-mpi disabled
#13 0.612 Dependency mpi skipped: feature with-mpi disabled
#13 0.612 SU2_PY/meson.build:74: WARNING: Project targets '>=1.8.2' but uses feature deprecated since '0.60.0': install_subdir with empty directory. It worked by accident and is buggy. Use install_emptydir instead.
#13 0.612 Message: -------------------------------------------------------------------------
#13 0.612          |    ___ _   _ ___                                                      |
#13 0.612          |   / __| | | |_  )   Release 8.5.0 "Harrier"                           |
#13 0.612          |   \__ \ |_| |/ /                                                      |
#13 0.612          |   |___/\___//___|   Meson Configuration Summary                       |
#13 0.612          |                                                                       |
#13 0.612          -------------------------------------------------------------------------
#13 0.612 
#13 0.612          Option          Value
#13 0.612          ---------------------
#13 0.612          TecIO:          false
#13 0.612          CGNS:           false
#13 0.612          AD (reverse):   false
#13 0.612          AD (forward):   false
#13 0.612          Python Wrapper: false
#13 0.612          Intel-MKL:      false
#13 0.612          OpenBlas:       false
#13 0.612          PaStiX:         false
#13 0.612          Mixed Float:    false
#13 0.612          libROM:         false
#13 0.612          CoolProp:       false
#13 0.612          MLPCpp:         false
#13 0.612          Tracy Profiler: false
#13 0.612 
#13 0.612          Please be sure to add the $SU2_HOME and $SU2_RUN environment variables,
#13 0.612          and update your $PATH (and $PYTHONPATH if applicable) with $SU2_RUN
#13 0.612 
#13 0.612          Based on the input to this configuration, add these lines to your .bashrc file:
#13 0.612 
#13 0.612          export SU2_RUN=/opt/su2-install/bin
#13 0.612          export SU2_HOME=/opt/SU2
#13 0.612          export PATH=$PATH:$SU2_RUN
#13 0.612          export PYTHONPATH=$PYTHONPATH:$SU2_RUN
#13 0.612 
#13 0.612          Use './ninja -C build install' to compile and install SU2
#13 0.612 
#13 0.612 Build targets in project: 8
#13 0.612 WARNING: Deprecated features used:
#13 0.612  * 0.60.0: {'install_subdir with empty directory'}
#13 0.612 
#13 0.612 SU2 8.5.0 "Harrier"
#13 0.612 
#13 0.612   User defined options
#13 0.612     cpu-arch    : armv8-a
#13 0.612     enable-cgns : false
#13 0.612     enable-tecio: false
#13 0.612     prefix      : /opt/su2-install
#13 0.612     with-mpi    : disabled
#13 0.612 
#13 0.612 Found ninja-1.11.1 at /usr/bin/ninja
#13 0.644 ninja: Entering directory `build'
#13 1.310 [1/305] Compiling C++ object Common/src/libSU2Common.a.p/graph_coloring_structure.cpp.o
#13 1.503 [2/305] Compiling C++ object Common/src/libSU2Common.a.p/basic_types_ad_structure.cpp.o
#13 2.199 [3/305] Compiling C++ object Common/src/libSU2Common.a.p/wall_model.cpp.o
#13 2.712 [4/305] Compiling C++ object Common/src/libSU2Common.a.p/.._include_parallelization_mpi_structure.cpp.o
#13 2.756 [5/305] Compiling C++ object Common/src/libSU2Common.a.p/.._include_parallelization_omp_structure.cpp.o
#13 3.873 [6/305] Compiling C++ object Common/src/libSU2Common.a.p/linear_algebra_CSysSolve_b.cpp.o
#13 19.22 [7/305] Compiling C++ object Common/src/libSU2Common.a.p/linear_algebra_CSysSolve.cpp.o
#13 19.80 [8/305] Compiling C++ object Common/src/libSU2Common.a.p/linear_algebra_CSysVector.cpp.o
#13 20.86 [9/305] Compiling C++ object Common/src/libSU2Common.a.p/CConfig.cpp.o
#13 20.87 [10/305] Compiling C++ object Common/src/libSU2Common.a.p/linear_algebra_CPastixWrapper.cpp.o
#13 21.20 [11/305] Compiling C++ object Common/src/libSU2Common.a.p/linear_algebra_CSysMatrix.cpp.o
#13 21.34 [12/305] Compiling C++ object Common/src/libSU2Common.a.p/linear_algebra_blas_structure.cpp.o
#13 21.45 [13/305] Compiling C++ object Common/src/libSU2Common.a.p/toolboxes_CLinearPartitioner.cpp.o
#13 21.67 [14/305] Compiling C++ object Common/src/libSU2Common.a.p/toolboxes_printing_toolbox.cpp.o
#13 21.90 [15/305] Compiling C++ object Common/src/libSU2Common.a.p/toolboxes_C1DInterpolation.cpp.o
#13 21.94 [16/305] Compiling C++ object Common/src/libSU2Common.a.p/toolboxes_CSquareMatrixCM.cpp.o
#13 22.28 [17/305] Compiling C++ object Common/src/libSU2Common.a.p/toolboxes_CSymmetricMatrix.cpp.o
#13 22.41 [18/305] Compiling C++ object Common/src/libSU2Common.a.p/toolboxes_MMS_CInviscidVortexSolution.cpp.o
#13 22.78 [19/305] Compiling C++ object Common/src/libSU2Common.a.p/toolboxes_MMS_CIncTGVSolution.cpp.o
#13 22.91 [20/305] Compiling C++ object Common/src/libSU2Common.a.p/toolboxes_MMS_CMMSIncNSSolution.cpp.o
#13 23.29 [21/305] Compiling C++ object Common/src/libSU2Common.a.p/toolboxes_MMS_CMMSIncEulerSolution.cpp.o
#13 23.43 [22/305] Compiling C++ object Common/src/libSU2Common.a.p/toolboxes_MMS_CRinglebSolution.cpp.o
#13 23.83 [23/305] Compiling C++ object Common/src/libSU2Common.a.p/toolboxes_MMS_CMMSNSTwoHalfSpheresSolution.cpp.o
#13 23.92 [24/305] Compiling C++ object Common/src/libSU2Common.a.p/toolboxes_MMS_CNSUnitQuadSolution.cpp.o
#13 24.41 [25/305] Compiling C++ object Common/src/libSU2Common.a.p/toolboxes_MMS_CMMSNSUnitQuadSolution.cpp.o
#13 24.49 [26/305] Compiling C++ object Common/src/libSU2Common.a.p/toolboxes_MMS_CMMSNSTwoHalfCirclesSolution.cpp.o
#13 24.90 [27/305] Compiling C++ object Common/src/libSU2Common.a.p/toolboxes_MMS_CTGVSolution.cpp.o
#13 25.02 [28/305] Compiling C++ object Common/src/libSU2Common.a.p/toolboxes_MMS_CMMSNSUnitQuadSolutionWallBC.cpp.o
#13 25.46 [29/305] Compiling C++ object Common/src/libSU2Common.a.p/toolboxes_MMS_CVerificationSolution.cpp.o
#13 25.52 [30/305] Compiling C++ object Common/src/libSU2Common.a.p/toolboxes_MMS_CUserDefinedSolution.cpp.o
#13 25.71 [31/305] Compiling C++ object Common/src/libSU2Common.a.p/toolboxes_fem_CMatchingFace.cpp.o
#13 25.77 [32/305] Compiling C++ object Common/src/libSU2Common.a.p/toolboxes_fem_CFaceOfElement.cpp.o
#13 25.84 [33/305] Compiling C++ object Common/src/libSU2Common.a.p/toolboxes_fem_CReorderElements.cpp.o
#13 26.37 [34/305] Compiling C++ object Common/src/libSU2Common.a.p/toolboxes_fem_CSortFaces.cpp.o
#13 29.73 [35/305] Compiling C++ object Common/src/libSU2Common.a.p/geometry_CGeometry.cpp.o
#13 31.82 [36/305] Compiling C++ object Common/src/libSU2Common.a.p/geometry_CPhysicalGeometryFEM.cpp.o
#13 32.13 [37/305] Compiling C++ object Common/src/libSU2Common.a.p/geometry_CPhysicalGeometry.cpp.o
#13 32.74 [38/305] Compiling C++ object Common/src/libSU2Common.a.p/geometry_CDummyGeometry.cpp.o
#13 33.53 [39/305] Compiling C++ object Common/src/libSU2Common.a.p/geometry_CMultiGridQueue.cpp.o
#13 33.55 [40/305] Compiling C++ object Common/src/libSU2Common.a.p/geometry_CMultiGridGeometry.cpp.o
#13 33.84 [41/305] Compiling C++ object Common/src/libSU2Common.a.p/geometry_elements_CTRIA1.cpp.o
#13 33.95 [42/305] Compiling C++ object Common/src/libSU2Common.a.p/geometry_elements_CElement.cpp.o
#13 34.16 [43/305] Compiling C++ object Common/src/libSU2Common.a.p/geometry_elements_CQUAD4.cpp.o
#13 34.26 [44/305] Compiling C++ object Common/src/libSU2Common.a.p/geometry_elements_CTETRA1.cpp.o
#13 34.54 [45/305] Compiling C++ object Common/src/libSU2Common.a.p/geometry_elements_CPYRAM5.cpp.o
#13 34.63 [46/305] Compiling C++ object Common/src/libSU2Common.a.p/geometry_elements_CPRISM6.cpp.o
#13 34.92 [47/305] Compiling C++ object Common/src/libSU2Common.a.p/geometry_elements_CLINE.cpp.o
#13 34.93 [48/305] Compiling C++ object Common/src/libSU2Common.a.p/geometry_elements_CHEXA8.cpp.o
#13 35.24 [49/305] Compiling C++ object Common/src/libSU2Common.a.p/geometry_elements_CTRIA3.cpp.o
#13 35.26 [50/305] Compiling C++ object Common/src/libSU2Common.a.p/geometry_elements_CTETRA4.cpp.o
#13 35.60 [51/305] Compiling C++ object Common/src/libSU2Common.a.p/geometry_elements_CPYRAM6.cpp.o
#13 35.72 [52/305] Compiling C++ object Common/src/libSU2Common.a.p/geometry_dual_grid_CDualGrid.cpp.o
#13 35.83 [53/305] Compiling C++ object Common/src/libSU2Common.a.p/geometry_dual_grid_CEdge.cpp.o
#13 36.31 [54/305] Compiling C++ object Common/src/libSU2Common.a.p/geometry_dual_grid_CVertex.cpp.o
#13 36.50 [55/305] Compiling C++ object Common/src/libSU2Common.a.p/geometry_dual_grid_CPoint.cpp.o
#13 36.77 [56/305] Compiling C++ object Common/src/libSU2Common.a.p/geometry_primal_grid_CPrimalGrid.cpp.o
#13 36.77 [57/305] Compiling C++ object Common/src/libSU2Common.a.p/geometry_dual_grid_CTurboVertex.cpp.o
#13 37.13 [58/305] Compiling C++ object Common/src/libSU2Common.a.p/geometry_primal_grid_CPrimalGridBoundFEM.cpp.o
#13 37.25 [59/305] Compiling C++ object Common/src/libSU2Common.a.p/geometry_primal_grid_CPrimalGridFEM.cpp.o
#13 37.43 [60/305] Compiling C++ object Common/src/libSU2Common.a.p/geometry_primal_grid_CLine.cpp.o
#13 37.55 [61/305] Compiling C++ object Common/src/libSU2Common.a.p/geometry_primal_grid_CTriangle.cpp.o
#13 37.73 [62/305] Compiling C++ object Common/src/libSU2Common.a.p/geometry_primal_grid_CPrism.cpp.o
#13 37.85 [63/305] Compiling C++ object Common/src/libSU2Common.a.p/geometry_primal_grid_CPyramid.cpp.o
#13 38.02 [64/305] Compiling C++ object Common/src/libSU2Common.a.p/geometry_primal_grid_CHexahedron.cpp.o
#13 38.14 [65/305] Compiling C++ object Common/src/libSU2Common.a.p/geometry_primal_grid_CTetrahedron.cpp.o
#13 38.31 [66/305] Compiling C++ object Common/src/libSU2Common.a.p/geometry_primal_grid_CQuadrilateral.cpp.o
#13 38.41 [67/305] Compiling C++ object Common/src/libSU2Common.a.p/geometry_primal_grid_CVertexMPI.cpp.o
#13 39.16 [68/305] Compiling C++ object Common/src/libSU2Common.a.p/geometry_meshreader_CBoxMeshReaderFEM.cpp.o
#13 39.16 [69/305] Compiling C++ object Common/src/libSU2Common.a.p/geometry_meshreader_CCGNSElementType.cpp.o
#13 39.18 [70/305] Compiling C++ object Common/src/libSU2Common.a.p/geometry_meshreader_CBoxMeshReaderFVM.cpp.o
#13 39.70 [71/305] Compiling C++ object Common/src/libSU2Common.a.p/geometry_meshreader_CCGNSMeshReaderBase.cpp.o
#13 39.77 [72/305] Compiling C++ object Common/src/libSU2Common.a.p/geometry_meshreader_CCGNSMeshReaderFEM.cpp.o
#13 40.20 [73/305] Compiling C++ object Common/src/libSU2Common.a.p/geometry_meshreader_CCGNSMeshReaderFVM.cpp.o
#13 40.43 [74/305] Compiling C++ object Common/src/libSU2Common.a.p/geometry_meshreader_CMeshReaderBase.cpp.o
#13 40.98 [75/305] Compiling C++ object Common/src/libSU2Common.a.p/geometry_meshreader_CRectangularMeshReaderFEM.cpp.o
#13 41.16 [76/305] Compiling C++ object Common/src/libSU2Common.a.p/geometry_meshreader_CRectangularMeshReaderFVM.cpp.o
#13 42.05 [77/305] Compiling C++ object Common/src/libSU2Common.a.p/geometry_meshreader_CSU2ASCIIMeshReaderBase.cpp.o
#13 42.12 [78/305] Compiling C++ object Common/src/libSU2Common.a.p/geometry_meshreader_CSU2ASCIIMeshReaderFEM.cpp.o
#13 42.75 [79/305] Compiling C++ object Common/src/libSU2Common.a.p/containers_CTrapezoidalMap.cpp.o
#13 43.19 [80/305] Compiling C++ object Common/src/libSU2Common.a.p/geometry_meshreader_CSU2ASCIIMeshReaderFVM.cpp.o
#13 43.41 [81/305] Compiling C++ object Common/src/libSU2Common.a.p/containers_CFileReaderLUT.cpp.o
#13 43.90 [82/305] Compiling C++ object Common/src/libSU2Common.a.p/interface_interpolation_CInterpolatorFactory.cpp.o
#13 44.37 [83/305] Compiling C++ object Common/src/libSU2Common.a.p/containers_CLookUpTable.cpp.o
#13 44.72 [84/305] Compiling C++ object Common/src/libSU2Common.a.p/interface_interpolation_CInterpolator.cpp.o
#13 45.38 [85/305] Compiling C++ object Common/src/libSU2Common.a.p/interface_interpolation_CMirror.cpp.o
#13 45.82 [86/305] Compiling C++ object Common/src/libSU2Common.a.p/interface_interpolation_CSlidingMesh.cpp.o
#13 46.34 [87/305] Compiling C++ object Common/src/libSU2Common.a.p/interface_interpolation_CIsoparametric.cpp.o
#13 46.64 [88/305] Compiling C++ object Common/src/libSU2Common.a.p/interface_interpolation_CNearestNeighbor.cpp.o
#13 47.48 [89/305] Compiling C++ object Common/src/libSU2Common.a.p/interface_interpolation_CRadialBasisFunction.cpp.o
#13 49.41 [90/305] Compiling C++ object Common/src/libSU2Common.a.p/fem_fem_integration_rules.cpp.o
#13 49.87 [91/305] Compiling C++ object Common/src/libSU2Common.a.p/fem_fem_work_estimate_metis.cpp.o
#13 51.64 [92/305] Compiling C++ object Common/src/libSU2Common.a.p/fem_fem_standard_element.cpp.o
#13 52.40 [93/305] Compiling C++ object Common/src/libSU2Common.a.p/fem_fem_wall_distance.cpp.o
#13 52.83 [94/305] Compiling C++ object Common/src/libSU2Common.a.p/fem_fem_geometry_structure.cpp.o
#13 52.99 [95/305] Compiling C++ object Common/src/libSU2Common.a.p/fem_fem_gauss_jacobi_quadrature.cpp.o
#13 53.18 [96/305] Compiling C++ object Common/src/libSU2Common.a.p/grid_movement_CFreeFormBlending.cpp.o
#13 53.38 [97/305] Compiling C++ object Common/src/libSU2Common.a.p/grid_movement_CGridMovement.cpp.o
#13 53.56 [98/305] Compiling C++ object Common/src/libSU2Common.a.p/grid_movement_CBSplineBlending.cpp.o
#13 53.73 [99/305] Compiling C++ object Common/src/libSU2Common.a.p/grid_movement_CBezierBlending.cpp.o
#13 54.54 [100/305] Compiling C++ object Common/src/libSU2Common.a.p/grid_movement_CFreeFormDefBox.cpp.o
#13 54.62 [101/305] Compiling C++ object Common/src/libSU2Common.a.p/grid_movement_CVolumetricMovement.cpp.o
#13 55.84 [102/305] Compiling C++ object Common/src/libSU2Common.a.p/grid_movement_CVolumetricMovementFactory.cpp.o
#13 57.63 [103/305] Compiling C++ object Common/src/libSU2Common.a.p/grid_movement_CLinearElasticity.cpp.o
#13 57.74 [104/305] Compiling C++ object Common/src/libSU2Common.a.p/grid_movement_CSurfaceMovement.cpp.o
#13 58.15 [105/305] Compiling C++ object Common/src/libSU2Common.a.p/adt_CADTBaseClass.cpp.o
#13 58.53 [106/305] Compiling C++ object Common/src/libSU2Common.a.p/adt_CADTPointsOnlyClass.cpp.o
#13 58.60 [107/305] Compiling C++ object Common/src/libSU2Common.a.p/grid_movement_CRadialBasisFunctionInterpolation.cpp.o
#13 59.28 [108/305] Compiling C++ object SU2_CFD/src/libSU2core.a.p/definition_structure.cpp.o
#13 59.46 [109/305] Compiling C++ object Common/src/libSU2Common.a.p/adt_CADTElemClass.cpp.o
#13 59.47 [110/305] Linking static target Common/src/libSU2Common.a
#13 60.58 [111/305] Compiling C++ object SU2_CFD/src/libSU2core.a.p/CMarkerProfileReaderFVM.cpp.o
#13 60.84 [112/305] Compiling C++ object SU2_CFD/src/libSU2core.a.p/python_wrapper_structure.cpp.o
#13 61.32 [113/305] Compiling C++ object SU2_CFD/src/libSU2core.a.p/fluid_CFluidModel.cpp.o
#13 61.36 [114/305] Compiling C++ object SU2_CFD/src/libSU2core.a.p/fluid_CIdealGas.cpp.o
#13 61.95 [115/305] Compiling C++ object SU2_CFD/src/libSU2core.a.p/fluid_CFluidScalar.cpp.o
#13 62.22 [116/305] Compiling C++ object SU2_CFD/src/libSU2core.a.p/fluid_CFluidFlamelet.cpp.o
#13 62.55 [117/305] Compiling C++ object SU2_CFD/src/libSU2core.a.p/fluid_CPengRobinson.cpp.o
#13 62.78 [118/305] Compiling C++ object SU2_CFD/src/libSU2core.a.p/fluid_CVanDerWaalsGas.cpp.o
#13 63.06 [119/305] Compiling C++ object SU2_CFD/src/libSU2core.a.p/fluid_CCoolProp.cpp.o
#13 63.07 [120/305] Compiling C++ object SU2_CFD/src/libSU2core.a.p/fluid_CMutationTCLib.cpp.o
#13 63.49 [121/305] Compiling C++ object SU2_CFD/src/libSU2core.a.p/fluid_CNEMOGas.cpp.o
#13 64.24 [122/305] Compiling C++ object SU2_CFD/src/libSU2core.a.p/fluid_CDataDrivenFluid.cpp.o
#13 64.95 [123/305] Compiling C++ object SU2_CFD/src/libSU2core.a.p/output_COutputFactory.cpp.o
#13 65.03 [124/305] Compiling C++ object SU2_CFD/src/libSU2core.a.p/fluid_CSU2TCLib.cpp.o
#13 67.32 [125/305] Compiling C++ object SU2_CFD/src/libSU2core.a.p/output_CAdjElasticityOutput.cpp.o
#13 67.48 [126/305] Compiling C++ object SU2_CFD/src/libSU2core.a.p/output_CAdjFlowOutput.cpp.o
#13 69.60 [127/305] Compiling C++ object SU2_CFD/src/libSU2core.a.p/output_CAdjFlowCompOutput.cpp.o
#13 69.81 [128/305] Compiling C++ object SU2_CFD/src/libSU2core.a.p/output_CAdjFlowIncOutput.cpp.o
#13 71.52 [129/305] Compiling C++ object SU2_CFD/src/libSU2core.a.p/output_CBaselineOutput.cpp.o
#13 71.71 [130/305] Compiling C++ object SU2_CFD/src/libSU2core.a.p/output_CAdjHeatOutput.cpp.o
#13 72.94 [131/305] Compiling C++ object SU2_CFD/src/libSU2core.a.p/output_CMultizoneOutput.cpp.o
#13 73.96 [132/305] Compiling C++ object SU2_CFD/src/libSU2core.a.p/output_CElasticityOutput.cpp.o
#13 75.83 [133/305] Compiling C++ object SU2_CFD/src/libSU2core.a.p/output_CFlowCompOutput.cpp.o
#13 76.16 [134/305] Compiling C++ object SU2_CFD/src/libSU2core.a.p/output_CFlowCompFEMOutput.cpp.o
#13 76.78 [135/305] Compiling C++ object SU2_CFD/src/libSU2core.a.p/output_CFVMOutput.cpp.o
#13 79.21 [136/305] Compiling C++ object SU2_CFD/src/libSU2core.a.p/output_CFlowIncOutput.cpp.o
#13 81.34 [137/305] Compiling C++ object SU2_CFD/src/libSU2core.a.p/output_CHeatOutput.cpp.o
#13 82.23 [138/305] Compiling C++ object SU2_CFD/src/libSU2core.a.p/output_CMeshOutput.cpp.o
#13 82.53 [139/305] Compiling C++ object SU2_CFD/src/libSU2core.a.p/output_CFlowOutput.cpp.o
#13 83.48 [140/305] Compiling C++ object SU2_CFD/src/libSU2core.a.p/output_CTurboOutput.cpp.o
#13 84.95 [141/305] Compiling C++ object SU2_CFD/src/libSU2core.a.p/output_CNEMOCompOutput.cpp.o
#13 85.35 [142/305] Compiling C++ object SU2_CFD/src/libSU2core.a.p/output_filewriter_CParallelDataSorter.cpp.o
#13 86.08 [143/305] Compiling C++ object SU2_CFD/src/libSU2core.a.p/output_filewriter_CFVMDataSorter.cpp.o
#13 86.79 [144/305] Compiling C++ object SU2_CFD/src/libSU2core.a.p/output_filewriter_CFEMDataSorter.cpp.o
#13 87.92 [145/305] Compiling C++ object SU2_CFD/src/libSU2core.a.p/output_filewriter_CSurfaceFEMDataSorter.cpp.o
#13 88.00 [146/305] Compiling C++ object SU2_CFD/src/libSU2core.a.p/output_COutput.cpp.o
#13 88.32 [147/305] Compiling C++ object SU2_CFD/src/libSU2core.a.p/output_filewriter_CParallelFileWriter.cpp.o
#13 88.79 [148/305] Compiling C++ object SU2_CFD/src/libSU2core.a.p/output_filewriter_CParaviewFileWriter.cpp.o
#13 89.13 [149/305] Compiling C++ object SU2_CFD/src/libSU2core.a.p/output_filewriter_CSurfaceFVMDataSorter.cpp.o
#13 89.29 [150/305] Compiling C++ object SU2_CFD/src/libSU2core.a.p/output_filewriter_CParaviewBinaryFileWriter.cpp.o
#13 89.56 [151/305] Compiling C++ object SU2_CFD/src/libSU2core.a.p/output_filewriter_CTecplotFileWriter.cpp.o
#13 89.60 [152/305] Compiling C++ object SU2_CFD/src/libSU2core.a.p/output_filewriter_CTecplotBinaryFileWriter.cpp.o
#13 89.93 [153/305] Compiling C++ object SU2_CFD/src/libSU2core.a.p/output_filewriter_CCSVFileWriter.cpp.o
#13 90.25 [154/305] Compiling C++ object SU2_CFD/src/libSU2core.a.p/output_filewriter_CSTLFileWriter.cpp.o
#13 90.27 [155/305] Compiling C++ object SU2_CFD/src/libSU2core.a.p/output_filewriter_CSU2FileWriter.cpp.o
#13 90.56 [156/305] Compiling C++ object SU2_CFD/src/libSU2core.a.p/output_filewriter_CSU2BinaryFileWriter.cpp.o
#13 90.96 [157/305] Compiling C++ object SU2_CFD/src/libSU2core.a.p/output_filewriter_CParaviewXMLFileWriter.cpp.o
#13 91.26 [158/305] Compiling C++ object SU2_CFD/src/libSU2core.a.p/output_filewriter_CParaviewVTMFileWriter.cpp.o
#13 91.50 [159/305] Compiling C++ object SU2_CFD/src/libSU2core.a.p/output_filewriter_CSU2MeshFileWriter.cpp.o
#13 91.56 [160/305] Compiling C++ object SU2_CFD/src/libSU2core.a.p/output_filewriter_CCGNSFileWriter.cpp.o
#13 91.78 [161/305] Compiling C++ object SU2_CFD/src/libSU2core.a.p/output_tools_CWindowingTools.cpp.o
#13 92.25 [162/305] Compiling C++ object SU2_CFD/src/libSU2core.a.p/variables_CIncNSVariable.cpp.o
#13 92.37 [163/305] Compiling C++ object SU2_CFD/src/libSU2core.a.p/variables_CTransLMVariable.cpp.o
#13 93.01 [164/305] Compiling C++ object SU2_CFD/src/libSU2core.a.p/variables_CAdjEulerVariable.cpp.o
#13 93.06 [165/305] Compiling C++ object SU2_CFD/src/libSU2core.a.p/variables_CHeatVariable.cpp.o
#13 93.58 [166/305] Compiling C++ object SU2_CFD/src/libSU2core.a.p/variables_CTurbVariable.cpp.o
#13 93.63 [167/305] Compiling C++ object SU2_CFD/src/libSU2core.a.p/variables_CScalarVariable.cpp.o
#13 94.15 [168/305] Compiling C++ object SU2_CFD/src/libSU2core.a.p/variables_CSpeciesVariable.cpp.o
#13 94.22 [169/305] Compiling C++ object SU2_CFD/src/libSU2core.a.p/variables_CSpeciesFlameletVariable.cpp.o
#13 94.73 [170/305] Compiling C++ object SU2_CFD/src/libSU2core.a.p/variables_CAdjNSVariable.cpp.o
#13 94.76 [171/305] Compiling C++ object SU2_CFD/src/libSU2core.a.p/variables_CBaselineVariable.cpp.o
#13 95.30 [172/305] Compiling C++ object SU2_CFD/src/libSU2core.a.p/variables_CDiscAdjFEABoundVariable.cpp.o
#13 95.36 [173/305] Compiling C++ object SU2_CFD/src/libSU2core.a.p/variables_CDiscAdjMeshBoundVariable.cpp.o
#13 95.94 [174/305] Compiling C++ object SU2_CFD/src/libSU2core.a.p/variables_CDiscAdjVariable.cpp.o
#13 95.96 [175/305] Compiling C++ object SU2_CFD/src/libSU2core.a.p/variables_CFEABoundVariable.cpp.o
#13 96.58 [176/305] Compiling C++ object SU2_CFD/src/libSU2core.a.p/variables_CTurbSAVariable.cpp.o
#13 96.62 [177/305] Compiling C++ object SU2_CFD/src/libSU2core.a.p/variables_CFEAVariable.cpp.o
#13 97.15 [178/305] Compiling C++ object SU2_CFD/src/libSU2core.a.p/variables_CMeshVariable.cpp.o
#13 97.20 [179/305] Compiling C++ object SU2_CFD/src/libSU2core.a.p/variables_CMeshBoundVariable.cpp.o
#13 97.60 [180/305] Compiling C++ object SU2_CFD/src/libSU2core.a.p/variables_CMeshElement.cpp.o
#13 97.76 [181/305] Compiling C++ object SU2_CFD/src/libSU2core.a.p/variables_CRadVariable.cpp.o
#13 98.16 [182/305] Compiling C++ object SU2_CFD/src/libSU2core.a.p/variables_CRadP1Variable.cpp.o
#13 98.37 [183/305] Compiling C++ object SU2_CFD/src/libSU2core.a.p/variables_CTurbSSTVariable.cpp.o
#13 98.80 [184/305] Compiling C++ object SU2_CFD/src/libSU2core.a.p/variables_CVariable.cpp.o
#13 99.09 [185/305] Compiling C++ object SU2_CFD/src/libSU2core.a.p/variables_CNSVariable.cpp.o
#13 99.37 [186/305] Compiling C++ object SU2_CFD/src/libSU2core.a.p/variables_CAdjTurbVariable.cpp.o
#13 99.72 [187/305] Compiling C++ object SU2_CFD/src/libSU2core.a.p/variables_CFlowVariable.cpp.o
#13 100.0 [188/305] Compiling C++ object SU2_CFD/src/libSU2core.a.p/variables_CIncEulerVariable.cpp.o
#13 100.4 [189/305] Compiling C++ object SU2_CFD/src/libSU2core.a.p/variables_CEulerVariable.cpp.o
#13 100.8 [190/305] Compiling C++ object SU2_CFD/src/libSU2core.a.p/variables_CNEMOEulerVariable.cpp.o
#13 101.2 [191/305] Compiling C++ object SU2_CFD/src/libSU2core.a.p/variables_CNEMONSVariable.cpp.o
#13 101.4 [192/305] Compiling C++ object SU2_CFD/src/libSU2core.a.p/variables_CSobolevSmoothingVariable.cpp.o
#13 102.9 [193/305] Compiling C++ object SU2_CFD/src/libSU2core.a.p/solvers_CSolverFactory.cpp.o
#13 105.0 [194/305] Compiling C++ object SU2_CFD/src/libSU2core.a.p/solvers_CAdjEulerSolver.cpp.o
#13 105.4 [195/305] Compiling C++ object SU2_CFD/src/libSU2core.a.p/solvers_CAdjNSSolver.cpp.o
#13 107.0 [196/305] Compiling C++ object SU2_CFD/src/libSU2core.a.p/solvers_CAdjTurbSolver.cpp.o
#13 107.5 [197/305] Compiling C++ object SU2_CFD/src/libSU2core.a.p/solvers_CBaselineSolver.cpp.o
#13 108.9 [198/305] Compiling C++ object SU2_CFD/src/libSU2core.a.p/solvers_CBaselineSolver_FEM.cpp.o
#13 109.5 [199/305] Compiling C++ object SU2_CFD/src/libSU2core.a.p/solvers_CDiscAdjFEASolver.cpp.o
#13 110.6 [200/305] Compiling C++ object SU2_CFD/src/libSU2core.a.p/solvers_CDiscAdjMeshSolver.cpp.o
#13 111.2 [201/305] Compiling C++ object SU2_CFD/src/libSU2core.a.p/solvers_CRadSolver.cpp.o
#13 112.5 [202/305] Compiling C++ object SU2_CFD/src/libSU2core.a.p/solvers_CRadP1Solver.cpp.o
#13 113.1 [203/305] Compiling C++ object SU2_CFD/src/libSU2core.a.p/solvers_CDiscAdjSolver.cpp.o
#13 116.4 [204/305] Compiling C++ object SU2_CFD/src/libSU2core.a.p/solvers_CFEASolver.cpp.o
#13 120.1 [205/305] Compiling C++ object SU2_CFD/src/libSU2core.a.p/solvers_CEulerSolver.cpp.o
#13 122.0 [206/305] Compiling C++ object SU2_CFD/src/libSU2core.a.p/solvers_CFEM_DG_EulerSolver.cpp.o
#13 123.3 [207/305] Compiling C++ object SU2_CFD/src/libSU2core.a.p/solvers_CFEM_DG_NSSolver.cpp.o
#13 124.9 [208/305] Compiling C++ object SU2_CFD/src/libSU2core.a.p/solvers_CHeatSolver.cpp.o
#13 127.3 [209/305] Compiling C++ object SU2_CFD/src/libSU2core.a.p/solvers_CIncEulerSolver.cpp.o
#13 129.8 [210/305] Compiling C++ object SU2_CFD/src/libSU2core.a.p/solvers_CMeshSolver.cpp.o
#13 130.6 [211/305] Compiling C++ object SU2_CFD/src/libSU2core.a.p/solvers_CIncNSSolver.cpp.o
#13 130.6 In file included from ../SU2_CFD/src/solvers/CIncNSSolver.cpp:31:
#13 130.6 ../SU2_CFD/src/solvers/../../include/solvers/CFVMFlowSolverBase.inl: In member function 'void CFVMFlowSolverBase<VariableType, FlowRegime>::EdgeFluxResidual(const CGeometry*, const CSolver* const*, CConfig*) [with VariableType = CIncEulerVariable; ENUM_REGIME FlowRegime = ENUM_REGIME::INCOMPRESSIBLE]':
#13 130.6 ../SU2_CFD/src/solvers/../../include/solvers/CFVMFlowSolverBase.inl:1629:34: note: parameter passing for argument of type 'simd::Array<double>' when C++17 is enabled changed to match C++14 in GCC 10.1
#13 130.6  1629 |         edgeNumerics->ComputeFlux(iEdge, *config, *geometry, *nodes, UpdateType::COLORING, mask, LinSysRes, Jacobian);
#13 130.6       |         ~~~~~~~~~~~~~~~~~~~~~~~~~^~~~~~~~~~~~~~~~~~~~~~~~~~~~~~~~~~~~~~~~~~~~~~~~~~~~~~~~~~~~~~~~~~~~~~~~~~~~~~~~~~~~
#13 133.1 [212/305] Compiling C++ object SU2_CFD/src/libSU2core.a.p/solvers_CNEMOEulerSolver.cpp.o
#13 136.3 [213/305] Compiling C++ object SU2_CFD/src/libSU2core.a.p/solvers_CNEMONSSolver.cpp.o
#13 136.3 In file included from ../SU2_CFD/src/solvers/CNEMONSSolver.cpp:32:
#13 136.3 ../SU2_CFD/src/solvers/../../include/solvers/CFVMFlowSolverBase.inl: In member function 'void CFVMFlowSolverBase<VariableType, FlowRegime>::EdgeFluxResidual(const CGeometry*, const CSolver* const*, CConfig*) [with VariableType = CNEMOEulerVariable; ENUM_REGIME FlowRegime = ENUM_REGIME::COMPRESSIBLE]':
#13 136.3 ../SU2_CFD/src/solvers/../../include/solvers/CFVMFlowSolverBase.inl:1629:34: note: parameter passing for argument of type 'simd::Array<double>' when C++17 is enabled changed to match C++14 in GCC 10.1
#13 136.3  1629 |         edgeNumerics->ComputeFlux(iEdge, *config, *geometry, *nodes, UpdateType::COLORING, mask, LinSysRes, Jacobian);
#13 136.3       |         ~~~~~~~~~~~~~~~~~~~~~~~~~^~~~~~~~~~~~~~~~~~~~~~~~~~~~~~~~~~~~~~~~~~~~~~~~~~~~~~~~~~~~~~~~~~~~~~~~~~~~~~~~~~~~
#13 138.6 [214/305] Compiling C++ object SU2_CFD/src/libSU2core.a.p/solvers_CNSSolver.cpp.o
#13 138.6 In file included from ../SU2_CFD/src/solvers/CNSSolver.cpp:32:
#13 138.6 ../SU2_CFD/src/solvers/../../include/solvers/CFVMFlowSolverBase.inl: In member function 'void CFVMFlowSolverBase<VariableType, FlowRegime>::EdgeFluxResidual(const CGeometry*, const CSolver* const*, CConfig*) [with VariableType = CEulerVariable; ENUM_REGIME FlowRegime = ENUM_REGIME::COMPRESSIBLE]':
#13 138.6 ../SU2_CFD/src/solvers/../../include/solvers/CFVMFlowSolverBase.inl:1629:34: note: parameter passing for argument of type 'simd::Array<double>' when C++17 is enabled changed to match C++14 in GCC 10.1
#13 138.6  1629 |         edgeNumerics->ComputeFlux(iEdge, *config, *geometry, *nodes, UpdateType::COLORING, mask, LinSysRes, Jacobian);
#13 138.6       |         ~~~~~~~~~~~~~~~~~~~~~~~~~^~~~~~~~~~~~~~~~~~~~~~~~~~~~~~~~~~~~~~~~~~~~~~~~~~~~~~~~~~~~~~~~~~~~~~~~~~~~~~~~~~~~
#13 140.2 [215/305] Compiling C++ object SU2_CFD/src/libSU2core.a.p/solvers_CTemplateSolver.cpp.o
#13 142.6 [216/305] Compiling C++ object SU2_CFD/src/libSU2core.a.p/solvers_CSolver.cpp.o
#13 143.0 [217/305] Compiling C++ object SU2_CFD/src/libSU2core.a.p/solvers_CSpeciesSolver.cpp.o
#13 144.7 [218/305] Compiling C++ object SU2_CFD/src/libSU2core.a.p/solvers_CSpeciesFlameletSolver.cpp.o
#13 145.2 [219/305] Compiling C++ object SU2_CFD/src/libSU2core.a.p/solvers_CTransLMSolver.cpp.o
#13 147.1 [220/305] Compiling C++ object SU2_CFD/src/libSU2core.a.p/solvers_CTurbSolver.cpp.o
#13 147.8 [221/305] Compiling C++ object SU2_CFD/src/libSU2core.a.p/solvers_CTurbSASolver.cpp.o
#13 149.4 [222/305] Compiling C++ object SU2_CFD/src/libSU2core.a.p/solvers_CTurbSSTSolver.cpp.o
#13 149.5 [223/305] Compiling C++ object SU2_CFD/src/libSU2core.a.p/solvers_CFEASolverBase.cpp.o
#13 150.3 [224/305] Compiling C++ object SU2_CFD/src/libSU2core.a.p/numerics_CNumerics.cpp.o
#13 150.8 [225/305] Compiling C++ object SU2_CFD/src/libSU2core.a.p/numerics_template.cpp.o
#13 151.3 [226/305] Compiling C++ object SU2_CFD/src/libSU2core.a.p/numerics_radiation.cpp.o
#13 151.8 [227/305] Compiling C++ object SU2_CFD/src/libSU2core.a.p/solvers_CGradientSmoothingSolver.cpp.o
#13 152.1 [228/305] Compiling C++ object SU2_CFD/src/libSU2core.a.p/numerics_flow_convection_roe.cpp.o
#13 152.3 [229/305] Compiling C++ object SU2_CFD/src/libSU2core.a.p/numerics_flow_convection_fds.cpp.o
#13 152.7 [230/305] Compiling C++ object SU2_CFD/src/libSU2core.a.p/numerics_flow_convection_fvs.cpp.o
#13 153.4 [231/305] Compiling C++ object SU2_CFD/src/libSU2core.a.p/numerics_flow_convection_hllc.cpp.o
#13 153.5 [232/305] Compiling C++ object SU2_CFD/src/libSU2core.a.p/numerics_flow_convection_ausm_slau.cpp.o
#13 154.1 [233/305] Compiling C++ object SU2_CFD/src/libSU2core.a.p/numerics_flow_convection_centered.cpp.o
#13 154.4 [234/305] Compiling C++ object SU2_CFD/src/libSU2core.a.p/numerics_flow_flow_diffusion.cpp.o
#13 154.8 [235/305] Compiling C++ object SU2_CFD/src/libSU2core.a.p/numerics_flow_flow_sources.cpp.o
#13 155.4 [236/305] Compiling C++ object SU2_CFD/src/libSU2core.a.p/numerics_NEMO_convection_lax.cpp.o
#13 156.0 [237/305] Compiling C++ object SU2_CFD/src/libSU2core.a.p/numerics_NEMO_convection_roe.cpp.o
#13 156.1 [238/305] Compiling C++ object SU2_CFD/src/libSU2core.a.p/numerics_NEMO_CNEMONumerics.cpp.o
#13 156.7 [239/305] Compiling C++ object SU2_CFD/src/libSU2core.a.p/numerics_NEMO_convection_msw.cpp.o
#13 156.9 [240/305] Compiling C++ object SU2_CFD/src/libSU2core.a.p/numerics_NEMO_convection_ausm_slau.cpp.o
#13 157.4 [241/305] Compiling C++ object SU2_CFD/src/libSU2core.a.p/numerics_NEMO_NEMO_diffusion.cpp.o
#13 157.6 [242/305] Compiling C++ object SU2_CFD/src/libSU2core.a.p/numerics_NEMO_NEMO_sources.cpp.o
#13 158.2 [243/305] Compiling C++ object SU2_CFD/src/libSU2core.a.p/numerics_continuous_adjoint_adj_diffusion.cpp.o
#13 158.3 [244/305] Compiling C++ object SU2_CFD/src/libSU2core.a.p/numerics_continuous_adjoint_adj_convection.cpp.o
#13 158.8 [245/305] Compiling C++ object SU2_CFD/src/libSU2core.a.p/numerics_scalar_scalar_sources.cpp.o
#13 158.9 [246/305] Compiling C++ object SU2_CFD/src/libSU2core.a.p/numerics_continuous_adjoint_adj_sources.cpp.o
#13 159.4 [247/305] Compiling C++ object SU2_CFD/src/libSU2core.a.p/numerics_species_species_sources.cpp.o
#13 159.5 [248/305] Compiling C++ object SU2_CFD/src/libSU2core.a.p/numerics_elasticity_CFEAElasticity.cpp.o
#13 160.1 [249/305] Compiling C++ object SU2_CFD/src/libSU2core.a.p/numerics_elasticity_CFEALinearElasticity.cpp.o
#13 160.3 [250/305] Compiling C++ object SU2_CFD/src/libSU2core.a.p/numerics_elasticity_CFEANonlinearElasticity.cpp.o
#13 160.7 [251/305] Compiling C++ object SU2_CFD/src/libSU2core.a.p/numerics_elasticity_nonlinear_models.cpp.o
#13 160.8 [252/305] Compiling C++ object SU2_CFD/src/libSU2core.a.p/numerics_CGradSmoothing.cpp.o
#13 162.5 [253/305] Compiling C++ object SU2_CFD/src/libSU2core.a.p/interfaces_CInterface.cpp.o
#13 163.9 [254/305] Compiling C++ object SU2_CFD/src/libSU2core.a.p/interfaces_cfd_CConservativeVarsInterface.cpp.o
#13 165.4 [255/305] Compiling C++ object SU2_CFD/src/libSU2core.a.p/interfaces_cfd_CMixingPlaneInterface.cpp.o
#13 166.8 [256/305] Compiling C++ object SU2_CFD/src/libSU2core.a.p/interfaces_cfd_CSlidingInterface.cpp.o
#13 168.2 [257/305] Compiling C++ object SU2_CFD/src/libSU2core.a.p/interfaces_cht_CConjugateHeatInterface.cpp.o
#13 169.7 [258/305] Compiling C++ object SU2_CFD/src/libSU2core.a.p/interfaces_fsi_CDisplacementsInterface.cpp.o
#13 170.8 [259/305] Compiling C++ object SU2_CFD/src/libSU2core.a.p/.._include_numerics_simd_CNumericsSIMD.cpp.o
#13 170.8 In file included from ../SU2_CFD/include/numerics_simd/flow/convection/upwind.hpp:33,
#13 170.8                  from ../SU2_CFD/include/numerics_simd/CNumericsSIMD.cpp:31:
#13 170.8 ../SU2_CFD/include/numerics_simd/flow/convection/common.hpp: In function 'Double umusclProjection(Double, Double, Double)':
#13 170.8 ../SU2_CFD/include/numerics_simd/flow/convection/common.hpp:44:49: note: parameter passing for argument of type 'simd::Array<double>' when C++17 is enabled changed to match C++14 in GCC 10.1
#13 170.8    44 |                                     Double kappa) {
#13 170.8       |                                                 ^
#13 171.3 [260/305] Compiling C++ object SU2_CFD/src/libSU2core.a.p/interfaces_fsi_CFlowTractionInterface.cpp.o
#13 172.2 [261/305] Compiling C++ object SU2_CFD/src/libSU2core.a.p/interfaces_fsi_CDiscAdjFlowTractionInterface.cpp.o
#13 174.0 [262/305] Compiling C++ object SU2_CFD/src/libSU2core.a.p/drivers_CMultizoneDriver.cpp.o
#13 175.6 [263/305] Compiling C++ object SU2_CFD/src/libSU2core.a.p/drivers_CSinglezoneDriver.cpp.o
#13 178.3 [264/305] Compiling C++ object SU2_CFD/src/libSU2core.a.p/drivers_CDiscAdjMultizoneDriver.cpp.o
#13 178.5 [265/305] Compiling C++ object SU2_CFD/src/libSU2core.a.p/drivers_CDriver.cpp.o
#13 180.1 [266/305] Compiling C++ object SU2_CFD/src/libSU2core.a.p/drivers_CDummyDriver.cpp.o
#13 180.1 [267/305] Compiling C++ object SU2_CFD/src/libSU2core.a.p/drivers_CDiscAdjSinglezoneDriver.cpp.o
#13 181.5 [268/305] Compiling C++ object SU2_CFD/src/libSU2core.a.p/integration_CIntegration.cpp.o
#13 182.3 [269/305] Compiling C++ object SU2_CFD/src/libSU2core.a.p/drivers_CDriverBase.cpp.o
#13 183.0 [270/305] Compiling C++ object SU2_CFD/src/libSU2core.a.p/integration_CIntegrationFactory.cpp.o
#13 183.7 [271/305] Compiling C++ object SU2_CFD/src/libSU2core.a.p/integration_CSingleGridIntegration.cpp.o
#13 184.9 [272/305] Compiling C++ object SU2_CFD/src/libSU2core.a.p/integration_CMultiGridIntegration.cpp.o
#13 185.3 [273/305] Compiling C++ object SU2_CFD/src/libSU2core.a.p/integration_CNewtonIntegration.cpp.o
#13 186.4 [274/305] Compiling C++ object SU2_CFD/src/libSU2core.a.p/integration_CStructuralIntegration.cpp.o
#13 186.8 [275/305] Compiling C++ object SU2_CFD/src/libSU2core.a.p/integration_CFEM_DG_Integration.cpp.o
#13 188.0 [276/305] Compiling C++ object SU2_CFD/src/libSU2core.a.p/iteration_CIteration.cpp.o
#13 188.2 [277/305] Compiling C++ object SU2_CFD/src/libSU2core.a.p/iteration_CIterationFactory.cpp.o
#13 189.6 [278/305] Compiling C++ object SU2_CFD/src/libSU2core.a.p/iteration_CAdjFluidIteration.cpp.o
#13 190.0 [279/305] Compiling C++ object SU2_CFD/src/libSU2core.a.p/iteration_CDiscAdjFluidIteration.cpp.o
#13 191.2 [280/305] Compiling C++ object SU2_CFD/src/libSU2core.a.p/iteration_CDiscAdjHeatIteration.cpp.o
#13 191.6 [281/305] Compiling C++ object SU2_CFD/src/libSU2core.a.p/iteration_CDiscAdjFEAIteration.cpp.o
#13 192.8 [282/305] Compiling C++ object SU2_CFD/src/libSU2core.a.p/iteration_CFEAIteration.cpp.o
#13 193.1 [283/305] Compiling C++ object SU2_CFD/src/libSU2core.a.p/iteration_CFEMFluidIteration.cpp.o
#13 194.7 [284/305] Compiling C++ object SU2_CFD/src/libSU2core.a.p/iteration_CHeatIteration.cpp.o
#13 195.0 [285/305] Compiling C++ object SU2_CFD/src/libSU2core.a.p/iteration_CFluidIteration.cpp.o
#13 195.5 [286/305] Compiling C++ object SU2_CFD/src/libSU2core.a.p/limiters_CLimiterDetails.cpp.o
#13 196.2 [287/305] Compiling C++ object SU2_CFD/src/libSU2core.a.p/iteration_CTurboIteration.cpp.o
#13 196.2 [288/305] Linking static target SU2_CFD/src/libSU2core.a
#13 197.7 [289/305] Compiling C++ object SU2_DEF/src/SU2_DEF.p/SU2_DEF.cpp.o
#13 199.5 [290/305] Compiling C++ object SU2_DEF/src/SU2_DEF.p/drivers_CDeformationDriver.cpp.o
#13 200.6 [291/305] Compiling C++ object SU2_CFD/src/SU2_CFD.p/SU2_CFD.cpp.o
#13 200.9 [292/305] Linking target SU2_CFD/src/SU2_CFD
#13 202.4 [293/305] Compiling C++ object SU2_DEF/src/libSU2core_DEF.a.p/SU2_DEF.cpp.o
#13 204.3 [294/305] Compiling C++ object SU2_DEF/src/libSU2core_DEF.a.p/drivers_CDeformationDriver.cpp.o
#13 207.8 [295/305] Compiling C++ object SU2_DEF/src/SU2_DEF.p/drivers_CDiscAdjDeformationDriver.cpp.o
#13 207.9 [296/305] Linking target SU2_DEF/src/SU2_DEF
#13 209.5 [297/305] Compiling C++ object SU2_DOT/src/SU2_DOT.p/SU2_DOT.cpp.o
#13 210.9 [298/305] Compiling C++ object SU2_GEO/src/SU2_GEO.p/SU2_GEO.cpp.o
#13 211.0 [299/305] Linking target SU2_GEO/src/SU2_GEO
#13 212.6 [300/305] Compiling C++ object SU2_DEF/src/libSU2core_DEF.a.p/drivers_CDiscAdjDeformationDriver.cpp.o
#13 212.6 [301/305] Linking static target SU2_DEF/src/libSU2core_DEF.a
#13 212.8 [302/305] Compiling C++ object SU2_SOL/src/SU2_SOL.p/SU2_SOL.cpp.o
#13 212.8 [303/305] Linking target SU2_DOT/src/SU2_DOT
#13 212.9 [304/305] Linking target SU2_SOL/src/SU2_SOL
#13 212.9 [304/305] Installing files
#13 213.0 Installing subdir /opt/SU2/SU2_PY/../externals/FADO to /opt/su2-install/bin/FADO
#13 213.0 Installing SU2_CFD/src/SU2_CFD to /opt/su2-install/bin
#13 213.0 Installing SU2_DEF/src/SU2_DEF to /opt/su2-install/bin
#13 213.0 Installing SU2_DOT/src/SU2_DOT to /opt/su2-install/bin
#13 213.0 Installing SU2_GEO/src/SU2_GEO to /opt/su2-install/bin
#13 213.0 Installing SU2_SOL/src/SU2_SOL to /opt/su2-install/bin
#13 213.0 Installing /opt/SU2/SU2_PY/continuous_adjoint.py to /opt/su2-install/bin
#13 213.0 Installing /opt/SU2/SU2_PY/compute_uncertainty.py to /opt/su2-install/bin
#13 213.0 Installing /opt/SU2/SU2_PY/finite_differences.py to /opt/su2-install/bin
#13 213.0 Installing /opt/SU2/SU2_PY/mesh_deformation.py to /opt/su2-install/bin
#13 213.0 Installing /opt/SU2/SU2_PY/parallel_computation.py to /opt/su2-install/bin
#13 213.0 Installing /opt/SU2/SU2_PY/parallel_computation_fsi.py to /opt/su2-install/bin
#13 213.0 Installing /opt/SU2/SU2_PY/shape_optimization.py to /opt/su2-install/bin
#13 213.0 Installing /opt/SU2/SU2_PY/merge_solution.py to /opt/su2-install/bin
#13 213.0 Installing /opt/SU2/SU2_PY/set_ffd_design_var.py to /opt/su2-install/bin
#13 213.0 Installing /opt/SU2/SU2_PY/compute_polar.py to /opt/su2-install/bin
#13 213.0 Installing /opt/SU2/SU2_PY/discrete_adjoint.py to /opt/su2-install/bin
#13 213.0 Installing /opt/SU2/SU2_PY/direct_differentiation.py to /opt/su2-install/bin
#13 213.0 Installing /opt/SU2/SU2_PY/fsi_computation.py to /opt/su2-install/bin
#13 213.0 Installing /opt/SU2/SU2_PY/SU2_CFD.py to /opt/su2-install/bin
#13 213.0 Installing /opt/SU2/SU2_PY/SU2/__init__.py to /opt/su2-install/bin/SU2
#13 213.0 Installing /opt/SU2/SU2_PY/SU2/eval/design.py to /opt/su2-install/bin/SU2/eval
#13 213.0 Installing /opt/SU2/SU2_PY/SU2/eval/functions.py to /opt/su2-install/bin/SU2/eval
#13 213.0 Installing /opt/SU2/SU2_PY/SU2/eval/gradients.py to /opt/su2-install/bin/SU2/eval
#13 213.0 Installing /opt/SU2/SU2_PY/SU2/eval/__init__.py to /opt/su2-install/bin/SU2/eval
#13 213.0 Installing /opt/SU2/SU2_PY/SU2/io/config.py to /opt/su2-install/bin/SU2/io
#13 213.0 Installing /opt/SU2/SU2_PY/SU2/io/config_options.py to /opt/su2-install/bin/SU2/io
#13 213.0 Installing /opt/SU2/SU2_PY/SU2/io/data.py to /opt/su2-install/bin/SU2/io
#13 213.0 Installing /opt/SU2/SU2_PY/SU2/io/filelock.py to /opt/su2-install/bin/SU2/io
#13 213.0 Installing /opt/SU2/SU2_PY/SU2/io/redirect.py to /opt/su2-install/bin/SU2/io
#13 213.0 Installing /opt/SU2/SU2_PY/SU2/io/state.py to /opt/su2-install/bin/SU2/io
#13 213.0 Installing /opt/SU2/SU2_PY/SU2/io/tools.py to /opt/su2-install/bin/SU2/io
#13 213.0 Installing /opt/SU2/SU2_PY/SU2/io/historyMap.py to /opt/su2-install/bin/SU2/io
#13 213.0 Installing /opt/SU2/SU2_PY/SU2/io/__init__.py to /opt/su2-install/bin/SU2/io
#13 213.0 Installing /opt/SU2/SU2_PY/SU2/opt/project.py to /opt/su2-install/bin/SU2/opt
#13 213.0 Installing /opt/SU2/SU2_PY/SU2/opt/scipy_tools.py to /opt/su2-install/bin/SU2/opt
#13 213.0 Installing /opt/SU2/SU2_PY/SU2/opt/__init__.py to /opt/su2-install/bin/SU2/opt
#13 213.0 Installing /opt/SU2/SU2_PY/SU2/run/adjoint.py to /opt/su2-install/bin/SU2/run
#13 213.0 Installing /opt/SU2/SU2_PY/SU2/run/deform.py to /opt/su2-install/bin/SU2/run
#13 213.0 Installing /opt/SU2/SU2_PY/SU2/run/direct.py to /opt/su2-install/bin/SU2/run
#13 213.0 Installing /opt/SU2/SU2_PY/SU2/run/interface.py to /opt/su2-install/bin/SU2/run
#13 213.0 Installing /opt/SU2/SU2_PY/SU2/run/merge.py to /opt/su2-install/bin/SU2/run
#13 213.0 Installing /opt/SU2/SU2_PY/SU2/run/geometry.py to /opt/su2-install/bin/SU2/run
#13 213.0 Installing /opt/SU2/SU2_PY/SU2/run/projection.py to /opt/su2-install/bin/SU2/run
#13 213.0 Installing /opt/SU2/SU2_PY/SU2/run/__init__.py to /opt/su2-install/bin/SU2/run
#13 213.0 Installing /opt/SU2/SU2_PY/SU2/util/bunch.py to /opt/su2-install/bin/SU2/util
#13 213.0 Installing /opt/SU2/SU2_PY/SU2/util/filter_adjoint.py to /opt/su2-install/bin/SU2/util
#13 213.0 Installing /opt/SU2/SU2_PY/SU2/util/lhc_unif.py to /opt/su2-install/bin/SU2/util
#13 213.0 Installing /opt/SU2/SU2_PY/SU2/util/misc.py to /opt/su2-install/bin/SU2/util
#13 213.0 Installing /opt/SU2/SU2_PY/SU2/util/mp_eval.py to /opt/su2-install/bin/SU2/util
#13 213.0 Installing /opt/SU2/SU2_PY/SU2/util/ordered_bunch.py to /opt/su2-install/bin/SU2/util
#13 213.0 Installing /opt/SU2/SU2_PY/SU2/util/ordered_dict.py to /opt/su2-install/bin/SU2/util
#13 213.0 Installing /opt/SU2/SU2_PY/SU2/util/plot.py to /opt/su2-install/bin/SU2/util
#13 213.0 Installing /opt/SU2/SU2_PY/SU2/util/polarSweepLib.py to /opt/su2-install/bin/SU2/util
#13 213.0 Installing /opt/SU2/SU2_PY/SU2/util/which.py to /opt/su2-install/bin/SU2/util
#13 213.0 Installing /opt/SU2/SU2_PY/SU2/util/switch.py to /opt/su2-install/bin/SU2/util
#13 213.0 Installing /opt/SU2/SU2_PY/SU2/util/__init__.py to /opt/su2-install/bin/SU2/util
#13 213.0 Installing /opt/SU2/SU2_PY/FSI_tools/__init__.py to /opt/su2-install/bin/FSI_tools
#13 213.0 Installing /opt/SU2/SU2_PY/FSI_tools/FSIInterface.py to /opt/su2-install/bin/FSI_tools
#13 213.0 Installing /opt/SU2/SU2_PY/FSI_tools/FSI_config.py to /opt/su2-install/bin/FSI_tools
#13 213.0 Installing /opt/SU2/SU2_PY/SU2_Nastran/__init__.py to /opt/su2-install/bin/SU2_Nastran
#13 213.0 Installing /opt/SU2/SU2_PY/SU2_Nastran/pysu2_nastran.py to /opt/su2-install/bin/SU2_Nastran
#13 DONE 213.1s

#14 [10/10] WORKDIR /case
#14 DONE 0.1s

#15 exporting to image
#15 exporting layers
#15 exporting layers 8.8s done
#15 exporting manifest sha256:c2ad2d1da0172872562a02557cc40d536d2114e9485a031724db27cc68e64aba
#15 exporting manifest sha256:c2ad2d1da0172872562a02557cc40d536d2114e9485a031724db27cc68e64aba 0.0s done
#15 exporting config sha256:0368caa55b0f7c659b4290c1ea5058be0e013ff79f887c56def5be2872dacfc8 0.0s done
#15 exporting attestation manifest sha256:3565510e40c901a1513618da8bb3a2251b1ad826c2730b8ef5a494d1838e1a8f 0.0s done
#15 exporting manifest list sha256:c496fe61337ebef922bbd35d18f3a4d0f30c1524c0fc08fbcfff7b5c68d54643 0.0s done
#15 naming to docker.io/library/concentration-aware-ns:su2 done
#15 unpacking to docker.io/library/concentration-aware-ns:su2
#15 unpacking to docker.io/library/concentration-aware-ns:su2 2.3s done
#15 DONE 11.2s
