{
  "scope": "Archived OpenFOAM high-gradient v2 run-log schedule recheck only; no solver rerun and no accuracy verdict upgrade.",
  "manifest_sha256": "9dc26bad1e249669fa18a3a430712edf8df83445238c1cb846fb4b262debb89c",
  "protocol_sha256": "838ac4d91d8a816f96cebf02d780a9ec7df265ae3b45748d2a2c795c6d80d93d",
  "cases": [
    {
      "case": "n16-dt0.001",
      "archive_sha256": "a500dd1d3946f7e468d33257d3b866550af55db678749c6b4f7cb6f8be35ee62",
      "standard_acceptance": "PASS",
      "time_sequence_matches_fixed_delta_t": true,
      "time_sequence_mismatches_zero_based": [],
      "observed_time_steps": 50,
      "expected_time_steps": 50
    },
    {
      "case": "n32-dt0.001",
      "archive_sha256": "94e684e5d698862021be002eaef8c9bdef4387f9b582831e8edc931a4146c70d",
      "standard_acceptance": "PASS",
      "time_sequence_matches_fixed_delta_t": true,
      "time_sequence_mismatches_zero_based": [],
      "observed_time_steps": 50,
      "expected_time_steps": 50
    },
    {
      "case": "n64-dt0.001",
      "archive_sha256": "03060dc6a9b031ce7204c2dc94af2e51407aae5195ad964cee586d9e2ed76d8e",
      "standard_acceptance": "PASS",
      "time_sequence_matches_fixed_delta_t": true,
      "time_sequence_mismatches_zero_based": [],
      "observed_time_steps": 50,
      "expected_time_steps": 50
    },
    {
      "case": "n128-dt0.001",
      "archive_sha256": "595d27fe2e0ca061e727624444406419870bff8d06d11a38f911fdcebd19e0f0",
      "standard_acceptance": "PASS",
      "time_sequence_matches_fixed_delta_t": true,
      "time_sequence_mismatches_zero_based": [],
      "observed_time_steps": 50,
      "expected_time_steps": 50
    }
  ],
  "success": true
}
