WARNING: Cache entry deserialization failed, entry ignored
Collecting numpy<3,>=1.26 (from -r <CLEAN_EXPORT_ROOT>/source/requirements.txt (line 1))
  Downloading numpy-2.5.3-cp312-cp312-macosx_14_0_arm64.whl.metadata (6.6 kB)
WARNING: Cache entry deserialization failed, entry ignored
Collecting sympy==1.14.0 (from -r <CLEAN_EXPORT_ROOT>/source/requirements-verification.txt (line 2))
  Using cached sympy-1.14.0-py3-none-any.whl.metadata (12 kB)
WARNING: Cache entry deserialization failed, entry ignored
Collecting scipy==1.16.2 (from -r <CLEAN_EXPORT_ROOT>/source/requirements-verification.txt (line 3))
  Downloading scipy-1.16.2-cp312-cp312-macosx_14_0_arm64.whl.metadata (62 kB)
WARNING: Cache entry deserialization failed, entry ignored
Collecting python-flint==0.9.0 (from -r <CLEAN_EXPORT_ROOT>/source/requirements-verification.txt (line 4))
  Downloading python_flint-0.9.0-cp310-abi3-macosx_11_0_arm64.whl.metadata (23 kB)
WARNING: Cache entry deserialization failed, entry ignored
Collecting pytest==9.1.1 (from -r <CLEAN_EXPORT_ROOT>/source/requirements-verification.txt (line 5))
  Using cached pytest-9.1.1-py3-none-any.whl.metadata (7.6 kB)
Collecting numpy<3,>=1.26 (from -r <CLEAN_EXPORT_ROOT>/source/requirements.txt (line 1))
  Downloading numpy-2.5.2-cp312-cp312-macosx_14_0_arm64.whl.metadata (6.6 kB)
WARNING: Cache entry deserialization failed, entry ignored
Collecting mpmath==1.3.0 (from -r requirements-verification-locked.txt (line 5))
  Using cached mpmath-1.3.0-py3-none-any.whl.metadata (8.6 kB)
WARNING: Cache entry deserialization failed, entry ignored
Collecting iniconfig==2.3.0 (from -r requirements-verification-locked.txt (line 7))
  Using cached iniconfig-2.3.0-py3-none-any.whl.metadata (2.5 kB)
WARNING: Cache entry deserialization failed, entry ignored
Collecting packaging==26.3 (from -r requirements-verification-locked.txt (line 8))
  Using cached packaging-26.3-py3-none-any.whl.metadata (3.5 kB)
WARNING: Cache entry deserialization failed, entry ignored
Collecting pluggy==1.6.0 (from -r requirements-verification-locked.txt (line 9))
  Using cached pluggy-1.6.0-py3-none-any.whl.metadata (4.8 kB)
WARNING: Cache entry deserialization failed, entry ignored
Collecting Pygments==2.21.0 (from -r requirements-verification-locked.txt (line 10))
  Using cached pygments-2.21.0-py3-none-any.whl.metadata (2.5 kB)
Downloading numpy-2.5.2-cp312-cp312-macosx_14_0_arm64.whl (5.4 MB)
   ━━━━━━━━━━━━━━━━━━━━━━━━━━━━━━━━━━━━━━━━ 5.4/5.4 MB 14.6 MB/s eta 0:00:00
Using cached sympy-1.14.0-py3-none-any.whl (6.3 MB)
Downloading scipy-1.16.2-cp312-cp312-macosx_14_0_arm64.whl (20.9 MB)
   ━━━━━━━━━━━━━━━━━━━━━━━━━━━━━━━━━━━━━━━━ 20.9/20.9 MB 10.2 MB/s eta 0:00:00
Downloading python_flint-0.9.0-cp310-abi3-macosx_11_0_arm64.whl (7.9 MB)
   ━━━━━━━━━━━━━━━━━━━━━━━━━━━━━━━━━━━━━━━━ 7.9/7.9 MB 6.3 MB/s eta 0:00:00
Using cached pytest-9.1.1-py3-none-any.whl (386 kB)
Using cached mpmath-1.3.0-py3-none-any.whl (536 kB)
Using cached iniconfig-2.3.0-py3-none-any.whl (7.5 kB)
Using cached packaging-26.3-py3-none-any.whl (129 kB)
Using cached pluggy-1.6.0-py3-none-any.whl (20 kB)
Using cached pygments-2.21.0-py3-none-any.whl (1.3 MB)
Installing collected packages: mpmath, sympy, python-flint, Pygments, pluggy, packaging, numpy, iniconfig, scipy, pytest
Successfully installed Pygments-2.21.0 iniconfig-2.3.0 mpmath-1.3.0 numpy-2.5.2 packaging-26.3 pluggy-1.6.0 pytest-9.1.1 python-flint-0.9.0 scipy-1.16.2 sympy-1.14.0
WARNING: Cache entry deserialization failed, entry ignored

[notice] A new release of pip is available: 25.0.1 -> 26.2.1
[notice] To update, run: pip install --upgrade pip
