Building ComparatorChallenges.NavierStokes
⚠ [8763/8763] Built ComparatorChallenges.NavierStokes (10s)
warning: ComparatorChallenges/NavierStokes.lean:273:8: declaration uses `sorry`
warning: ComparatorChallenges/NavierStokes.lean:280:8: declaration uses `sorry`
Build completed successfully (8763 jobs).
Exporting #[Nat, String, String.mk, Char, Quot, Quot.mk, Quot.lift, Quot.ind, NavierStokes.Comparator.navier_stokes_breakdown_R3, NavierStokes.Comparator.navier_stokes_breakdown_periodic, propext, Quot.sound, Classical.choice, Nat.add, Nat.sub, Nat.mul, Nat.pow, Nat.gcd, Nat.div, Nat.mod, Nat.beq, Nat.ble, Nat.land, Nat.lor, Nat.xor, Nat.shiftLeft, Nat.shiftRight, String.ofList, Char.ofNat, List, eagerReduce] from ComparatorChallenges.NavierStokes
Building NavierStokes.ComparatorSolution
✔ [6701/6803] Built NavierStokes.R3.ScalarEnergyBound (7.5s)
✔ [6740/6813] Built NavierStokes.R3.CompactForceBound (7.6s)
✔ [6828/6951] Built NavierStokes.R3.TemporalTestUniqueness (7.8s)
✔ [6829/6951] Built NavierStokes.R3.HilbertFunctionalExtension (7.8s)
✔ [7029/7168] Built NavierStokes.R3.ComparisonGronwall (8.3s)
✔ [7192/7352] Built NavierStokes.R3.ProblemStatement (8.6s)
✔ [8158/8277] Built NavierStokes.R3.ComparisonYoung (9.8s)
✔ [9275/9355] Built NavierStokes.R3.ComparisonSetup (5.7s)
✔ [9276/9355] Built NavierStokes.R3.CompactSchwartz (7.9s)
✔ [9277/9355] Built NavierStokes.R3.SpatialSupportScaling (8.7s)
✔ [9278/9357] Built NavierStokes.R3.CompactTimeIntegral (13s)
✔ [9279/9357] Built NavierStokes.R3.SpatialEnergyScaling (10s)
✔ [9280/9357] Built NavierStokes.R3.SharpEnergyBound (11s)
✔ [9281/9357] Built NavierStokes.R3.PositiveTimeForce (12s)
✔ [9282/9357] Built NavierStokes.R3.ComparisonRateBound (17s)
✔ [9284/9359] Built NavierStokes.PeriodicPaperSupport (15s)
✔ [9285/9359] Built NavierStokes.R3.RadialKernelBounds (14s)
✔ [9286/9359] Built NavierStokes.R3.GradientOperator (9.4s)
✔ [9287/9359] Built NavierStokes.R3.HeatKernelCancellation (13s)
✔ [9288/9360] Built NavierStokes.R3.HeatKernel (18s)
✔ [9289/9362] Built NavierStokes.R3.ComparisonFourierSetup (13s)
✔ [9290/9362] Built NavierStokes.R3.PairedKernelBound (22s)
✔ [9291/9362] Built NavierStokes.R3.LpNormTools (14s)
✔ [9292/9362] Built NavierStokes.R3.DelayedExtension (10s)
✔ [9293/9362] Built NavierStokes.R3.WeightedInterpolation (19s)
✔ [9294/9362] Built NavierStokes.R3.ParabolicSupport (10s)
✔ [9295/9362] Built NavierStokes.R3.ComparisonCutoffs (19s)
✔ [9296/9362] Built NavierStokes.R3.ViscosityScaling (14s)
✔ [9297/9362] Built NavierStokes.R3.GaussianMoments (14s)
✔ [9298/9364] Built NavierStokes.R3.WeakFourierUniqueness (15s)
✔ [9299/9364] Built NavierStokes.R3.HeatKernelTimeBound (18s)
✔ [9300/9364] Built NavierStokes.R3.CompactEnergy (27s)
✔ [9301/9364] Built NavierStokes.R3.FourierConvolution (18s)
✔ [9302/9364] Built NavierStokes.R3.HeatKernelFubini (12s)
✔ [9303/9364] Built NavierStokes.R3.SchwartzParseval (21s)
✔ [9304/9364] Built NavierStokes.R3.RieszSymbolRegularity (22s)
✔ [9306/9371] Built NavierStokes.ComparatorDefinitions (35s)
✔ [9307/9371] Built NavierStokes.R3.ComparisonFiniteEnergy (20s)
✔ [9308/9371] Built NavierStokes.R3.FourierTestDerivatives (28s)
✔ [9309/9371] Built NavierStokes.R3.WeakTimeContinuity (19s)
✔ [9310/9371] Built NavierStokes.R3.SchwartzCompactApproximation (19s)
✔ [9311/9371] Built NavierStokes.R3.WeightedSobolev (22s)
✔ [9312/9371] Built NavierStokes.R3.ParabolicDefinitions (12s)
✔ [9313/9371] Built NavierStokes.PeriodizeLatticeCover (10s)
✔ [9314/9371] Built NavierStokes.R3.FourierSobolevWeights (38s)
✔ [9315/9371] Built NavierStokes.R3.HeatKernelPairedBound (15s)
✔ [9316/9371] Built NavierStokes.R3.SpatialCauchySchwarz (10s)
✔ [9317/9371] Built NavierStokes.R3.LocalizedTransport (12s)
✔ [9318/9371] Built NavierStokes.R3.ForceL2Norm (13s)
✔ [9319/9371] Built NavierStokes.R3.SmoothSobolevL6 (26s)
✔ [9320/9371] Built NavierStokes.R3.ViscousEnergyBalance (15s)
✔ [9321/9371] Built NavierStokes.R3.LocalizedLaplacian (17s)
✔ [9322/9371] Built NavierStokes.R3.RieszLinearityDecay (16s)
✔ [9323/9371] Built NavierStokes.R3.ConservativeDifference (24s)
✔ [9324/9371] Built NavierStokes.R3.ParabolicCalculus (11s)
✔ [9325/9371] Built NavierStokes.R3.RieszPairing (22s)
✔ [9326/9371] Built NavierStokes.R3.RieszHeatRepresentation (29s)
✔ [9327/9371] Built NavierStokes.R3.CompactComparisonBounds (21s)
✔ [9328/9371] Built NavierStokes.PeriodicPaperScalingSupport (12s)
✔ [9329/9371] Built NavierStokes.R3.LocalizedTensorBounds (22s)
✔ [9330/9371] Built NavierStokes.R3.ParabolicEnergy (20s)
✔ [9331/9371] Built NavierStokes.PeriodizePDE (14s)
✔ [9332/9371] Built NavierStokes.R3.PressureFluxTest (36s)
✔ [9333/9371] Built NavierStokes.R3.HarmonicTestFunctionals (19s)
✔ [9334/9371] Built NavierStokes.R3.ComparisonTimeAverages (39s)
✔ [9335/9371] Built NavierStokes.ComparatorBridge (46s)
✔ [9336/9371] Built NavierStokes.R3.LocalizedDifferenceEnergy (23s)
✔ [9337/9371] Built NavierStokes.R3.PressureTemporalIdentity (21s)
✔ [9338/9371] Built NavierStokes.R3.ParabolicScaling (15s)
✔ [9339/9371] Built NavierStokes.R3.IntegratedDissipation (27s)
✔ [9340/9371] Built NavierStokes.R3.RieszL2Bounds (23s)
✔ [9341/9371] Built NavierStokes.R3.WholeSpaceEnergyLimit (10s)
✔ [9342/9371] Built NavierStokes.R3.PressureTestBounds (37s)
✔ [9343/9371] Built NavierStokes.R3.PressureRecoveryHelpers (12s)
✔ [9344/9371] Built NavierStokes.R3.LocalizedFluxEstimates (16s)
✔ [9345/9371] Built NavierStokes.PeriodicViscosityUniqueness (20s)
✔ [9346/9371] Built NavierStokes.ComparatorR3Bridge (22s)
✔ [9347/9371] Built NavierStokes.CompactSpatialForceDecay (24s)
✔ [9348/9371] Built NavierStokes.R3.WholeSpaceComparisonClosure (11s)
✔ [9349/9371] Built NavierStokes.R3.RieszTestOperators (24s)
✔ [9350/9371] Built NavierStokes.PeriodicViscosity (12s)
✔ [9351/9371] Built NavierStokes.R3.PressureFunctionals (20s)
✔ [9352/9371] Built NavierStokes.R3.ComparatorBridge (11s)
✔ [9353/9371] Built NavierStokes.R3.HeatKernelFourier (6.7s)
✔ [9354/9371] Built NavierStokes.R3CompactCandidate (13s)
✔ [9355/9371] Built NavierStokes.R3.PressureFluxIdentity (8.1s)
✔ [9356/9371] Built NavierStokes.R3.PressureRecovery (8.7s)
✔ [9357/9371] Built NavierStokes.R3.HeatKernelCommutator (5.2s)
✔ [9358/9371] Built NavierStokes.R3.ActualPressureFlux (1.6s)
✔ [9359/9371] Built NavierStokes.R3ActualCandidate (6.3s)
✔ [9360/9371] Built NavierStokes.R3.ActualCandidate (4.7s)
✔ [9361/9371] Built NavierStokes.R3.PressureFlux (5.6s)
✔ [9362/9371] Built NavierStokes.R3.WholeSpaceUniqueness (1.5s)
✔ [9363/9371] Built NavierStokes.R3.CandidateBreakdown (1.5s)
✔ [9364/9371] Built NavierStokes.R3FiniteEnergyComparison (3.0s)
✔ [9365/9371] Built NavierStokes.R3.Theorem (2.9s)
✔ [9366/9371] Built NavierStokes.ComparatorR3Theorem (2.9s)
✔ [9367/9371] Built NavierStokes.PeriodicPaperTheorem (3.2s)
✔ [9368/9371] Built NavierStokes.PeriodicComparatorSolution (2.6s)
✔ [9369/9371] Built NavierStokes.PeriodicPaperComparator (2.8s)
✔ [9370/9371] Built NavierStokes.ComparatorTheorem (2.9s)
ℹ [9371/9371] Built NavierStokes.ComparatorSolution (2.9s)
info: NavierStokes/ComparatorSolution.lean:31:0: 'NavierStokes.Comparator.navier_stokes_breakdown_R3' depends on axioms: [propext, Classical.choice, Quot.sound]
info: NavierStokes/ComparatorSolution.lean:32:0: 'NavierStokes.Comparator.navier_stokes_breakdown_periodic' depends on axioms: [propext, Classical.choice, Quot.sound]
Build completed successfully (9371 jobs).
Exporting #[Nat, String, String.mk, Char, Quot, Quot.mk, Quot.lift, Quot.ind, NavierStokes.Comparator.navier_stokes_breakdown_R3, NavierStokes.Comparator.navier_stokes_breakdown_periodic, propext, Quot.sound, Classical.choice, Nat.add, Nat.sub, Nat.mul, Nat.pow, Nat.gcd, Nat.div, Nat.mod, Nat.beq, Nat.ble, Nat.land, Nat.lor, Nat.xor, Nat.shiftLeft, Nat.shiftRight, String.ofList, Char.ofNat, List, eagerReduce] from NavierStokes.ComparatorSolution
Running nanoda kernel on solution
nanoda kernel accepts the solution
Running Lean default kernel on solution.
Lean default kernel accepts the solution
Your solution is okay!
