✔ [2688/2700] Built NavierStokes.ProblemStatement (2.3s)
✔ [2691/2700] Built NavierStokes.RadialAlias (3.1s)
✔ [2698/2708] Built NavierStokes.SpatialCurl (5.8s)
✔ [2700/2708] Built NavierStokes.JetBounds (5.4s)
✔ [2701/2708] Built NavierStokes.AxisymmetricFields (5.0s)
✔ [2702/2708] Built NavierStokes.WeightedClasses (7.6s)
✔ [2703/2733] Built NavierStokes.TransportPrimitive (14s)
✔ [2727/2745] Built NavierStokes.DiophantineGraph (6.0s)
✔ [3008/3015] Built NavierStokes.AxisymmetricResidual (8.1s)
✔ [3009/3024] Built NavierStokes.TorusInverse (8.0s)
✔ [3015/3024] Built NavierStokes.LocalAxisymmetricResidual (7.9s)
✔ [3016/3026] Built NavierStokes.SlotGeometry (4.7s)
✔ [3017/3026] Built NavierStokes.Scaling (1.8s)
✔ [3018/3026] Built NavierStokes.SmoothFourierData (19s)
✔ [3019/3026] Built NavierStokes.SlotColoring (6.3s)
✔ [3020/3026] Built NavierStokes.Flatness (1.2s)
✔ [3021/3026] Built NavierStokes.CylindricalResidual (20s)
✔ [3022/3026] Built NavierStokes.ChartScales (5.1s)
✔ [3023/3027] Built NavierStokes.ParametricTorusInverse (7.1s)
✔ [3024/3029] Built NavierStokes.FourierAlias (9.8s)
✔ [3025/3031] Built NavierStokes.MeanResidual (12s)
✔ [3027/3031] Built NavierStokes.FlatCutoff (2.0s)
✔ [3028/3031] Built NavierStokes.FlatKernelBounds (4.5s)
✔ [3029/3062] Built NavierStokes.SmoothParameterIntegral (6.2s)
✔ [3066/3074] Built NavierStokes.FlatPrimitive (3.6s)
✔ [3067/3076] Built NavierStokes.ParametricKernelBounds (4.3s)
✔ [3068/3078] Built NavierStokes.ConeAlgebra (4.5s)
✔ [3070/3081] Built NavierStokes.FlatPrimitiveFactor (3.4s)
✔ [3073/3085] Built NavierStokes.UniformCone (3.3s)
✔ [3074/3085] Built NavierStokes.ParametricFlatFactor (4.8s)
✔ [3075/3086] Built NavierStokes.PhaseCalculus (4.5s)
✔ [3076/3086] Built NavierStokes.GraphCalculus (3.2s)
✔ [3077/3086] Built NavierStokes.WeightedRadialPrimitive (9.5s)
✔ [3078/3088] Built NavierStokes.HarmonicCalculus (9.8s)
✔ [3079/3088] Built NavierStokes.SmoothFamilyTorusInverse (18s)
✔ [3080/3088] Built NavierStokes.HarmonicFields (6.7s)
✔ [3081/3088] Built NavierStokes.RadialPullback (7.6s)
✔ [3082/3090] Built NavierStokes.LoopMoments (2.3s)
✔ [3083/3091] Built NavierStokes.PressureStream (7.4s)
✔ [3084/3091] Built NavierStokes.SmoothLoop (5.7s)
✔ [3085/3093] Built NavierStokes.Covariance (2.1s)
✔ [3086/3093] Built NavierStokes.SmoothCovariance (4.6s)
✔ [3087/3093] Built NavierStokes.IntegratedMeanBalances (6.4s)
✔ [3088/3094] Built NavierStokes.PulseGrowth (1.6s)
✔ [3089/3094] Built NavierStokes.FlatCovariance (3.2s)
✔ [3091/3104] Built NavierStokes.GaussianEnvelope (5.0s)
✔ [3095/3104] Built NavierStokes.MeanMomentBounds (10s)
✔ [3099/3106] Built NavierStokes.UniformFourierAlias (10s)
✔ [3100/3106] Built NavierStokes.SmoothCutoffs (4.3s)
✔ [3101/3106] Built NavierStokes.MeanIncrementBounds (11s)
✔ [3102/3114] Built NavierStokes.PowerMomentMatrix (2.4s)
✔ [3105/3118] Built NavierStokes.MomentRepair (5.4s)
✔ [3107/3118] Built NavierStokes.PulseCovariance (7.9s)
✔ [3108/3118] Built NavierStokes.LocalizedMomentRepair (2.8s)
✔ [3109/3118] Built NavierStokes.TorusAverages (7.9s)
✔ [3110/3120] Built NavierStokes.SmoothMomentRepair (11s)
✔ [3111/3120] Built NavierStokes.OutgoingSchedule (7.5s)
✔ [3112/3120] Built NavierStokes.FiveRowRank (7.0s)
✔ [3113/3120] Built NavierStokes.SimilarityCoordinates (6.8s)
✔ [3114/3120] Built NavierStokes.TemporalMeanUpdate (12s)
✔ [3115/3120] Built NavierStokes.AngularMomentReset (10s)
✔ [3116/3120] Built NavierStokes.OutgoingTail (10s)
✔ [3117/3123] Built NavierStokes.PhysicalCoordinateBounds (9.1s)
✔ [3118/3125] Built NavierStokes.ParametricRephase (7.8s)
✔ [3119/3127] Built NavierStokes.UniformAngularReset (18s)
✔ [3120/3127] Built NavierStokes.TailEnergyBounds (9.9s)
✔ [3121/3128] Built NavierStokes.RadialSchedule (3.2s)
✔ [3122/3128] Built NavierStokes.OutgoingPulseBounds (20s)
✔ [3123/3128] Built NavierStokes.ResetEnergyBounds (4.8s)
✔ [3124/3128] Built NavierStokes.ReleaseMoments (3.4s)
✔ [3125/3129] Built NavierStokes.PulseAmplitude (24s)
✔ [3126/3140] Built NavierStokes.FiveProfileMoments (39s)
✔ [3149/3155] Built NavierStokes.CorrectedPulseAmplitude (6.4s)
✔ [3150/3155] Built NavierStokes.AxisWeightEstimates (5.3s)
✔ [3151/3155] Built NavierStokes.PressureDatum (6.5s)
✔ [3152/3157] Built NavierStokes.AnalyticPrimitive (2.3s)
✔ [3153/3158] Built NavierStokes.AxisCoefficientSpace (3.3s)
✔ [3154/3159] Built NavierStokes.AnalyticCoefficientBounds (4.4s)
✔ [3155/3161] Built NavierStokes.NaturalAxisData (6.3s)
✔ [3156/3164] Built NavierStokes.AxisEvaluation (5.4s)
✔ [3157/3170] Built NavierStokes.NaturalAxisRange (5.2s)
✔ [3158/3170] Built NavierStokes.AxisOperators (12s)
✔ [3159/3170] Built NavierStokes.AxisProfile (2.7s)
✔ [3160/3174] Built NavierStokes.AxisEvaluationAlgebra (4.8s)
✔ [3161/3174] Built NavierStokes.AxisResolvent (10s)
✔ [3162/3174] Built NavierStokes.RadialHeatProfile (5.6s)
✔ [3163/3176] Built NavierStokes.AxisSeries (11s)
✔ [3164/3178] Built NavierStokes.HeatTailEdit (4.8s)
✔ [3165/3178] Built NavierStokes.AxisContraction (12s)
✔ [3166/3184] Built NavierStokes.ParametricHeatTail (7.9s)
✔ [3167/3184] Built NavierStokes.DiagonalScale (2.3s)
✔ [3168/3184] Built NavierStokes.NaturalAxisBridge (4.9s)
✔ [3169/3185] Built NavierStokes.EndpointExtension (4.5s)
✔ [3170/3185] Built NavierStokes.TerminalCompensation (14s)
✔ [3171/3185] Built NavierStokes.BorelExtension (2.9s)
✔ [3172/3185] Built NavierStokes.AxisReference (2.8s)
✔ [3173/3185] Built NavierStokes.NaturalAxisCoefficients (4.5s)
✔ [3174/3185] Built NavierStokes.SquaredPartition (5.1s)
✔ [3175/3186] Built NavierStokes.ParametricTerminalCompensation (5.1s)
✔ [3176/3187] Built NavierStokes.HeatProfileExtension (2.0s)
✔ [3177/3191] Built NavierStokes.TangentProjection (2.8s)
✔ [3181/3192] Built NavierStokes.NaturalProfile (4.2s)
✔ [3182/3196] Built NavierStokes.SchedulePressure (2.6s)
✔ [3183/3196] Built NavierStokes.OutgoingProfile (3.6s)
✔ [3184/3197] Built NavierStokes.TangentODE (7.2s)
✔ [3185/3197] Built NavierStokes.OutgoingDilation (3.8s)
✔ [3186/3197] Built NavierStokes.ViscousPropagator (4.5s)
✔ [3187/3197] Built NavierStokes.GrowingMode (6.5s)
✔ [3188/3197] Built NavierStokes.ParametricODE (11s)
✔ [3189/3197] Built NavierStokes.LinearWaveResidual (7.8s)
✔ [3190/3197] Built NavierStokes.HeatedOutgoing (5.7s)
✔ [3191/3198] Built NavierStokes.MovingFrameODE (11s)
✔ [3192/3200] Built NavierStokes.ReservedPatches (6.8s)
✔ [3193/3200] Built NavierStokes.ResidualCalculus (4.3s)
✔ [3194/3202] Built NavierStokes.PhaseEstimates (11s)
✔ [3195/3202] Built NavierStokes.ResidualRegularity (5.4s)
✔ [3196/3202] Built NavierStokes.MeanRankUpdate (13s)
✔ [3197/3202] Built NavierStokes.PartitionedCovariance (4.3s)
✔ [3198/3202] Built NavierStokes.CurlGeometry (2.9s)
✔ [3199/3204] Built NavierStokes.CorrectionState (5.1s)
✔ [3200/3208] Built NavierStokes.SmoothPathFamily (5.0s)
✔ [3201/3208] Built NavierStokes.ResidualStability (19s)
✔ [3202/3208] Built NavierStokes.WeightedODEJets (8.3s)
✔ [3203/3208] Built NavierStokes.JointODE (2.4s)
✔ [3204/3209] Built NavierStokes.PrimaryODE (12s)
✔ [3205/3213] Built NavierStokes.OscillatoryCurl (15s)
✔ [3206/3213] Built NavierStokes.CoordinateAlgebra (3.4s)
✔ [3207/3213] Built NavierStokes.PhaseJetBounds (11s)
✔ [3208/3213] Built NavierStokes.PolarCharts (6.0s)
✔ [3209/3215] Built NavierStokes.CurlClassBounds (20s)
✔ [3210/3215] Built NavierStokes.PhysicalGraphBounds (25s)
✔ [3211/3219] Built NavierStokes.HarmonicResidual (9.8s)
✔ [3212/3220] Built NavierStokes.FlatZeroExtension (4.4s)
✔ [3213/3220] Built NavierStokes.GaussianTailFlat (8.8s)
✔ [3214/3220] Built NavierStokes.WeightedQuotients (5.2s)
✔ [3215/3220] Built NavierStokes.CommonCoverSolve (9.1s)
✔ [3216/3223] Built NavierStokes.LinearWaveBounds (8.1s)
✔ [3217/3224] Built NavierStokes.SignedCovariance (5.1s)
✔ [3218/3224] Built NavierStokes.ErrorHarmonics (6.6s)
✔ [3219/3225] Built NavierStokes.SimilarityProfile (5.9s)
✔ [3220/3227] Built NavierStokes.SimilarityHomogeneity (3.4s)
✔ [3221/3227] Built NavierStokes.CommonCoverClass (13s)
✔ [3222/3230] Built NavierStokes.PrimaryPulseBounds (17s)
✔ [3223/3231] Built NavierStokes.CopySolveCompatibility (4.7s)
✔ [3224/3231] Built NavierStokes.SignedStressPrimitive (8.6s)
✔ [3225/3231] Built NavierStokes.PrimaryCopyBridge (13s)
✔ [3226/3232] Built NavierStokes.CopyAngularInvariance (4.3s)
✔ [3227/3232] Built NavierStokes.WaveEnvelopeTransport (4.8s)
✔ [3228/3239] Built NavierStokes.PhysicalWaveSum (9.2s)
✔ [3229/3242] Built NavierStokes.WaveInteractionBounds (9.2s)
✔ [3230/3242] Built NavierStokes.HarmonicCovariance (3.7s)
✔ [3231/3242] Built NavierStokes.ParticularWaveBounds (24s)
✔ [3232/3242] Built NavierStokes.NormalScaling (1.0s)
✔ [3233/3242] Built NavierStokes.LabelSumBounds (8.3s)
✔ [3234/3242] Built NavierStokes.SignedWaveUpdate (9.3s)
✔ [3235/3242] Built NavierStokes.ScaledTangentTransport (3.6s)
✔ [3236/3245] Built NavierStokes.UniformPrimaryWeights (5.2s)
✔ [3237/3245] Built NavierStokes.PrimaryCovarianceBounds (8.9s)
✔ [3238/3245] Built NavierStokes.ParticularWaveAssembly (14s)
✔ [3239/3245] Built NavierStokes.PrimaryRepresentatives (11s)
✔ [3240/3245] Built NavierStokes.PeriodizedWaveBounds (9.2s)
✔ [3241/3245] Built NavierStokes.SignedCopyBounds (8.5s)
✔ [3242/3247] Built NavierStokes.ParticularCopyBounds (8.8s)
✔ [3243/3247] Built NavierStokes.BasePhaseGeometry (22s)
✔ [3244/3251] Built NavierStokes.EvenSmoothDescent (6.2s)
✔ [3246/3251] Built NavierStokes.ActualParticularControl (14s)
✔ [3247/3251] Built NavierStokes.CompactSmoothFamily (6.7s)
✔ [3248/3251] Built NavierStokes.CauchyRestriction (3.0s)
✔ [3249/3258] Built NavierStokes.ParametricEvenDescent (4.8s)
✔ [3251/3260] Built NavierStokes.HolomorphicFamily (7.3s)
✔ [3254/3260] Built NavierStokes.VolterraAnalyticBounds (4.8s)
✔ [3255/3271] Built NavierStokes.SpacetimeEndpoint (13s)
✔ [3262/3271] Built NavierStokes.NilpotentVolterra (15s)
✔ [3263/3271] Built NavierStokes.RadialModulation (4.0s)
✔ [3264/3271] Built NavierStokes.SpatialBorelExtension (7.2s)
✔ [3265/3271] Built NavierStokes.VolterraParity (7.7s)
✔ [3266/3279] Built NavierStokes.SpacetimeGluing (5.5s)
✔ [3345/3360] Built NavierStokes.StressAlgebra (4.4s)
✔ [3346/3364] Built NavierStokes.VolterraRegularity (6.0s)
✔ [3349/3367] Built NavierStokes.ProfileHistories (8.5s)
✔ [3350/3367] Built NavierStokes.BoundaryAxisJets (9.1s)
✔ [3352/3367] Built NavierStokes.ReferencePath (10s)
✔ [3353/3368] Built NavierStokes.NaturalEntrance (23s)
✔ [3354/3368] Built NavierStokes.ShapeTransition (12s)
✔ [3355/3368] Built NavierStokes.ParametricRadialExtension (3.7s)
✔ [3357/3370] Built NavierStokes.StressActivation (9.7s)
✔ [3358/3370] Built NavierStokes.AnnularAuxiliary (3.8s)
✔ [3359/3370] Built NavierStokes.OutgoingHistories (10s)
✔ [3360/3370] Built NavierStokes.ActivationBounds (8.0s)
✔ [3361/3371] Built NavierStokes.LoopVariance (8.2s)
✔ [3362/3373] Built NavierStokes.ReferenceJetBounds (7.3s)
✔ [3363/3373] Built NavierStokes.ActivationStocks (7.7s)
✔ [3364/3373] Built NavierStokes.TrueConeLoop (8.8s)
✔ [3365/3373] Built NavierStokes.ReferenceBounds (22s)
✔ [3366/3373] Built NavierStokes.ActivationCone (27s)
✔ [3367/3376] Built NavierStokes.TransitionRamp (16s)
✔ [3368/3376] Built NavierStokes.ModulatedStockBounds (3.0s)
✔ [3369/3376] Built NavierStokes.ParametricModulation (8.7s)
✔ [3370/3377] Built NavierStokes.ExtendedHeatDebts (7.8s)
✔ [3371/3377] Built NavierStokes.ActivationContinuation (21s)
✔ [3372/3379] Built NavierStokes.ExtendedHeatedOutgoing (7.4s)
✔ [3373/3380] Built NavierStokes.ModulatedHistories (13s)
✔ [3374/3380] Built NavierStokes.FuturePressureBounds (7.9s)
✔ [3375/3381] Built NavierStokes.NominalProfile (16s)
✔ [3376/3381] Built NavierStokes.ModulatedCone (12s)
✔ [3377/3383] Built NavierStokes.MatchingDebtBounds (21s)
✔ [3378/3383] Built NavierStokes.OutgoingEntranceCone (30s)
✔ [3379/3386] Built NavierStokes.PulseLag (6.6s)
✔ [3380/3387] Built NavierStokes.PulseEnergyHistory (17s)
✔ [3381/3388] Built NavierStokes.CorrectedPressureBounds (7.4s)
✔ [3382/3393] Built NavierStokes.SlowDivergence (2.9s)
✔ [3383/3393] Built NavierStokes.ShapedWaitBounds (31s)
✔ [3384/3394] Built NavierStokes.RadialFluxResidual (3.3s)
✔ [3385/3396] Built NavierStokes.EdgeWeightJets (9.5s)
✔ [3386/3398] Built NavierStokes.SlowExpansionResidual (17s)
✔ [3387/3401] Built NavierStokes.LeadingStress (6.5s)
✔ [3388/3402] Built NavierStokes.PulseCone (35s)
✔ [3389/3402] Built NavierStokes.TerminalStress (9.5s)
✔ [3390/3402] Built NavierStokes.RenormalizedHeatMoment (9.7s)
✔ [3391/3404] Built NavierStokes.MatchingConeBounds (27s)
✔ [3392/3404] Built NavierStokes.PhysicalHeatCoordinates (1.6s)
✔ [3393/3406] Built NavierStokes.TailCone (34s)
✔ [3394/3406] Built NavierStokes.HeatTailHistoryLimits (4.5s)
✔ [3395/3406] Built NavierStokes.TerminalPressure (16s)
✔ [3396/3406] Built NavierStokes.OutgoingCone (15s)
✔ [3397/3406] Built NavierStokes.TerminalEdgeFactor (15s)
✔ [3398/3410] Built NavierStokes.HeatSwitchCone (17s)
✔ [3399/3411] Built NavierStokes.TerminalCone (5.0s)
✔ [3400/3411] Built NavierStokes.RepairConeBounds (35s)
✔ [3401/3411] Built NavierStokes.HeatSwitchHistoryDerivatives (9.1s)
✔ [3402/3412] Built NavierStokes.AxisSourceRegularity (16s)
✔ [3403/3412] Built NavierStokes.ScheduledProfileChoice (1.6s)
✔ [3404/3412] Built NavierStokes.PositiveAxisSystem (75s)
✔ [3405/3412] Built NavierStokes.TerminalHistoryBridge (10s)
✔ [3406/3412] Built NavierStokes.PreparedOutgoing (1.6s)
✔ [3407/3412] Built NavierStokes.PositiveOrderMoments (6.6s)
✔ [3408/3417] Built NavierStokes.PositiveAxisExistence (10s)
✔ [3409/3417] Built NavierStokes.NominalConeAssembly (6.6s)
✔ [3410/3417] Built NavierStokes.SlowStressSupport (5.5s)
✔ [3411/3417] Built NavierStokes.SolenoidalDiagonal (4.6s)
✔ [3412/3424] Built NavierStokes.SlowRecursion (9.5s)
✔ [3413/3424] Built NavierStokes.DiagonalJetBounds (2.3s)
✔ [3414/3424] Built NavierStokes.AxisHolomorphic (7.3s)
✔ [3415/3425] Built NavierStokes.AxisHolomorphicJoint (5.8s)
✔ [3416/3425] Built NavierStokes.SlowBorelBase (16s)
✔ [3417/3425] Built NavierStokes.ActivationHolomorphic (10s)
✔ [3418/3427] Built NavierStokes.SlowResidualMatching (11s)
✔ [3419/3428] Built NavierStokes.ActualSlowAxis (5.9s)
✔ [3420/3428] Built NavierStokes.BlowupImplication (1.5s)
✔ [3421/3429] Built NavierStokes.NaturalCoefficientBridge (5.5s)
✔ [3422/3430] Built NavierStokes.GlobalSlowProfiles (10s)
✔ [3423/3430] Built NavierStokes.DiagonalResidual (8.7s)
✔ [3424/3433] Built NavierStokes.NaturalCore (5.6s)
✔ [3425/3433] Built NavierStokes.ActiveAnnulusWeight (9.4s)
✔ [3426/3434] Built NavierStokes.AssembledSlowBase (9.7s)
✔ [3427/3434] Built NavierStokes.AxisTailRegularity (2.0s)
✔ [3428/3434] Built NavierStokes.SlowFirstOrderEdge (5.9s)
✔ [3429/3434] Built NavierStokes.GlobalStressSupport (4.3s)
✔ [3430/3439] Built NavierStokes.ModulatedProfileAssembly (6.2s)
✔ [3431/3443] Built NavierStokes.PositiveRepresentatives (11s)
✔ [3432/3443] Built NavierStokes.ZerothStressIdentity (6.2s)
✔ [3433/3443] Built NavierStokes.BaseResidual (27s)
✔ [3434/3443] Built NavierStokes.LeadingStressWeights (4.2s)
✔ [3435/3446] Built NavierStokes.FirstOrderBaseEdge (4.0s)
✔ [3436/3448] Built NavierStokes.BaseExterior (6.9s)
✔ [3437/3448] Built NavierStokes.BasePrefixIdentity (4.5s)
✔ [3438/3453] Built NavierStokes.PhysicalMeanDomain (15s)
✔ [3439/3453] Built NavierStokes.MeanChartCompatibility (13s)
✔ [3440/3453] Built NavierStokes.ConstructedSlowBase (5.2s)
✔ [3441/3453] Built NavierStokes.HarmonicMeanInteraction (6.5s)
✔ [3442/3453] Built NavierStokes.ModulatedExterior (2.8s)
✔ [3443/3456] Built NavierStokes.EntranceAlignedBase (4.8s)
✔ [3444/3457] Built NavierStokes.BaseChartJets (7.5s)
✔ [3445/3457] Built NavierStokes.HarmonicWaveInteraction (7.9s)
✔ [3446/3459] Built NavierStokes.LiftedMeanResidual (12s)
✔ [3447/3460] Built NavierStokes.ProfileSpectralCone (9.7s)
✔ [3448/3460] Built NavierStokes.LocalSignedRequest (6.7s)
✔ [3449/3460] Built NavierStokes.PhysicalResidualBridge (10s)
✔ [3450/3460] Built NavierStokes.StateReindex (6.9s)
✔ [3451/3462] Built NavierStokes.AlignedProfileSpectralCone (4.5s)
✔ [3452/3462] Built NavierStokes.PrimaryFieldAssembly (5.4s)
✔ [3453/3465] Built NavierStokes.PhysicalResidualTZ (4.4s)
✔ [3454/3465] Built NavierStokes.HarmonicSourceSupport (10s)
✔ [3455/3465] Built NavierStokes.PhysicalCurlCovariance (11s)
✔ [3456/3465] Built NavierStokes.FinalSlowBase (5.5s)
✔ [3457/3466] Built NavierStokes.PrimaryGeometryAssembly (5.5s)
✔ [3458/3468] Built NavierStokes.PhysicalParticularWave (11s)
✔ [3459/3468] Built NavierStokes.DefectIncrementBounds (8.5s)
✔ [3460/3468] Built NavierStokes.PrimaryTargetBounds (10s)
✔ [3461/3469] Built NavierStokes.PeriodicPhaseAssembly (4.0s)
✔ [3462/3470] Built NavierStokes.PhysicalResidualNaturality (12s)
✔ [3463/3470] Built NavierStokes.PrimaryCopyBounds (14s)
✔ [3464/3470] Built NavierStokes.PrimaryResidualClass (4.9s)
✔ [3465/3473] Built NavierStokes.VariableGaugeMean (30s)
✔ [3466/3473] Built NavierStokes.PrimaryMaterialDefect (3.9s)
✔ [3467/3473] Built NavierStokes.PhysicalSignedWave (10s)
✔ [3468/3477] Built NavierStokes.LocalRankDefect (7.4s)
✔ [3469/3481] Built NavierStokes.BaseRadialJets (5.3s)
✔ [3470/3482] Built NavierStokes.ActualSignedControl (5.9s)
✔ [3471/3482] Built NavierStokes.AllBandBaseJets (2.8s)
✔ [3472/3482] Built NavierStokes.HarmonicStructurePreservation (3.1s)
✔ [3473/3484] Built NavierStokes.LocalizedWaveBounds (12s)
✔ [3474/3484] Built NavierStokes.BaseContextAssembly (7.0s)
✔ [3475/3485] Built NavierStokes.AxisymmetricResidualGrouping (2.0s)
✔ [3476/3485] Built NavierStokes.LocalizedGaussianBounds (4.0s)
✔ [3477/3485] Built NavierStokes.BaseStressClasses (3.8s)
✔ [3478/3488] Built NavierStokes.LocalResidualGrouping (3.4s)
✔ [3479/3488] Built NavierStokes.UniformBlockBounds (2.0s)
✔ [3480/3488] Built NavierStokes.CommonBaseContext (4.3s)
✔ [3481/3488] Built NavierStokes.LocalizedMeanInteraction (3.9s)
✔ [3482/3489] Built NavierStokes.UniformHarmonicInteraction (6.8s)
✔ [3483/3489] Built NavierStokes.ActualSignedGeometry (10s)
✔ [3484/3489] Built NavierStokes.MeanBoundsReindex (3.1s)
✔ [3485/3496] Built NavierStokes.MovingMomentBounds (2.9s)
✔ [3486/3499] Built NavierStokes.ScaledActualParticularControl (9.4s)
✔ [3487/3499] Built NavierStokes.StateMomentBalances (8.0s)
✔ [3488/3499] Built NavierStokes.LocalizedCurlRealization (2.4s)
✔ [3489/3501] Built NavierStokes.NativePrincipalEquations (2.2s)
✔ [3490/3504] Built NavierStokes.GaugeMomentBalances (6.9s)
✔ [3491/3504] Built NavierStokes.ActualGaussianCoverage (7.9s)
✔ [3492/3504] Built NavierStokes.GaugeAliasDecay (5.6s)
✔ [3493/3505] Built NavierStokes.RankStateBounds (3.6s)
✔ [3494/3505] Built NavierStokes.SignedMeanGain (9.6s)
✔ [3495/3505] Built NavierStokes.ExponentLedger (2.9s)
✔ [3496/3505] Built NavierStokes.LabelSupportPreservation (5.3s)
✔ [3497/3505] Built NavierStokes.GaugeMassPreservation (3.0s)
✔ [3498/3505] Built NavierStokes.BandReindexedSignedMeanGain (1.9s)
✔ [3499/3509] Built NavierStokes.BaseRankPatch (2.4s)
✔ [3500/3512] Built NavierStokes.GaugeDebtIncrement (3.8s)
✔ [3501/3513] Built NavierStokes.WaveStateRegularity (3.2s)
✔ [3502/3513] Built NavierStokes.PhysicalClassBounds (6.7s)
✔ [3503/3514] Built NavierStokes.MeanStateRegularity (2.7s)
✔ [3504/3517] Built NavierStokes.GaugeStateCoherence (4.4s)
✔ [3505/3517] Built NavierStokes.MeanStageRegularity (3.7s)
✔ [3506/3517] Built NavierStokes.WaveEdgeExtension (6.2s)
✔ [3507/3519] Built NavierStokes.ActualBaseResidual (12s)
✔ [3508/3519] Built NavierStokes.TemporalStateCoherence (35s)
✔ [3509/3520] Built NavierStokes.NativeBandExtension (9.3s)
✔ [3510/3520] Built NavierStokes.RankStateCoherence (6.0s)
✔ [3511/3523] Built NavierStokes.GaugeExcludedBounds (3.5s)
✔ [3512/3523] Built NavierStokes.SimilarityApproach (1.6s)
✔ [3513/3525] Built NavierStokes.JointResidualLimits (4.1s)
✔ [3514/3526] Built NavierStokes.GlobalBaseError (1.0s)
✔ [3515/3527] Built NavierStokes.CorrectionStep (51s)
✔ [3516/3529] Built NavierStokes.EndpointCoordinates (2.6s)
✔ [3517/3531] Built NavierStokes.SlowBaseEndpoint (6.3s)
✔ [3518/3533] Built NavierStokes.GaugeRadialResidualBounds (5.9s)
✔ [3519/3537] Built NavierStokes.ScaledParticularFrameJets (5.3s)
✔ [3520/3539] Built NavierStokes.ScalarParticularSupport (7.8s)
✔ [3521/3544] Built NavierStokes.NativeCutoffJets (4.4s)
✔ [3522/3547] Built NavierStokes.ActualCycleExcluded (3.7s)
✔ [3523/3547] Built NavierStokes.PeriodicLocalization (3.4s)
✔ [3524/3548] Built NavierStokes.TimeLocalization (2.7s)
✔ [3525/3551] Built NavierStokes.SpatialLocalization (4.9s)
✔ [3526/3551] Built NavierStokes.PastExtension (2.6s)
✔ [3527/3551] Built NavierStokes.CompactForceDecay (2.1s)
✔ [3528/3551] Built NavierStokes.CorrectionInitialization (51s)
✔ [3529/3551] Built NavierStokes.CandidateFromLimits (7.4s)
✔ [3530/3552] Built NavierStokes.ActualPhaseDefect (28s)
✔ [3531/3557] Built NavierStokes.ActualPrimaryCovariance (22s)
✔ [3532/3557] Built NavierStokes.PeriodicResidualLimits (6.0s)
✔ [3533/3557] Built NavierStokes.ActualPrimaryCoherence (23s)
✔ [3534/3557] Built NavierStokes.ActualPrimaryBounds (19s)
✔ [3535/3557] Built NavierStokes.PhysicalCopyBounds (4.8s)
✔ [3536/3561] Built NavierStokes.TailGaugePotential (4.8s)
✔ [3537/3561] Built NavierStokes.ActualInitialCoherence (9.1s)
✔ [3538/3561] Built NavierStokes.ActualPrimaryDynamics (13s)
✔ [3539/3561] Built NavierStokes.ActualParticularBackground (3.6s)
✔ [3540/3562] Built NavierStokes.ActualInitialMean (3.9s)
✔ [3541/3562] Built NavierStokes.CutStageEstimates (7.0s)
✔ [3542/3562] Built NavierStokes.ActualPhaseJetBounds (7.4s)
✔ [3543/3562] Built NavierStokes.AnnularEndpoint (4.7s)
✔ [3544/3562] Built NavierStokes.ActualInitialMeanEquation (4.8s)
✔ [3545/3562] Built NavierStokes.ActualSignedDynamics (3.6s)
✔ [3546/3562] Built NavierStokes.CycleStateCoherence (4.1s)
✔ [3547/3562] Built NavierStokes.MixedDiagonalSchedule (2.3s)
✔ [3548/3562] Built NavierStokes.ActualInitialExcluded (10s)
✔ [3549/3566] Built NavierStokes.OffplaneCorrectionExtensions (9.7s)
✔ [3550/3566] Built NavierStokes.ActualInitialization (13s)
✔ [3551/3566] Built NavierStokes.ActualCarrierGeometry (2.6s)
✔ [3552/3566] Built NavierStokes.DirectAngularDiagonal (4.6s)
✔ [3553/3567] Built NavierStokes.ActualSignedStageControls (24s)
✔ [3554/3567] Built NavierStokes.LocalPhysicalCopyBounds (5.7s)
✔ [3555/3567] Built NavierStokes.ActualCycleGeometry (4.9s)
✔ [3556/3567] Built NavierStokes.ParticularPaddedBackground (6.6s)
✔ [3557/3567] Built NavierStokes.ActualCarrierTransportBase (6.5s)
✔ [3558/3567] Built NavierStokes.MixedPeriodicAssembly (3.3s)
✔ [3559/3567] Built NavierStokes.PhysicalMeanJetBounds (9.7s)
✔ [3560/3567] Built NavierStokes.ActualParticularStageControls (9.4s)
✔ [3561/3567] Built NavierStokes.MixedDiagonalResidual (2.3s)
✔ [3562/3568] Built NavierStokes.PhysicalStageBounds (4.6s)
✔ [3563/3568] Built NavierStokes.ActualCycleParameters (6.7s)
✔ [3564/3568] Built NavierStokes.CyclePhysicalPrefixes (4.2s)
✔ [3565/3575] Built NavierStokes.MixedDiagonalExtensions (2.1s)
✔ [3566/3577] Built NavierStokes.ActualIterationLedger (3.1s)
✔ [3567/3577] Built NavierStokes.AxisPreservation (3.7s)
✔ [3568/3580] Built NavierStokes.ActualMeanPotentialRealization (5.6s)
✔ [3569/3582] Built NavierStokes.MixedAxisPreservation (3.4s)
✔ [3570/3582] Built NavierStokes.ActualPeriodizedSignedRealization (7.1s)
✔ [3571/3582] Built NavierStokes.LocalAngularDiagonal (1.9s)
✔ [3572/3582] Built NavierStokes.CartesianCopySource (6.5s)
✔ [3573/3583] Built NavierStokes.InitialNativeRegularity (2.2s)
✔ [3574/3586] Built NavierStokes.MixedCandidateAssembly (2.4s)
✔ [3575/3586] Built NavierStokes.ActualBaseVelocityBounds (7.7s)
✔ [3576/3586] Built NavierStokes.PhysicalStageSupport (4.9s)
✔ [3577/3586] Built NavierStokes.ActualSignedPhysicalData (14s)
✔ [3578/3586] Built NavierStokes.MixedFiniteBackground (2.1s)
✔ [3579/3586] Built NavierStokes.LocalMeanPhysicalBounds (4.1s)
✔ [3580/3586] Built NavierStokes.InitializedPhysicalBackground (7.7s)
✔ [3581/3593] Built NavierStokes.InitialPhysicalData (24s)
✔ [3582/3593] Built NavierStokes.PeriodicIntegration (2.8s)
✔ [3583/3595] Built NavierStokes.PeriodicUniqueness (6.5s)
✔ [3584/3595] Built NavierStokes.ActualMeanPhysicalData (23s)
✔ [3585/3595] Built NavierStokes.PeriodicSobolev (2.8s)
✔ [3586/3595] Built NavierStokes.MaximalLifespan (2.7s)
✔ [3587/3597] Built NavierStokes.ValidBandGluing (1.6s)
✔ [3588/3597] Built NavierStokes.ActualPhysicalStageBounds (8.4s)
✔ [3589/3597] Built NavierStokes.CandidateConsequences (10s)
✔ [3590/3597] Built NavierStokes.ActualMeanStageData (18s)
✔ [3591/3597] Built NavierStokes.ValidDyadicBandCover (2.4s)
✔ [3592/3598] Built NavierStokes.MixedCandidateWitness (2.8s)
✔ [3593/3600] Built NavierStokes.ActualWaveRegularity (5.6s)
✔ [3594/3600] Built NavierStokes.GermCandidateAssembly (6.1s)
✔ [3595/3600] Built NavierStokes.ClosedNativeWaveIdentities (20s)
✔ [3596/3600] Built NavierStokes.ActualCandidateConstruction (48s)
✔ [3597/3604] Built NavierStokes.ActualWaveRegularityData (23s)
✔ [3598/3604] Built NavierStokes.ModeSolenoidalReindex (1.8s)
✔ [3599/3605] Built NavierStokes.SubcoverPeriodicity (2.3s)
✔ [3600/3605] Built NavierStokes.ActualParticularRealization (10s)
✔ [3601/3605] Built NavierStokes.GaussianErrorNaturality (7.4s)
✔ [3602/3605] Built NavierStokes.ActualParticularDynamics (54s)
✔ [3603/3608] Built NavierStokes.IntervalCopyTransport (6.2s)
✔ [3604/3611] Built NavierStokes.ActualReferenceRebase (49s)
✔ [3605/3611] Built NavierStokes.ActualCoreSupport (5.2s)
✔ [3606/3611] Built NavierStokes.ActualCarrierTransport (1.5s)
✔ [3607/3611] Built NavierStokes.ActualParticularMeanGain (2.9s)
✔ [3608/3613] Built NavierStokes.ActualCopySliceRegularity (4.1s)
✔ [3609/3614] Built NavierStokes.ActualCycleAssembly (12s)
✔ [3610/3616] Built NavierStokes.FiniteHeadClass (1.4s)
✔ [3611/3616] Built NavierStokes.ActualParticularCoherence (18s)
✔ [3612/3617] Built NavierStokes.CycleMeanEquation (10s)
✔ [3613/3619] Built NavierStokes.SignedCrossDefectClass (1.0s)
✔ [3614/3619] Built NavierStokes.CrossBasedMeanComposition (8.1s)
✔ [3615/3622] Built NavierStokes.ActualSignedCoherence (9.3s)
✔ [3616/3625] Built NavierStokes.ActualSeedPeriodicity (1.8s)
✔ [3617/3625] Built NavierStokes.CorrectionAnalyticStep (10s)
✔ [3618/3625] Built NavierStokes.ActualWaveCoefficientPeriodicity (2.7s)
✔ [3619/3625] Built NavierStokes.ActualSignedGaussianCoherence (2.5s)
✔ [3620/3626] Built NavierStokes.ActualCyclePeriodicity (3.1s)
✔ [3621/3627] Built NavierStokes.ActualCycleCoherence (12s)
✔ [3622/3628] Built NavierStokes.ActualParticularGaussian (15s)
✔ [3623/3628] Built NavierStokes.ActualSignedGaussian (2.9s)
✔ [3624/3629] Built NavierStokes.ActualSignedOutputBounds (3.2s)
✔ [3625/3631] Built NavierStokes.ActualSignedMeanBinding (15s)
✔ [3626/3631] Built NavierStokes.ActualParticularCycleData (21s)
✔ [3627/3631] Built NavierStokes.ActualSignedCommonDynamics (5.3s)
✔ [3628/3636] Built NavierStokes.ActualCurrentParticularPhysical (4.6s)
✔ [3629/3638] Built NavierStokes.ActualIntermediateDebtBounds (6.4s)
✔ [3630/3638] Built NavierStokes.ResidualPolarGraph (1.7s)
✔ [3631/3639] Built NavierStokes.ActualParticularPotentialCoherence (4.0s)
✔ [3632/3639] Built NavierStokes.CurrentParticularPhysicalCoherence (1.9s)
✔ [3633/3647] Built NavierStokes.ActualCyclePreservation (6.4s)
✔ [3634/3648] Built NavierStokes.TorusMeanRequestRebase (3.5s)
✔ [3635/3648] Built NavierStokes.DependentSignedPhysicalFamily (4.2s)
✔ [3636/3649] Built NavierStokes.PhysicalResidualJetBounds (8.7s)
✔ [3637/3650] Built NavierStokes.ActualPolarCoverage (6.0s)
✔ [3638/3650] Built NavierStokes.ActualCycleResidualBounds (23s)
✔ [3639/3650] Built NavierStokes.ActualMeanExterior (5.8s)
✔ [3640/3651] Built NavierStokes.ActualCurrentWaveSupport (3.7s)
✔ [3641/3652] Built NavierStokes.ActualSignedPhysicalBinding (42s)
✔ [3642/3652] Built NavierStokes.ActualCurrentCarrierJets (2.3s)
✔ [3643/3652] Built NavierStokes.ActualExteriorPrefix (1.0s)
✔ [3644/3652] Built NavierStokes.ActualStageEstimates (2.8s)
✔ [3645/3652] Built NavierStokes.ActualValidBandWaves (2.9s)
✔ [3646/3655] Built NavierStokes.CurrentParticularLabelBounds (3.2s)
✔ [3647/3655] Built NavierStokes.ActualSignedExterior (2.8s)
✔ [3648/3655] Built NavierStokes.CurrentPhysicalChartJets (3.9s)
✔ [3649/3656] Built NavierStokes.CurrentPhysicalModeGerms (2.6s)
✔ [3650/3657] Built NavierStokes.ActualPhysicalPrefixFields (3.9s)
✔ [3651/3657] Built NavierStokes.CurrentModeGeometry (2.3s)
✔ [3652/3657] Built NavierStokes.ActualSignedNativeProfiles (2.1s)
✔ [3653/3659] Built NavierStokes.PositiveTimeCopyFamily (2.2s)
✔ [3654/3660] Built NavierStokes.ActualCurrentParticularAssembly (2.5s)
✔ [3655/3661] Built NavierStokes.PositiveTimeSignedLocalization (1.0s)
✔ [3656/3661] Built NavierStokes.ActualSignedReferenceGeometry (3.7s)
✔ [3657/3662] Built NavierStokes.ActualCurrentParticularBounds (6.4s)
✔ [3658/3663] Built NavierStokes.PositiveTimeSignedData (4.2s)
✔ [3659/3665] Built NavierStokes.GluedStageEstimates (5.1s)
✔ [3660/3665] Built NavierStokes.FlatDyadicExtension (3.5s)
✔ [3661/3669] Built NavierStokes.ActualSignedFamilySupport (2.5s)
✔ [3662/3669] Built NavierStokes.ActualSignedUnmaskedBounds (3.5s)
✔ [3663/3670] Built NavierStokes.ActualSignedPotentialCoherence (3.7s)
✔ [3664/3672] Built NavierStokes.ActualSignedNativeBounds (19s)
✔ [3665/3672] Built NavierStokes.ActualSignedUnmaskedBinding (19s)
✔ [3666/3674] Built NavierStokes.ActualSignedPhysicalGeometry (2.9s)
✔ [3667/3674] Built NavierStokes.CurrentSignedCurl (3.2s)
✔ [3668/3674] Built NavierStokes.SignedPhysicalSumCalculus (2.4s)
✔ [3670/3679] Built NavierStokes.ActualSignedCurrentSupport (1.0s)
✔ [3671/3679] Built NavierStokes.ActualSignedNativeRegularity (5.1s)
✔ [3672/3679] Built NavierStokes.ActualSignedPhysicalZeros (6.6s)
✔ [3673/3679] Built NavierStokes.GenericEndpointExtension (9.1s)
✔ [3674/3679] Built NavierStokes.ActualSignedWaveData (3.6s)
✔ [3675/3679] Built NavierStokes.OffplaneJetExtensions (4.9s)
✔ [3676/3679] Built NavierStokes.ActualSignedPhysicalCoherence (8.3s)
✔ [3677/3679] Built NavierStokes.ActualEndpointInputs (2.1s)
✔ [3678/3679] Built NavierStokes.GermEndpointInputs (2.5s)
✔ [3679/3679] Built NavierStokes.ActualCandidateAssembly (5.9s)
Build completed successfully (3679 jobs).
