{
  "operator": "periodic centered second-order finite difference (roll stencil)",
  "boundary_treatment": "periodic wrap on all three axes",
  "sample_convention": "uniform cell centers on [0,2*pi)^3",
  "n": 32,
  "frequency": 4,
  "injected_perturbation_amplitude": 0.01,
  "exact_sample_control": {
    "computed_vs_stencil_matched_reference_gradient_relative_l2": 0.0,
    "stencil_matched_reference_vs_analytic_gradient_relative_l2": 0.09968368384289213
  },
  "injected_perturbation_control": {
    "computed_vs_stencil_matched_reference_gradient_relative_l2": 0.005411961001461966,
    "injected_field_error_expected_relative_l2": 0.005411961001461971
  },
  "continuous_gradient_error_certified": false,
  "scope": "Synthetic diagnostic controls only; no solver run, acceptance threshold, or continuous-field error certificate.",
  "protocol": "protocols/openfoam-derivative-diagnostics-v3.json",
  "protocol_sha256": "86e80303d502acf095853dbb9300f5edb7b1702bafa8b6bf2631b21929013f91",
  "analysis_source_sha256": "4c1a272ea886d924923394e561076a2f0ea31712044a0a2f25e717e4139b9670"
}
