{
  "checker": "tools/check_spherical_orientation_diffusion.py",
  "checker_sha256": "546c7a4a403f71803472f589b625f5ee4ada76bf1831d9216f788cfa8c4e158b",
  "python_version": "3.14.5",
  "python_implementation": "cpython",
  "platform": "macOS-26.6.2-arm64-arm-64bit-Mach-O",
  "sympy_version": "1.14.0",
  "scope": "Full unit-sphere Smoluchowski equation for an ideal rigid Jeffery director in spatially uniform axisymmetric extension with prescribed rotational diffusion.",
  "time_change": "s=log(tau0/tau), tau=1-t",
  "strain_rate": "gamma=C/(2*tau)",
  "jeffery_drift_on_sphere": "b(p)=a*(p_z*e_z-p_z^2*p), a=3*kappa*C/2",
  "rotational_diffusion": "D_r(t)=D0*tau^(-delta)",
  "transformed_fokker_planck": "partial_s rho=-div_S(b*rho)+D0*tau0^(1-delta)*exp((delta-1)*s)*Delta_S rho",
  "zonal_laplacian_x2": "2 - 6*x**2",
  "surface_divergence_of_drift": "a*(1 - 3*x**2)",
  "delta_lt_one_total_diffusion_example_delta_half": "2*D0*sqrt(tau0)",
  "delta_eq_one_stationary_density_relative_to_surface_area": "rho_inf(p)=Z^(-1)*exp(chi*p_z^2), chi=a/(2*D0)",
  "stationarity_method": "The drift is (a/2)*grad_S(p_z^2); this density has zero probability current. For D0>0, ellipticity on compact connected S^2 gives the unique invariant density.",
  "unoriented_target_cone_probability": "integral_c^1 exp(chi*x^2) dx / integral_0^1 exp(chi*x^2) dx, c=cos(beta_star)",
  "target_cone_probability_erfi_form": "1 - erfi(sqrt(chi)*cutoff)/erfi(sqrt(chi))",
  "target_cone_probability_isotropic_limit": "1 - cutoff",
  "delta_gt_one_limit": "The transformed diffusivity grows exponentially. The mean-zero density obeys a Poincare energy inequality Y' <= -lambda*D(s)*Y + K/D(s) for sufficiently large D(s), hence rho converges to the uniform surface density in L2(S^2).",
  "identities_pass": true,
  "limitations": [
    "No finite-particle strain-uniformity premise is established by the continuum flow proof.",
    "D_r divergence as tau approaches zero is a prescribed mathematical law, not a measured molecular constitutive law.",
    "The delta>1 limit is an asymptotic full-sphere model result; it does not imply unbounded physical variance.",
    "The delta<1 global stochastic convergence-to-poles theorem is not proved by this symbolic checker.",
    "No particle-position determinism, intermolecular ordering, phase transition, or viscosity change is established."
  ]
}
