✔ [3/11] Built Cache.Cli (763ms)
✔ [5/12] Built Cache.Lean (843ms)
✔ [7/27] Built Cache.Infra (792ms)
✔ [8/27] Built Cache.Cli:c.o (130ms)
✔ [9/27] Built Cache.Lean:c.o (92ms)
✔ [10/27] Built Batteries.Tactic.OpenPrivate (1.3s)
✔ [11/27] Built Cache.Infra:c.o (145ms)
✔ [12/27] Built Batteries.Tactic.OpenPrivate:c.o (826ms)
✔ [13/27] Built Cache.IO (1.6s)
✔ [14/27] Built Cache.IO:c.o (1.1s)
✔ [15/27] Built Cache.Hashing (1.2s)
✔ [16/27] Built Cache.Hashing:c.o (260ms)
✔ [17/27] Built Cache.Requests (1.9s)
✔ [18/27] Built Cache.Marker (1.1s)
✔ [19/27] Built Cache.Marker:c.o (76ms)
✔ [20/27] Built Cache.Requests:c.o (1.7s)
✔ [21/27] Built Cache.Query (1.1s)
✔ [22/27] Built Cache.Query:c.o (179ms)
✔ [23/27] Built Cache.Warning (1.1s)
✔ [24/27] Built Cache.Warning:c.o (150ms)
✔ [25/27] Built Cache.Main (1.4s)
✔ [26/27] Built Cache.Main:c.o (559ms)
✔ [27/27] Built cache:exe (703ms)
Warning: failed to run Git to determine Mathlib's repository from origin remote
Ensure Git is installed and the 'origin' remote points to its GitHub repository.
Continuing to fetch the cache from leanprover-community/mathlib4.
Using cache from leanprover-community/mathlib4.
Warning: your project pins different versions of some dependencies than Mathlib.
This will cause `lake exe cache get` to compute wrong hashes.

  plausible:
    project: path:../packages/plausible
    mathlib: d9598f07b1bc
  LeanSearchClient:
    project: path:../packages/LeanSearchClient
    mathlib: ba67e212be11
  importGraph:
    project: path:../packages/importGraph
    mathlib: d8823026ac7e
  proofwidgets:
    project: path:../packages/proofwidgets
    mathlib: a8acbfd87375
  aesop:
    project: path:../packages/aesop
    mathlib: 18889deb9e83
  Qq:
    project: path:../packages/Qq
    mathlib: 507746ab8f4b
  batteries:
    project: path:../packages/batteries
    mathlib: d54dddc581e0
  Cli:
    project: path:../packages/Cli
    mathlib: ab3a82db9fea

Some mismatched dependencies come transitively from other packages in your lakefile. Try putting `require mathlib` last in your lakefile so that Mathlib's versions take precedence, then run `lake update`.
