Building ComparatorChallenges.NavierStokes
⚠ [8763/8763] Replayed ComparatorChallenges.NavierStokes
warning: ComparatorChallenges/NavierStokes.lean:273:8: declaration uses `sorry`
warning: ComparatorChallenges/NavierStokes.lean:280:8: declaration uses `sorry`
Build completed successfully (8763 jobs).
Exporting #[Nat, String, String.mk, Char, Quot, Quot.mk, Quot.lift, Quot.ind, NavierStokes.Comparator.navier_stokes_breakdown_R3, NavierStokes.Comparator.navier_stokes_breakdown_periodic, propext, Quot.sound, Classical.choice, Nat.add, Nat.sub, Nat.mul, Nat.pow, Nat.gcd, Nat.div, Nat.mod, Nat.beq, Nat.ble, Nat.land, Nat.lor, Nat.xor, Nat.shiftLeft, Nat.shiftRight, String.ofList, Char.ofNat, List, eagerReduce] from ComparatorChallenges.NavierStokes
Building NavierStokes.ComparatorSolution
✖ [3175/3206] Building NavierStokes.R3.WeightedInterpolation (20s)
trace: .> LEAN_PATH=/verify/packages/Cli/.lake/build/lib/lean:/verify/packages/batteries/.lake/build/lib/lean:/verify/packages/Qq/.lake/build/lib/lean:/verify/packages/aesop/.lake/build/lib/lean:/verify/packages/proofwidgets/.lake/build/lib/lean:/verify/packages/importGraph/.lake/build/lib/lean:/verify/packages/LeanSearchClient/.lake/build/lib/lean:/verify/packages/plausible/.lake/build/lib/lean:/verify/packages/lean4export/.lake/build/lib/lean:/verify/packages/mathlib/.lake/build/lib/lean:/verify/packages/Comparator/.lake/build/lib/lean:/verify/independent-source/.lake/build/lib/lean /verify/toolchain/bin/lean /verify/independent-source/NavierStokes/R3/WeightedInterpolation.lean -o /verify/independent-source/.lake/build/lib/lean/NavierStokes/R3/WeightedInterpolation.olean -i /verify/independent-source/.lake/build/lib/lean/NavierStokes/R3/WeightedInterpolation.ilean -c /verify/independent-source/.lake/build/ir/NavierStokes/R3/WeightedInterpolation.c --setup /verify/independent-source/.lake/build/ir/NavierStokes/R3/WeightedInterpolation.setup.json --json
error: NavierStokes/R3/WeightedInterpolation.lean:1:0: failed to open file '/verify/packages/mathlib/.lake/build/lib/lean/Mathlib/MeasureTheory/Integral/Lebesgue/Countable.ir': Too many open files
✖ [3176/3206] Building NavierStokes.R3.SchwartzParseval (19s)
trace: .> LEAN_PATH=/verify/packages/Cli/.lake/build/lib/lean:/verify/packages/batteries/.lake/build/lib/lean:/verify/packages/Qq/.lake/build/lib/lean:/verify/packages/aesop/.lake/build/lib/lean:/verify/packages/proofwidgets/.lake/build/lib/lean:/verify/packages/importGraph/.lake/build/lib/lean:/verify/packages/LeanSearchClient/.lake/build/lib/lean:/verify/packages/plausible/.lake/build/lib/lean:/verify/packages/lean4export/.lake/build/lib/lean:/verify/packages/mathlib/.lake/build/lib/lean:/verify/packages/Comparator/.lake/build/lib/lean:/verify/independent-source/.lake/build/lib/lean /verify/toolchain/bin/lean /verify/independent-source/NavierStokes/R3/SchwartzParseval.lean -o /verify/independent-source/.lake/build/lib/lean/NavierStokes/R3/SchwartzParseval.olean -i /verify/independent-source/.lake/build/lib/lean/NavierStokes/R3/SchwartzParseval.ilean -c /verify/independent-source/.lake/build/ir/NavierStokes/R3/SchwartzParseval.c --setup /verify/independent-source/.lake/build/ir/NavierStokes/R3/SchwartzParseval.setup.json --json
error: NavierStokes/R3/SchwartzParseval.lean:1:0: failed to open file '/verify/packages/mathlib/.lake/build/lib/lean/Mathlib/RingTheory/Localization/FractionRing.ir.sig': Too many open files
✖ [3177/3206] Building NavierStokes.R3.RieszLinearityDecay (19s)
trace: .> LEAN_PATH=/verify/packages/Cli/.lake/build/lib/lean:/verify/packages/batteries/.lake/build/lib/lean:/verify/packages/Qq/.lake/build/lib/lean:/verify/packages/aesop/.lake/build/lib/lean:/verify/packages/proofwidgets/.lake/build/lib/lean:/verify/packages/importGraph/.lake/build/lib/lean:/verify/packages/LeanSearchClient/.lake/build/lib/lean:/verify/packages/plausible/.lake/build/lib/lean:/verify/packages/lean4export/.lake/build/lib/lean:/verify/packages/mathlib/.lake/build/lib/lean:/verify/packages/Comparator/.lake/build/lib/lean:/verify/independent-source/.lake/build/lib/lean /verify/toolchain/bin/lean /verify/independent-source/NavierStokes/R3/RieszLinearityDecay.lean -o /verify/independent-source/.lake/build/lib/lean/NavierStokes/R3/RieszLinearityDecay.olean -i /verify/independent-source/.lake/build/lib/lean/NavierStokes/R3/RieszLinearityDecay.ilean -c /verify/independent-source/.lake/build/ir/NavierStokes/R3/RieszLinearityDecay.c --setup /verify/independent-source/.lake/build/ir/NavierStokes/R3/RieszLinearityDecay.setup.json --json
error: NavierStokes/R3/RieszLinearityDecay.lean:1:0: failed to open file '/verify/packages/mathlib/.lake/build/lib/lean/Mathlib/Topology/Algebra/Module/ClosedSubmodule.ir.sig': Too many open files
✖ [3178/3206] Building NavierStokes.R3.HeatKernel (19s)
trace: .> LEAN_PATH=/verify/packages/Cli/.lake/build/lib/lean:/verify/packages/batteries/.lake/build/lib/lean:/verify/packages/Qq/.lake/build/lib/lean:/verify/packages/aesop/.lake/build/lib/lean:/verify/packages/proofwidgets/.lake/build/lib/lean:/verify/packages/importGraph/.lake/build/lib/lean:/verify/packages/LeanSearchClient/.lake/build/lib/lean:/verify/packages/plausible/.lake/build/lib/lean:/verify/packages/lean4export/.lake/build/lib/lean:/verify/packages/mathlib/.lake/build/lib/lean:/verify/packages/Comparator/.lake/build/lib/lean:/verify/independent-source/.lake/build/lib/lean /verify/toolchain/bin/lean /verify/independent-source/NavierStokes/R3/HeatKernel.lean -o /verify/independent-source/.lake/build/lib/lean/NavierStokes/R3/HeatKernel.olean -i /verify/independent-source/.lake/build/lib/lean/NavierStokes/R3/HeatKernel.ilean -c /verify/independent-source/.lake/build/ir/NavierStokes/R3/HeatKernel.c --setup /verify/independent-source/.lake/build/ir/NavierStokes/R3/HeatKernel.setup.json --json
error: NavierStokes/R3/HeatKernel.lean:1:0: failed to open file '/verify/packages/mathlib/.lake/build/lib/lean/Mathlib/LinearAlgebra/Dual/Lemmas.olean': Too many open files
✖ [3180/3206] Building NavierStokes.R3.RieszHeatRepresentation (19s)
trace: .> LEAN_PATH=/verify/packages/Cli/.lake/build/lib/lean:/verify/packages/batteries/.lake/build/lib/lean:/verify/packages/Qq/.lake/build/lib/lean:/verify/packages/aesop/.lake/build/lib/lean:/verify/packages/proofwidgets/.lake/build/lib/lean:/verify/packages/importGraph/.lake/build/lib/lean:/verify/packages/LeanSearchClient/.lake/build/lib/lean:/verify/packages/plausible/.lake/build/lib/lean:/verify/packages/lean4export/.lake/build/lib/lean:/verify/packages/mathlib/.lake/build/lib/lean:/verify/packages/Comparator/.lake/build/lib/lean:/verify/independent-source/.lake/build/lib/lean /verify/toolchain/bin/lean /verify/independent-source/NavierStokes/R3/RieszHeatRepresentation.lean -o /verify/independent-source/.lake/build/lib/lean/NavierStokes/R3/RieszHeatRepresentation.olean -i /verify/independent-source/.lake/build/lib/lean/NavierStokes/R3/RieszHeatRepresentation.ilean -c /verify/independent-source/.lake/build/ir/NavierStokes/R3/RieszHeatRepresentation.c --setup /verify/independent-source/.lake/build/ir/NavierStokes/R3/RieszHeatRepresentation.setup.json --json
error: NavierStokes/R3/RieszHeatRepresentation.lean:1:0: failed to open file '/verify/packages/mathlib/.lake/build/lib/lean/Mathlib/LinearAlgebra/Dimension/Subsingleton.olean': Too many open files
✖ [3185/3248] Building NavierStokes.R3.HarmonicTestFunctionals (19s)
trace: .> LEAN_PATH=/verify/packages/Cli/.lake/build/lib/lean:/verify/packages/batteries/.lake/build/lib/lean:/verify/packages/Qq/.lake/build/lib/lean:/verify/packages/aesop/.lake/build/lib/lean:/verify/packages/proofwidgets/.lake/build/lib/lean:/verify/packages/importGraph/.lake/build/lib/lean:/verify/packages/LeanSearchClient/.lake/build/lib/lean:/verify/packages/plausible/.lake/build/lib/lean:/verify/packages/lean4export/.lake/build/lib/lean:/verify/packages/mathlib/.lake/build/lib/lean:/verify/packages/Comparator/.lake/build/lib/lean:/verify/independent-source/.lake/build/lib/lean /verify/toolchain/bin/lean /verify/independent-source/NavierStokes/R3/HarmonicTestFunctionals.lean -o /verify/independent-source/.lake/build/lib/lean/NavierStokes/R3/HarmonicTestFunctionals.olean -i /verify/independent-source/.lake/build/lib/lean/NavierStokes/R3/HarmonicTestFunctionals.ilean -c /verify/independent-source/.lake/build/ir/NavierStokes/R3/HarmonicTestFunctionals.c --setup /verify/independent-source/.lake/build/ir/NavierStokes/R3/HarmonicTestFunctionals.setup.json --json
error: NavierStokes/R3/HarmonicTestFunctionals.lean:1:0: failed to open file '/verify/packages/mathlib/.lake/build/lib/lean/Mathlib/Topology/Compactness/Bases.olean.server': Too many open files
✖ [3186/3248] Building NavierStokes.R3.HeatKernelCancellation (19s)
trace: .> LEAN_PATH=/verify/packages/Cli/.lake/build/lib/lean:/verify/packages/batteries/.lake/build/lib/lean:/verify/packages/Qq/.lake/build/lib/lean:/verify/packages/aesop/.lake/build/lib/lean:/verify/packages/proofwidgets/.lake/build/lib/lean:/verify/packages/importGraph/.lake/build/lib/lean:/verify/packages/LeanSearchClient/.lake/build/lib/lean:/verify/packages/plausible/.lake/build/lib/lean:/verify/packages/lean4export/.lake/build/lib/lean:/verify/packages/mathlib/.lake/build/lib/lean:/verify/packages/Comparator/.lake/build/lib/lean:/verify/independent-source/.lake/build/lib/lean /verify/toolchain/bin/lean /verify/independent-source/NavierStokes/R3/HeatKernelCancellation.lean -o /verify/independent-source/.lake/build/lib/lean/NavierStokes/R3/HeatKernelCancellation.olean -i /verify/independent-source/.lake/build/lib/lean/NavierStokes/R3/HeatKernelCancellation.ilean -c /verify/independent-source/.lake/build/ir/NavierStokes/R3/HeatKernelCancellation.c --setup /verify/independent-source/.lake/build/ir/NavierStokes/R3/HeatKernelCancellation.setup.json --json
error: NavierStokes/R3/HeatKernelCancellation.lean:1:0: failed to open file '/verify/packages/mathlib/.lake/build/lib/lean/Mathlib/LinearAlgebra/Finsupp/Pi.olean.server': Too many open files
✔ [4725/4767] Built NavierStokes.R3.LpNormTools (24s)
✔ [4853/4915] Built NavierStokes.R3.GradientOperator (24s)
✔ [6337/6399] Built NavierStokes.R3.ConservativeDifference (28s)
✔ [8444/8477] Built NavierStokes.R3.PairedKernelBound (14s)
✔ [8835/8875] Built NavierStokes.R3.ComparisonFiniteEnergy (13s)
✔ [8836/8877] Built NavierStokes.R3.PressureTemporalIdentity (13s)
✖ [8837/8877] Building NavierStokes.R3.ComparisonTimeAverages (20s)
trace: .> LEAN_PATH=/verify/packages/Cli/.lake/build/lib/lean:/verify/packages/batteries/.lake/build/lib/lean:/verify/packages/Qq/.lake/build/lib/lean:/verify/packages/aesop/.lake/build/lib/lean:/verify/packages/proofwidgets/.lake/build/lib/lean:/verify/packages/importGraph/.lake/build/lib/lean:/verify/packages/LeanSearchClient/.lake/build/lib/lean:/verify/packages/plausible/.lake/build/lib/lean:/verify/packages/lean4export/.lake/build/lib/lean:/verify/packages/mathlib/.lake/build/lib/lean:/verify/packages/Comparator/.lake/build/lib/lean:/verify/independent-source/.lake/build/lib/lean /verify/toolchain/bin/lean /verify/independent-source/NavierStokes/R3/ComparisonTimeAverages.lean -o /verify/independent-source/.lake/build/lib/lean/NavierStokes/R3/ComparisonTimeAverages.olean -i /verify/independent-source/.lake/build/lib/lean/NavierStokes/R3/ComparisonTimeAverages.ilean -c /verify/independent-source/.lake/build/ir/NavierStokes/R3/ComparisonTimeAverages.c --setup /verify/independent-source/.lake/build/ir/NavierStokes/R3/ComparisonTimeAverages.setup.json --json
error: NavierStokes/R3/ComparisonTimeAverages.lean:1:0: failed to open file '/verify/packages/mathlib/.lake/build/lib/lean/Mathlib/Algebra/Module/TransferInstance.olean.private': Too many open files
✖ [8838/8877] Building NavierStokes.R3.WholeSpaceEnergyLimit (8.3s)
trace: .> LEAN_PATH=/verify/packages/Cli/.lake/build/lib/lean:/verify/packages/batteries/.lake/build/lib/lean:/verify/packages/Qq/.lake/build/lib/lean:/verify/packages/aesop/.lake/build/lib/lean:/verify/packages/proofwidgets/.lake/build/lib/lean:/verify/packages/importGraph/.lake/build/lib/lean:/verify/packages/LeanSearchClient/.lake/build/lib/lean:/verify/packages/plausible/.lake/build/lib/lean:/verify/packages/lean4export/.lake/build/lib/lean:/verify/packages/mathlib/.lake/build/lib/lean:/verify/packages/Comparator/.lake/build/lib/lean:/verify/independent-source/.lake/build/lib/lean /verify/toolchain/bin/lean /verify/independent-source/NavierStokes/R3/WholeSpaceEnergyLimit.lean -o /verify/independent-source/.lake/build/lib/lean/NavierStokes/R3/WholeSpaceEnergyLimit.olean -i /verify/independent-source/.lake/build/lib/lean/NavierStokes/R3/WholeSpaceEnergyLimit.ilean -c /verify/independent-source/.lake/build/ir/NavierStokes/R3/WholeSpaceEnergyLimit.c --setup /verify/independent-source/.lake/build/ir/NavierStokes/R3/WholeSpaceEnergyLimit.setup.json --json
error: NavierStokes/R3/WholeSpaceEnergyLimit.lean:1:0: failed to open file '/verify/toolchain/lib/lean/Init/Data/FloatArray/Basic.ir.sig': Too many open files
✔ [8841/8877] Built NavierStokes.SlotColoring (38s)
✔ [8842/8879] Built NavierStokes.FlatPrimitive (38s)
✔ [8844/8879] Built NavierStokes.RadialAlias (40s)
✔ [8845/8879] Built NavierStokes.FlatKernelBounds (39s)
✔ [8846/8884] Built NavierStokes.JetBounds (44s)
✔ [8847/8884] Built NavierStokes.R3.CompactComparisonBounds (45s)
✔ [8848/8884] Built NavierStokes.TorusInverse (47s)
✔ [8849/8887] Built NavierStokes.SpatialBorelExtension (50s)
✔ [8850/8887] Built NavierStokes.AxisymmetricResidual (50s)
✔ [8851/8887] Built NavierStokes.ChartScales (28s)
