Building ComparatorChallenges.NavierStokes
⚠ [8763/8763] Replayed ComparatorChallenges.NavierStokes
warning: ComparatorChallenges/NavierStokes.lean:273:8: declaration uses `sorry`
warning: ComparatorChallenges/NavierStokes.lean:280:8: declaration uses `sorry`
Build completed successfully (8763 jobs).
Exporting #[Nat, String, String.mk, Char, Quot, Quot.mk, Quot.lift, Quot.ind, NavierStokes.Comparator.navier_stokes_breakdown_R3, NavierStokes.Comparator.navier_stokes_breakdown_periodic, propext, Quot.sound, Classical.choice, Nat.add, Nat.sub, Nat.mul, Nat.pow, Nat.gcd, Nat.div, Nat.mod, Nat.beq, Nat.ble, Nat.land, Nat.lor, Nat.xor, Nat.shiftLeft, Nat.shiftRight, String.ofList, Char.ofNat, List, eagerReduce] from ComparatorChallenges.NavierStokes
Building NavierStokes.ComparatorSolution
✔ [8164/8222] Built NavierStokes.R3.ComparisonSetup (8.0s)
✔ [8166/8224] Built NavierStokes.R3.CompactEnergy (12s)
✖ [8168/8224] Building NavierStokes.R3.GradientOperator (21s)
trace: .> LEAN_PATH=/verify/packages/Cli/.lake/build/lib/lean:/verify/packages/batteries/.lake/build/lib/lean:/verify/packages/Qq/.lake/build/lib/lean:/verify/packages/aesop/.lake/build/lib/lean:/verify/packages/proofwidgets/.lake/build/lib/lean:/verify/packages/importGraph/.lake/build/lib/lean:/verify/packages/LeanSearchClient/.lake/build/lib/lean:/verify/packages/plausible/.lake/build/lib/lean:/verify/packages/lean4export/.lake/build/lib/lean:/verify/packages/mathlib/.lake/build/lib/lean:/verify/packages/Comparator/.lake/build/lib/lean:/verify/independent-source/.lake/build/lib/lean /verify/toolchain/bin/lean /verify/independent-source/NavierStokes/R3/GradientOperator.lean -o /verify/independent-source/.lake/build/lib/lean/NavierStokes/R3/GradientOperator.olean -i /verify/independent-source/.lake/build/lib/lean/NavierStokes/R3/GradientOperator.ilean -c /verify/independent-source/.lake/build/ir/NavierStokes/R3/GradientOperator.c --setup /verify/independent-source/.lake/build/ir/NavierStokes/R3/GradientOperator.setup.json --json
error: NavierStokes/R3/GradientOperator.lean:1:0: failed to open file '/verify/packages/mathlib/.lake/build/lib/lean/Mathlib/Data/Set/Semiring.ir': Too many open files
✖ [8169/8224] Building NavierStokes.R3.ConservativeDifference (16s)
trace: .> LEAN_PATH=/verify/packages/Cli/.lake/build/lib/lean:/verify/packages/batteries/.lake/build/lib/lean:/verify/packages/Qq/.lake/build/lib/lean:/verify/packages/aesop/.lake/build/lib/lean:/verify/packages/proofwidgets/.lake/build/lib/lean:/verify/packages/importGraph/.lake/build/lib/lean:/verify/packages/LeanSearchClient/.lake/build/lib/lean:/verify/packages/plausible/.lake/build/lib/lean:/verify/packages/lean4export/.lake/build/lib/lean:/verify/packages/mathlib/.lake/build/lib/lean:/verify/packages/Comparator/.lake/build/lib/lean:/verify/independent-source/.lake/build/lib/lean /verify/toolchain/bin/lean /verify/independent-source/NavierStokes/R3/ConservativeDifference.lean -o /verify/independent-source/.lake/build/lib/lean/NavierStokes/R3/ConservativeDifference.olean -i /verify/independent-source/.lake/build/lib/lean/NavierStokes/R3/ConservativeDifference.ilean -c /verify/independent-source/.lake/build/ir/NavierStokes/R3/ConservativeDifference.c --setup /verify/independent-source/.lake/build/ir/NavierStokes/R3/ConservativeDifference.setup.json --json
error: NavierStokes/R3/ConservativeDifference.lean:1:0: failed to open file '/verify/toolchain/lib/lean/Lean/Elab/Tactic/Classical.olean.server': Too many open files
✖ [8170/8244] Building NavierStokes.R3.LpNormTools (21s)
trace: .> LEAN_PATH=/verify/packages/Cli/.lake/build/lib/lean:/verify/packages/batteries/.lake/build/lib/lean:/verify/packages/Qq/.lake/build/lib/lean:/verify/packages/aesop/.lake/build/lib/lean:/verify/packages/proofwidgets/.lake/build/lib/lean:/verify/packages/importGraph/.lake/build/lib/lean:/verify/packages/LeanSearchClient/.lake/build/lib/lean:/verify/packages/plausible/.lake/build/lib/lean:/verify/packages/lean4export/.lake/build/lib/lean:/verify/packages/mathlib/.lake/build/lib/lean:/verify/packages/Comparator/.lake/build/lib/lean:/verify/independent-source/.lake/build/lib/lean /verify/toolchain/bin/lean /verify/independent-source/NavierStokes/R3/LpNormTools.lean -o /verify/independent-source/.lake/build/lib/lean/NavierStokes/R3/LpNormTools.olean -i /verify/independent-source/.lake/build/lib/lean/NavierStokes/R3/LpNormTools.ilean -c /verify/independent-source/.lake/build/ir/NavierStokes/R3/LpNormTools.c --setup /verify/independent-source/.lake/build/ir/NavierStokes/R3/LpNormTools.setup.json --json
error: NavierStokes/R3/LpNormTools.lean:1:0: failed to open file '/verify/packages/mathlib/.lake/build/lib/lean/Mathlib/GroupTheory/MonoidLocalization/Basic.olean.private': Too many open files
✖ [8172/8244] Building NavierStokes.R3.WeightedInterpolation (21s)
trace: .> LEAN_PATH=/verify/packages/Cli/.lake/build/lib/lean:/verify/packages/batteries/.lake/build/lib/lean:/verify/packages/Qq/.lake/build/lib/lean:/verify/packages/aesop/.lake/build/lib/lean:/verify/packages/proofwidgets/.lake/build/lib/lean:/verify/packages/importGraph/.lake/build/lib/lean:/verify/packages/LeanSearchClient/.lake/build/lib/lean:/verify/packages/plausible/.lake/build/lib/lean:/verify/packages/lean4export/.lake/build/lib/lean:/verify/packages/mathlib/.lake/build/lib/lean:/verify/packages/Comparator/.lake/build/lib/lean:/verify/independent-source/.lake/build/lib/lean /verify/toolchain/bin/lean /verify/independent-source/NavierStokes/R3/WeightedInterpolation.lean -o /verify/independent-source/.lake/build/lib/lean/NavierStokes/R3/WeightedInterpolation.olean -i /verify/independent-source/.lake/build/lib/lean/NavierStokes/R3/WeightedInterpolation.ilean -c /verify/independent-source/.lake/build/ir/NavierStokes/R3/WeightedInterpolation.c --setup /verify/independent-source/.lake/build/ir/NavierStokes/R3/WeightedInterpolation.setup.json --json
error: NavierStokes/R3/WeightedInterpolation.lean:1:0: failed to open file '/verify/packages/mathlib/.lake/build/lib/lean/Mathlib/Analysis/Normed/Group/Indicator.ir': Too many open files
✖ [8177/8244] Building NavierStokes.R3.HeatKernelCancellation (21s)
trace: .> LEAN_PATH=/verify/packages/Cli/.lake/build/lib/lean:/verify/packages/batteries/.lake/build/lib/lean:/verify/packages/Qq/.lake/build/lib/lean:/verify/packages/aesop/.lake/build/lib/lean:/verify/packages/proofwidgets/.lake/build/lib/lean:/verify/packages/importGraph/.lake/build/lib/lean:/verify/packages/LeanSearchClient/.lake/build/lib/lean:/verify/packages/plausible/.lake/build/lib/lean:/verify/packages/lean4export/.lake/build/lib/lean:/verify/packages/mathlib/.lake/build/lib/lean:/verify/packages/Comparator/.lake/build/lib/lean:/verify/independent-source/.lake/build/lib/lean /verify/toolchain/bin/lean /verify/independent-source/NavierStokes/R3/HeatKernelCancellation.lean -o /verify/independent-source/.lake/build/lib/lean/NavierStokes/R3/HeatKernelCancellation.olean -i /verify/independent-source/.lake/build/lib/lean/NavierStokes/R3/HeatKernelCancellation.ilean -c /verify/independent-source/.lake/build/ir/NavierStokes/R3/HeatKernelCancellation.c --setup /verify/independent-source/.lake/build/ir/NavierStokes/R3/HeatKernelCancellation.setup.json --json
error: NavierStokes/R3/HeatKernelCancellation.lean:1:0: failed to open file '/verify/toolchain/lib/lean/Lean/Elab/PreDefinition/PartialFixpoint/Induction.olean': Too many open files
✖ [8178/8244] Building NavierStokes.R3.HeatKernel (21s)
trace: .> LEAN_PATH=/verify/packages/Cli/.lake/build/lib/lean:/verify/packages/batteries/.lake/build/lib/lean:/verify/packages/Qq/.lake/build/lib/lean:/verify/packages/aesop/.lake/build/lib/lean:/verify/packages/proofwidgets/.lake/build/lib/lean:/verify/packages/importGraph/.lake/build/lib/lean:/verify/packages/LeanSearchClient/.lake/build/lib/lean:/verify/packages/plausible/.lake/build/lib/lean:/verify/packages/lean4export/.lake/build/lib/lean:/verify/packages/mathlib/.lake/build/lib/lean:/verify/packages/Comparator/.lake/build/lib/lean:/verify/independent-source/.lake/build/lib/lean /verify/toolchain/bin/lean /verify/independent-source/NavierStokes/R3/HeatKernel.lean -o /verify/independent-source/.lake/build/lib/lean/NavierStokes/R3/HeatKernel.olean -i /verify/independent-source/.lake/build/lib/lean/NavierStokes/R3/HeatKernel.ilean -c /verify/independent-source/.lake/build/ir/NavierStokes/R3/HeatKernel.c --setup /verify/independent-source/.lake/build/ir/NavierStokes/R3/HeatKernel.setup.json --json
error: NavierStokes/R3/HeatKernel.lean:1:0: failed to open file '/verify/packages/mathlib/.lake/build/lib/lean/Mathlib/Analysis/SpecificLimits/Normed.ir.sig': Too many open files
✖ [8180/8244] Building NavierStokes.R3.PairedKernelBound (20s)
trace: .> LEAN_PATH=/verify/packages/Cli/.lake/build/lib/lean:/verify/packages/batteries/.lake/build/lib/lean:/verify/packages/Qq/.lake/build/lib/lean:/verify/packages/aesop/.lake/build/lib/lean:/verify/packages/proofwidgets/.lake/build/lib/lean:/verify/packages/importGraph/.lake/build/lib/lean:/verify/packages/LeanSearchClient/.lake/build/lib/lean:/verify/packages/plausible/.lake/build/lib/lean:/verify/packages/lean4export/.lake/build/lib/lean:/verify/packages/mathlib/.lake/build/lib/lean:/verify/packages/Comparator/.lake/build/lib/lean:/verify/independent-source/.lake/build/lib/lean /verify/toolchain/bin/lean /verify/independent-source/NavierStokes/R3/PairedKernelBound.lean -o /verify/independent-source/.lake/build/lib/lean/NavierStokes/R3/PairedKernelBound.olean -i /verify/independent-source/.lake/build/lib/lean/NavierStokes/R3/PairedKernelBound.ilean -c /verify/independent-source/.lake/build/ir/NavierStokes/R3/PairedKernelBound.c --setup /verify/independent-source/.lake/build/ir/NavierStokes/R3/PairedKernelBound.setup.json --json
error: NavierStokes/R3/PairedKernelBound.lean:1:0: failed to open file '/verify/packages/mathlib/.lake/build/lib/lean/Mathlib/Data/Complex/BigOperators.olean.server': Too many open files
✔ [8799/8855] Built NavierStokes.R3.ComparisonFourierSetup (27s)
✔ [8800/8855] Built NavierStokes.R3.RadialKernelBounds (29s)
✔ [8801/8855] Built NavierStokes.R3.ComparisonCutoffs (30s)
✔ [8802/8855] Built NavierStokes.R3.LocalizedTransport (24s)
✔ [8803/8855] Built NavierStokes.R3.LocalizedLaplacian (26s)
✖ [8804/8855] Building NavierStokes.R3.SchwartzParseval (9.4s)
trace: .> LEAN_PATH=/verify/packages/Cli/.lake/build/lib/lean:/verify/packages/batteries/.lake/build/lib/lean:/verify/packages/Qq/.lake/build/lib/lean:/verify/packages/aesop/.lake/build/lib/lean:/verify/packages/proofwidgets/.lake/build/lib/lean:/verify/packages/importGraph/.lake/build/lib/lean:/verify/packages/LeanSearchClient/.lake/build/lib/lean:/verify/packages/plausible/.lake/build/lib/lean:/verify/packages/lean4export/.lake/build/lib/lean:/verify/packages/mathlib/.lake/build/lib/lean:/verify/packages/Comparator/.lake/build/lib/lean:/verify/independent-source/.lake/build/lib/lean /verify/toolchain/bin/lean /verify/independent-source/NavierStokes/R3/SchwartzParseval.lean -o /verify/independent-source/.lake/build/lib/lean/NavierStokes/R3/SchwartzParseval.olean -i /verify/independent-source/.lake/build/lib/lean/NavierStokes/R3/SchwartzParseval.ilean -c /verify/independent-source/.lake/build/ir/NavierStokes/R3/SchwartzParseval.c --setup /verify/independent-source/.lake/build/ir/NavierStokes/R3/SchwartzParseval.setup.json --json
error: NavierStokes/R3/SchwartzParseval.lean:1:0: failed to open file '/verify/toolchain/lib/lean/Lean/Data/Lsp.ir.sig': Too many open files
✖ [8809/8857] Building NavierStokes.ComparatorBridge (29s)
trace: .> LEAN_PATH=/verify/packages/Cli/.lake/build/lib/lean:/verify/packages/batteries/.lake/build/lib/lean:/verify/packages/Qq/.lake/build/lib/lean:/verify/packages/aesop/.lake/build/lib/lean:/verify/packages/proofwidgets/.lake/build/lib/lean:/verify/packages/importGraph/.lake/build/lib/lean:/verify/packages/LeanSearchClient/.lake/build/lib/lean:/verify/packages/plausible/.lake/build/lib/lean:/verify/packages/lean4export/.lake/build/lib/lean:/verify/packages/mathlib/.lake/build/lib/lean:/verify/packages/Comparator/.lake/build/lib/lean:/verify/independent-source/.lake/build/lib/lean /verify/toolchain/bin/lean /verify/independent-source/NavierStokes/ComparatorBridge.lean -o /verify/independent-source/.lake/build/lib/lean/NavierStokes/ComparatorBridge.olean -i /verify/independent-source/.lake/build/lib/lean/NavierStokes/ComparatorBridge.ilean -c /verify/independent-source/.lake/build/ir/NavierStokes/ComparatorBridge.c --setup /verify/independent-source/.lake/build/ir/NavierStokes/ComparatorBridge.setup.json --json
error: NavierStokes/ComparatorBridge.lean:1:0: failed to open file '/verify/packages/mathlib/.lake/build/lib/lean/Mathlib/Analysis/CStarAlgebra/ContinuousFunctionalCalculus/Basic.ir': Too many open files
✔ [8814/8857] Built NavierStokes.TimeLocalization (35s)
✔ [8815/8857] Built NavierStokes.SolenoidalDiagonal (36s)
✔ [8816/8857] Built NavierStokes.R3.FourierConvolution (33s)
✔ [8817/8857] Built NavierStokes.AxisymmetricFields (38s)
✔ [8818/8857] Built NavierStokes.R3.WeakFourierUniqueness (33s)
✔ [8819/8857] Built NavierStokes.JointResidualLimits (40s)
✔ [8820/8857] Built NavierStokes.R3.FourierSobolevWeights (41s)
✔ [8821/8862] Built NavierStokes.R3.RieszSymbolRegularity (32s)
✖ [8823/8862] Building NavierStokes.RadialAlias (11s)
trace: .> LEAN_PATH=/verify/packages/Cli/.lake/build/lib/lean:/verify/packages/batteries/.lake/build/lib/lean:/verify/packages/Qq/.lake/build/lib/lean:/verify/packages/aesop/.lake/build/lib/lean:/verify/packages/proofwidgets/.lake/build/lib/lean:/verify/packages/importGraph/.lake/build/lib/lean:/verify/packages/LeanSearchClient/.lake/build/lib/lean:/verify/packages/plausible/.lake/build/lib/lean:/verify/packages/lean4export/.lake/build/lib/lean:/verify/packages/mathlib/.lake/build/lib/lean:/verify/packages/Comparator/.lake/build/lib/lean:/verify/independent-source/.lake/build/lib/lean /verify/toolchain/bin/lean /verify/independent-source/NavierStokes/RadialAlias.lean -o /verify/independent-source/.lake/build/lib/lean/NavierStokes/RadialAlias.olean -i /verify/independent-source/.lake/build/lib/lean/NavierStokes/RadialAlias.ilean -c /verify/independent-source/.lake/build/ir/NavierStokes/RadialAlias.c --setup /verify/independent-source/.lake/build/ir/NavierStokes/RadialAlias.setup.json --json
error: NavierStokes/RadialAlias.lean:1:0: failed to open file '/verify/toolchain/lib/lean/Lean/Meta/Tactic/Grind/Arith/CommRing/PP.olean.server': Too many open files
✔ [8824/8862] Built NavierStokes.R3.FourierTestDerivatives (35s)
✔ [8829/8866] Built NavierStokes.R3.WeakTimeContinuity (31s)
✔ [8831/8872] Built NavierStokes.PastExtension (35s)
✔ [8834/8872] Built NavierStokes.R3.SchwartzCompactApproximation (43s)
✔ [8836/8875] Built NavierStokes.R3.LocalizedDifferenceEnergy (39s)
✔ [8841/8877] Built NavierStokes.R3.SmoothSobolevL6 (41s)
