✔ [19/30] Built Batteries.Lean.Position (844ms)
✔ [23/31] Built Batteries.CodeAction.Deprecated (1.4s)
✔ [24/32] Built Batteries.Tactic.Lint.Basic (1.0s)
✔ [26/33] Built Batteries.Tactic.Lint.Misc (1.2s)
✔ [27/37] Built Batteries.Tactic.Alias (1.8s)
✔ [32/38] Built Batteries.Tactic.Unreachable (996ms)
✔ [40/46] Built Batteries.Logic (1.1s)
✔ [43/52] Built Batteries.Lean.Meta.Inaccessible (739ms)
✔ [44/53] Built ImportGraph.Imports.ImportGraph (711ms)
✔ [46/53] Built ImportGraph.Lean.Environment (664ms)
✔ [48/55] Built ImportGraph.Imports.Redundant (708ms)
✔ [49/57] Built ImportGraph.Imports.RequiredModules (880ms)
✔ [53/59] Built Batteries.Util.LibraryNote (969ms)
✔ [54/60] Built Batteries.Lean.Syntax (647ms)
✔ [55/60] Built ImportGraph.Graph.TransitiveClosure (770ms)
✔ [56/61] Built Batteries.Tactic.HelpCmd (1.9s)
✔ [57/61] Built ImportGraph.Tools.ImportDiff (1.2s)
✔ [58/63] Built Batteries.Util.ProofWanted (2.5s)
✔ [59/63] Built ImportGraph.Tools.FindHome (1.2s)
✔ [60/66] Built ImportGraph.Tools.MinImports (1.1s)
✔ [62/69] Built ImportGraph.Tools.RedundantImports (1.1s)
✔ [63/69] Built Batteries.Tactic.Lint.Simp (1.5s)
✔ [64/69] Built Batteries.Tactic.Lint.TypeClass (977ms)
✔ [65/75] Built ImportGraph.Tools (1.1s)
✔ [67/77] Built Batteries.Tactic.Lint.Frontend (1.8s)
✔ [69/77] Built Batteries.Lean.NameMapAttribute (817ms)
✔ [70/86] Built Batteries.Tactic.Lint (1.1s)
✔ [93/123] Built Batteries.Tactic.Trans (1.8s)
✔ [114/125] Built Batteries.Util.ExtendedBinder (861ms)
✔ [122/129] Built Aesop.Script.Tactic (748ms)
✔ [123/129] Built Batteries.Tactic.Init (1.2s)
✔ [126/130] Built Batteries.Lean.Meta.Basic (754ms)
✔ [127/132] Built Aesop.Script.GoalWithMVars (816ms)
✔ [128/135] Built Aesop.Nanos (874ms)
✔ [129/136] Built Aesop.Script.TacticState (876ms)
✔ [130/138] Built Batteries.Data.Array.Merge (1.2s)
✔ [131/138] Built Aesop.Index.DiscrTreeConfig (793ms)
✔ [132/138] Built Aesop.Util.UnorderedArraySet (793ms)
✔ [133/142] Built Batteries.Tactic.PermuteGoals (997ms)
✔ [134/144] Built Batteries.Lean.MonadBacktrack (640ms)
✔ [135/144] Built Aesop.Util.Basic (2.0s)
✔ [136/144] Built Aesop.Util.EqualUpToIds (2.2s)
✔ [137/144] Built Batteries.Lean.Meta.SavedState (710ms)
✔ [138/145] Built Aesop.Check (861ms)
✔ [139/147] Built Aesop.Tracing (1.3s)
✔ [140/148] Built Aesop.Script.Util (951ms)
✔ [141/148] Built Aesop.Rule.Name (955ms)
✔ [142/149] Built Aesop.Options.Public (853ms)
✔ [143/149] Built Aesop.Script.Step (1.3s)
✔ [144/149] Built Aesop.Stats.Basic (1.5s)
✔ [145/150] Built Aesop.Options.Internal (718ms)
✔ [146/152] Built Aesop.Script.OptimizeSyntax (1.0s)
✔ [147/152] Built Aesop.Script.UScript (986ms)
✔ [148/154] Built Aesop.Script.SScript (1.1s)
✔ [149/158] Built Aesop.Script.Check (998ms)
✔ [150/159] Built Aesop.Forward.LevelIndex (730ms)
✔ [151/159] Built Aesop.Script.UScriptToSScript (1.3s)
✔ [152/159] Built Aesop.Forward.PremiseIndex (689ms)
✔ [153/159] Built Aesop.Percent (725ms)
✔ [154/163] Built Aesop.Script.StructureDynamic (1.6s)
✔ [155/163] Built Aesop.Script.StructureStatic (1.2s)
✔ [156/165] Built Aesop.Script.Main (1.1s)
✔ [157/166] Built Aesop.Forward.Substitution (1.3s)
✔ [158/166] Built Aesop.Forward.SlotIndex (745ms)
✔ [159/166] Built Aesop.RulePattern.Cache (946ms)
✔ [160/166] Built Aesop.Index.Basic (1.1s)
✔ [161/167] Built Aesop.Util.UnionFind (923ms)
✔ [162/167] Built Aesop.BaseM (1.3s)
✔ [163/171] Built Batteries.Linter.UnreachableTactic (1.5s)
✔ [164/177] Built Aesop.RulePattern (1.6s)
✔ [165/180] Built Aesop.RuleTac.GoalDiff (1.3s)
✔ [166/180] Built Batteries.Lean.TagAttribute (802ms)
✔ [167/184] Built Batteries.Tactic.SeqFocus (1.1s)
✔ [168/184] Built Aesop.RuleTac.Basic (982ms)
✔ [169/184] Built Aesop.RuleTac.RuleTerm (766ms)
✔ [170/184] Built Batteries.Lean.AttributeExtra (847ms)
✔ [171/186] Built Aesop.Script.CtorNames (1.1s)
✔ [172/187] Built Aesop.ElabM (972ms)
✔ [173/188] Built Batteries.Linter.UnnecessarySeqFocus (1.5s)
✔ [174/189] Built Aesop.RuleTac.ElabRuleTerm (1.2s)
✔ [175/189] Built Aesop.Util.Tactic.Ext (1.2s)
✔ [176/189] Built Batteries.Linter (1.1s)
✔ [177/189] Built Aesop.Script.ScriptM (1.1s)
✔ [178/193] Built Aesop.Util.Tactic (853ms)
✔ [179/196] Built Batteries.Tactic.Basic (1.1s)
✔ [180/196] Built Aesop.Util.Unfold (994ms)
✔ [181/196] Built Aesop.RuleTac.Forward.Basic (1.1s)
✔ [182/196] Built Batteries.Lean.Meta.UnusedNames (908ms)
✔ [183/198] Built Batteries.Classes.Order (1.4s)
✔ [184/198] Built Aesop.Util.Tactic.Unfold (1.2s)
✔ [185/198] Built Batteries.Data.UInt (1.4s)
✔ [186/202] Built Aesop.Constants (685ms)
✔ [187/202] Built Aesop.Script.SpecificTactics (2.1s)
✔ [188/202] Built Batteries.Data.Array.Basic (2.7s)
✔ [189/203] Built Aesop.EMap (1.3s)
✔ [190/207] Built Aesop.Util.OrderedHashSet (785ms)
✔ [191/208] Built Aesop.Forward.RuleInfo (1.4s)
✔ [192/208] Built Batteries.Lean.Meta.Expr (673ms)
✔ [193/210] Built Batteries.Lean.PersistentHashMap (724ms)
✔ [194/210] Built Aesop.Rule.Forward (982ms)
✔ [195/211] Built Batteries.Lean.Meta.InstantiateMVars (781ms)
✔ [196/211] Built Batteries.Lean.Meta.DiscrTree (823ms)
✔ [197/211] Built Batteries.Lean.PersistentHashSet (762ms)
✔ [198/215] Built Aesop.Forward.Match.Types (1.0s)
✔ [199/215] Built Aesop.Index.RulePattern (1.2s)
✔ [200/215] Built Aesop.Index.Forward (1.1s)
✔ [201/218] Built Aesop.RuleTac.Descr (978ms)
✔ [202/219] Built Aesop.RuleSet.Name (719ms)
✔ [203/219] Built Aesop.Rule.Basic (959ms)
✔ [204/221] Built Aesop.RuleSet.Filter (793ms)
✔ [205/224] Built Aesop.Rule (1.1s)
✔ [206/224] Built Aesop.Index (1.4s)
✔ [207/224] Built Batteries.Lean.HashSet (680ms)
✔ [208/224] Built Aesop.RuleSet.Member (948ms)
✔ [209/225] Built Aesop.Tree.UnsafeQueue (1.1s)
✔ [210/226] Built Aesop.Forward.Match (1.6s)
✔ [211/226] Built Aesop.RuleTac.Apply (1.1s)
✔ [212/227] Built Aesop.RuleTac.Cases (1.2s)
✔ [213/227] Built Aesop.Tree.Data.ForwardRuleMatches (1.0s)
✔ [214/229] Built Aesop.RuleTac.Forward (1.7s)
✔ [215/229] Built Aesop.RuleTac.Preprocess (899ms)
✔ [216/230] Built Aesop.Forward.State (4.0s)
✔ [217/230] Built Aesop.RuleTac.Tactic (1.3s)
✔ [218/231] Built Aesop.RuleSet (2.6s)
✔ [219/231] Built Aesop.Tree.Data (1.6s)
✔ [220/233] Built Aesop.Search.Expansion.Basic (1.0s)
✔ [221/233] Built Aesop.RuleTac (913ms)
✔ [222/233] Built Aesop.Forward.State.Initial (1.0s)
✔ [223/234] Built Aesop.Forward.State.ApplyGoalDiff (1.0s)
✔ [224/234] Built Aesop.Search.Expansion.Simp (931ms)
✔ [225/234] Built Aesop.Tree.Traversal (1.0s)
✔ [226/236] Built Aesop.Tree.RunMetaM (1.0s)
✔ [227/238] Built Aesop.Search.Queue.Class (1.0s)
✔ [228/239] Built Aesop.Tree.TreeM (1.2s)
✔ [229/240] Built Aesop.Tree.State (1.1s)
✔ [230/240] Built Aesop.Exception (814ms)
✔ [231/240] Built Aesop.Forward.State.UpdateGoal (1.1s)
✔ [232/241] Built Aesop.Search.SearchM (1.2s)
✔ [233/241] Built Aesop.Tree.Check (1.7s)
✔ [234/241] Built Aesop.Tree.AddRapp (1.9s)
✔ [235/242] Built Aesop.Search.RuleSelection (1.2s)
✔ [236/242] Built Aesop.Tree.ExtractProof (1.4s)
✔ [237/242] Built Aesop.Tree.ExtractScript (1.7s)
✔ [238/244] Built Aesop.Search.Expansion.Norm (2.7s)
✔ [239/244] Built Aesop.Tree.Tracing (1.4s)
✔ [240/244] Built Aesop.Frontend.Extension.Init (1.0s)
✔ [241/247] Built Aesop.Search.Expansion (1.9s)
✔ [242/248] Built Aesop.Frontend.Extension (1.1s)
✔ [243/250] Built Aesop.Search.ExpandSafePrefix (1.2s)
✔ [244/250] Built Batteries.Control.ForInStep.Basic (672ms)
✔ [245/250] Built Aesop.Tree.Free (1.1s)
✔ [246/253] Built Aesop.Tree.Stats (1.3s)
✔ [247/253] Built Aesop.Builder.Basic (1.0s)
✔ [248/254] Built Batteries.Data.BinomialHeap.Basic (3.9s)
✔ [249/255] Built Batteries.Lean.Expr (1.0s)
✔ [250/255] Built Aesop.Search.Queue (1.3s)
✔ [251/256] Built Aesop.Builder.Constructors (1000ms)
✔ [252/256] Built Aesop.Builder.Cases (1.0s)
✔ [253/258] Built Aesop.Builder.NormSimp (1.1s)
✔ [254/258] Built Aesop.Builder.Tactic (1.1s)
✔ [255/262] Built Aesop.Search.Main (2.3s)
✔ [256/263] Built Aesop.Builder.Apply (931ms)
✔ [257/263] Built Aesop.Builder.Unfold (1.1s)
✔ [258/265] Built Aesop.Builder.Forward (1.6s)
✔ [259/265] Built Aesop.Builder.Default (1.0s)
✔ [260/265] Built Aesop.Stats.Extension (995ms)
✔ [261/265] Built Aesop.Stats.File (931ms)
✔ [262/269] Built Aesop.Frontend.Basic (718ms)
✔ [263/272] Built Aesop.Frontend.RuleExpr (2.1s)
✔ [264/272] Built Aesop.Stats.Report (1.1s)
✔ [265/272] Built Aesop.Frontend.Attribute (1.4s)
✔ [266/273] Built Aesop.Frontend.Tactic (1.5s)
✔ [267/274] Built Aesop.Frontend.Command (1.7s)
✔ [268/274] Built Aesop.Saturate (2.0s)
✔ [269/275] Built Aesop.Main (1.3s)
✔ [270/275] Built Aesop.BuiltinRules.Assumption (1.3s)
✔ [271/276] Built Aesop.BuiltinRules.ApplyHyps (1.2s)
✔ [272/277] Built Aesop.Frontend.Saturate (1.5s)
✔ [273/278] Built Aesop.BuiltinRules.DestructProducts (1.4s)
✔ [274/278] Built Aesop.BuiltinRules.Ext (1.2s)
✔ [275/279] Built Aesop.Frontend (1.2s)
✔ [276/282] Built Aesop.BuiltinRules.Intros (1.3s)
✔ [277/283] Built Aesop.BuiltinRules.Rfl (1.2s)
✔ [278/315] Built Aesop.BuiltinRules.Split (1.3s)
✔ [306/319] Built Aesop.BuiltinRules.Subst (1.4s)
✔ [310/320] Built Qq.ForLean.ReduceEval (959ms)
✔ [311/320] Built Qq.ForLean.ToExpr (873ms)
✔ [312/322] Built Qq.Typ (860ms)
✔ [313/323] Built Aesop.BuiltinRules (1.1s)
✔ [314/324] Built Aesop (1.2s)
✔ [316/326] Built Qq.ForLean.Do (930ms)
✔ [319/333] Built Qq.SortLocalDecls (800ms)
✔ [322/334] Built Qq.Macro (3.5s)
✔ [323/334] Built Plausible.Random (854ms)
✔ [324/336] Built Qq.Commands (1.3s)
✔ [325/337] Built Qq.Delab (1.4s)
✔ [326/338] Built Plausible.Gen (1.0s)
✔ [327/339] Built Plausible.Shrinkable (883ms)
✔ [328/340] Built Qq.MetaM (1.2s)
✔ [329/340] Built Plausible.Arbitrary (926ms)
✔ [330/340] Built Plausible.Attr (888ms)
✔ [331/340] Built Qq.AssertInstancesCommute (1.5s)
✔ [332/342] Built Qq.MatchImpl (1.2s)
✔ [333/342] Built Qq.Simp (1.0s)
✔ [334/344] Built Plausible.Sampleable (1.2s)
✔ [335/344] Built Plausible.ArbitraryFueled (685ms)
✔ [336/344] Built Plausible.Functions (1.1s)
✔ [337/345] Built Qq.Match (3.1s)
✔ [338/345] Built Plausible.Testable (1.9s)
✔ [339/346] Built Plausible.DeriveShrinkable (1.8s)
✔ [340/346] Built Qq (943ms)
✔ [341/346] Built Plausible.DeriveArbitrary (1.7s)
✔ [342/346] Built Plausible.Tactic (1.3s)
✔ [343/347] Built Batteries.Tactic.Case (1.7s)
✔ [344/348] Built Plausible (1.1s)
✔ [345/349] Built Batteries.CodeAction.Attr (1.2s)
✔ [346/349] Built Batteries.Tactic.GeneralizeProofs (2.7s)
✔ [347/354] Built Batteries.CodeAction.Basic (1.3s)
✔ [349/356] Built Batteries.CodeAction.Misc (2.1s)
✔ [351/359] Built LeanSearchClient.Basic (937ms)
✔ [352/359] Built Batteries.Data.List.Basic (3.2s)
✔ [354/361] Built LeanSearchClient.Syntax (2.0s)
✔ [355/362] Built Batteries.CodeAction.Match (1.4s)
✔ [357/364] Built LeanSearchClient.LoogleSyntax (1.5s)
✔ [360/385] Built Batteries.CodeAction (994ms)
✔ [381/389] Built LeanSearchClient (1.1s)
✔ [382/389] Built ProofWidgets.Compat (877ms)
✔ [383/391] Built ProofWidgets.Util (1.0s)
✔ [384/396] Built ProofWidgets.Component.Basic (1.3s)
✔ [385/396] Built Batteries.Lean.Except (774ms)
✔ [386/396] Built Batteries.Tactic.Exact (1.1s)
✔ [387/398] Built ProofWidgets.Component.Panel.Basic (1.2s)
✔ [388/400] Built ProofWidgets.Data.Html (2.4s)
✔ [391/400] Built ProofWidgets.Component.MakeEditLink (1.1s)
✔ [393/422] Built ProofWidgets.Component.RefreshComponent (1.4s)
✔ [410/439] Built ProofWidgets.Component.FilterDetails (1.1s)
✔ [434/449] Built ProofWidgets.Cancellable (1.3s)
✔ [435/449] Built Batteries.Util.Cache (971ms)
✔ [448/459] Built Batteries.Control.Lemmas (782ms)
✔ [449/521] Built ProofWidgets.Component.OfRpcMethod (1.3s)
✔ [529/546] Built Batteries.Control.LawfulMonadState (1.2s)
✔ [531/548] Built Batteries.Data.Nat.Basic (909ms)
✔ [532/550] Built Batteries.Control.OptionT (812ms)
✔ [534/554] Built Batteries.Data.Nat.Lemmas (1.3s)
✔ [543/555] Built Batteries.Control.AlternativeMonad (1.1s)
✔ [544/555] Built Batteries.Control.ForInStep.Lemmas (721ms)
✔ [545/560] Built Batteries.Data.List.Pairwise (1.2s)
✔ [547/560] Built Batteries.Data.MLList.Basic (1.3s)
✔ [549/562] Built Batteries.Control.Nondet.Basic (1.4s)
✔ [602/624] Built Batteries.Tactic.Congr (2.8s)
✔ [686/778] Built Batteries.Data.Fin.Basic (2.1s)
✔ [691/779] Built Batteries.Data.List.Lemmas (7.6s)
✔ [701/813] Built Batteries.Data.List.Count (2.3s)
✔ [712/813] Built Batteries.Data.Fin.Lemmas (2.4s)
✔ [729/813] Built Batteries.Classes.RatCast (741ms)
✔ [1252/1871] Built Batteries.Data.List.Perm (2.1s)
✔ [2961/2981] Built NavierStokes.ProblemStatement (6.1s)
✔ [2964/2981] Built NavierStokes.R3.ComparisonGronwall (5.4s)
✔ [2969/2982] Built NavierStokes.R3.ProblemStatement (4.6s)
✔ [2999/3014] Built NavierStokes.PeriodicIntegration (5.1s)
✔ [3002/3015] Built NavierStokes.R3.ScalarEnergyBound (3.5s)
✔ [3003/3015] Built NavierStokes.R3.CompactTimeIntegral (4.5s)
✔ [3006/3020] Built NavierStokes.R3.CompactForceBound (4.2s)
✔ [3015/3035] Built NavierStokes.PeriodicUniqueness (7.3s)
✔ [3017/3035] Built NavierStokes.R3.ComparisonYoung (5.2s)
✔ [3018/3035] Built NavierStokes.R3.ComparisonSetup (3.7s)
✔ [3020/3035] Built NavierStokes.R3.CompactEnergy (5.7s)
✔ [3021/3035] Built NavierStokes.R3.ComparisonRateBound (5.1s)
✔ [3022/3035] Built NavierStokes.R3.GradientOperator (3.8s)
✔ [3023/3035] Built NavierStokes.R3.WeightedInterpolation (4.7s)
✔ [3024/3035] Built NavierStokes.R3.LpNormTools (3.6s)
✔ [3025/3035] Built NavierStokes.R3.ComparisonCutoffs (4.7s)
✔ [3026/3035] Built NavierStokes.R3.LocalizedTransport (4.2s)
✔ [3027/3035] Built NavierStokes.R3.LocalizedLaplacian (4.1s)
✔ [3028/3040] Built NavierStokes.R3.ComparisonFiniteEnergy (4.6s)
✔ [3029/3040] Built NavierStokes.R3.WeightedSobolev (5.7s)
✔ [3031/3040] Built NavierStokes.R3.LocalizedDifferenceEnergy (5.3s)
✔ [3033/3040] Built NavierStokes.R3.PressureFluxTest (7.4s)
✔ [3034/3041] Built NavierStokes.R3.WholeSpaceEnergyLimit (5.3s)
✔ [3036/3041] Built NavierStokes.R3.LocalizedFluxEstimates (5.8s)
✔ [3038/3041] Built NavierStokes.R3.ConservativeDifference (6.6s)
✔ [3039/3064] Built NavierStokes.R3.WholeSpaceComparisonClosure (4.6s)
✔ [3117/3139] Built NavierStokes.R3.PressureTemporalIdentity (4.2s)
✔ [3169/3183] Built NavierStokes.R3.CompactSchwartz (3.7s)
✔ [3172/3183] Built NavierStokes.R3.SmoothSobolevL6 (4.8s)
✔ [3173/3183] Built NavierStokes.R3.ComparisonFourierSetup (4.2s)
✔ [3174/3183] Built NavierStokes.R3.LocalizedTensorBounds (4.4s)
✔ [3175/3183] Built NavierStokes.R3.SchwartzParseval (4.0s)
✔ [3176/3183] Built NavierStokes.R3.RieszSymbolRegularity (5.5s)
✔ [3177/3183] Built NavierStokes.R3.FourierTestDerivatives (5.4s)
✔ [3178/3186] Built NavierStokes.R3.RieszLinearityDecay (4.3s)
✔ [3179/3187] Built NavierStokes.R3.RieszPairing (4.6s)
✔ [3180/3187] Built NavierStokes.R3.PressureRecoveryHelpers (4.3s)
✔ [3181/3189] Built NavierStokes.R3.RieszL2Bounds (6.7s)
✔ [3182/3189] Built NavierStokes.R3.FourierSobolevWeights (8.1s)
✔ [3183/3189] Built NavierStokes.R3.ComparisonTimeAverages (9.4s)
✔ [3184/3189] Built NavierStokes.R3.RieszTestOperators (10s)
✔ [3186/3201] Built NavierStokes.R3.WeakTimeContinuity (4.5s)
✔ [3195/3206] Built NavierStokes.R3.PressureTestBounds (7.6s)
✔ [3197/3206] Built NavierStokes.R3.HilbertFunctionalExtension (3.8s)
✔ [3198/3206] Built NavierStokes.R3.SchwartzCompactApproximation (5.5s)
✔ [3199/3206] Built NavierStokes.R3.PressureFunctionals (7.4s)
✔ [3200/3207] Built NavierStokes.R3.TemporalTestUniqueness (3.4s)
✔ [3201/3207] Built NavierStokes.R3.WeakFourierUniqueness (3.9s)
✔ [3202/3207] Built NavierStokes.R3.HarmonicTestFunctionals (4.1s)
✔ [3203/3207] Built NavierStokes.R3.PressureFluxIdentity (4.5s)
✔ [3204/3209] Built NavierStokes.R3.HeatKernelCancellation (4.2s)
✔ [3205/3212] Built NavierStokes.R3.PressureRecovery (6.2s)
✔ [3206/3212] Built NavierStokes.R3.HeatKernel (5.8s)
✔ [3207/3212] Built NavierStokes.R3.ActualPressureFlux (3.9s)
✔ [3208/3213] Built NavierStokes.R3.FourierConvolution (4.5s)
✔ [3209/3215] Built NavierStokes.R3.RieszHeatRepresentation (5.3s)
✔ [3210/3215] Built NavierStokes.R3.GaussianMoments (3.9s)
✔ [3211/3219] Built NavierStokes.R3.PairedKernelBound (5.2s)
✔ [3212/3221] Built NavierStokes.R3.RadialKernelBounds (4.9s)
✔ [3213/3221] Built NavierStokes.R3.HeatKernelFourier (4.0s)
✔ [3214/3221] Built NavierStokes.R3.HeatKernelTimeBound (4.4s)
✔ [3215/3221] Built NavierStokes.R3.HeatKernelFubini (3.9s)
✔ [3216/3221] Built NavierStokes.R3.CompactComparisonBounds (4.5s)
✔ [3217/3223] Built NavierStokes.R3.HeatKernelPairedBound (4.1s)
✔ [3218/3225] Built Batteries.Classes.Cast (1.0s)
✔ [3219/3226] Built Batteries.Lean.EStateM (1.0s)
✔ [3220/3226] Built Batteries.Recycling.MonadSatisfying.Basic (1.3s)
✔ [3221/3226] Built Batteries.Control.ForInStep (724ms)
✔ [3222/3227] Built NavierStokes.R3.HeatKernelCommutator (4.4s)
✔ [3223/3228] Built Batteries.Classes.SatisfiesM (1.0s)
✔ [3224/3229] Built Batteries.Data.Array.Init.Lemmas (1.3s)
✔ [3225/3229] Built Batteries.Data.Array.Lemmas (2.1s)
✔ [3226/3232] Built Batteries.Data.Array.Match (1.1s)
✔ [3227/3232] Built Batteries.Recycling.MonadSatisfying.Array (2.6s)
✔ [3228/3232] Built Batteries.Data.Array.Pairwise (1.4s)
✔ [3229/3236] Built Batteries.Data.Array.Monadic (720ms)
✔ [3230/3236] Built NavierStokes.R3.PressureFlux (9.4s)
✔ [3231/3236] Built Batteries.Data.List.Scan (2.1s)
✔ [3232/3238] Built Batteries.Data.AssocList (2.3s)
✔ [3233/3238] Built Batteries.Data.Array.Scan (2.4s)
✔ [3234/3240] Built Batteries.Data.BinaryHeap.Basic (1.7s)
✔ [3235/3240] Built NavierStokes.R3.WholeSpaceUniqueness (4.5s)
✔ [3236/3240] Built Batteries.Data.BinaryHeap (731ms)
✔ [3237/3241] Built Batteries.Data.Array (1.2s)
✔ [3238/3245] Built Batteries.Data.BitVec.Basic (795ms)
✔ [3239/3246] Built Batteries.Data.BinomialHeap.Lemmas (1.2s)
✔ [3240/3247] Built Batteries.Data.Fin.OfBits (1.2s)
✔ [3241/3247] Built Batteries.Data.Int (1.2s)
✔ [3242/3248] Built Batteries.Data.Bool (805ms)
✔ [3243/3248] Built Batteries.Data.BinomialHeap (1.2s)
✔ [3244/3248] Built Batteries.Data.ByteArray (956ms)
✔ [3245/3251] Built Batteries.Data.BitVec.Lemmas (1.6s)
✔ [3246/3251] Built Batteries.Data.ByteSlice (867ms)
✔ [3247/3254] Built Batteries.Data.BitVec (1.2s)
✔ [3248/3254] Built Batteries.Data.Char.Basic (1.6s)
✔ [3249/3255] Built Batteries.Data.DList.Basic (1.4s)
✔ [3250/3257] Built Batteries.Data.Char.AsciiCasing (1.7s)
✔ [3251/3257] Built Batteries.Data.DList.Lemmas (1.3s)
✔ [3252/3258] Built Batteries.Data.Char (1.2s)
✔ [3253/3259] Built Batteries.Data.Fin.Fold (1.6s)
✔ [3254/3259] Built Batteries.Data.DList (1.1s)
✔ [3255/3261] Built Batteries.Data.Float.Basic (945ms)
✔ [3256/3262] Built Batteries.Data.Float.Lemmas (1.0s)
✔ [3257/3262] Built Batteries.Data.Fin.Coding (3.1s)
✔ [3258/3262] Built Batteries.Data.Float.Rat (765ms)
✔ [3259/3265] Built Batteries.Data.FloatArray (756ms)
✔ [3260/3265] Built Batteries.Data.Float (802ms)
✔ [3261/3267] Built Batteries.Data.Fin (1.2s)
✔ [3262/3268] Built Batteries.Lean.HashMap (735ms)
✔ [3263/3269] Built Batteries.Data.List.ArrayMap (726ms)
✔ [3264/3269] Built Batteries.Data.List.Init.Lemmas (702ms)
✔ [3265/3269] Built Batteries.Data.HashMap.Basic (1.5s)
✔ [3266/3269] Built Batteries.Data.List.Interleave (1.6s)
✔ [3267/3272] Built Batteries.Data.List.Matcher (895ms)
✔ [3268/3273] Built Batteries.Data.HashMap (1.2s)
✔ [3269/3277] Built Batteries.Recycling.MonadSatisfying.List (925ms)
✔ [3270/3277] Built Batteries.Data.MLList.Heartbeats (811ms)
✔ [3271/3277] Built Batteries.Data.List.Monadic (759ms)
✔ [3272/3278] Built Batteries.Lean.System.IO (756ms)
✔ [3273/3278] Built Batteries.Data.NameSet (745ms)
✔ [3274/3278] Built Batteries.Data.MLList.IO (828ms)
✔ [3275/3281] Built Batteries.Data.List (1.2s)
✔ [3276/3282] Built Batteries.Data.MLList (813ms)
✔ [3277/3282] Built Batteries.Data.Nat.Bisect (2.4s)
✔ [3278/3284] Built Batteries.Data.Nat.Bitwise.Lemmas (1.4s)
✔ [3279/3284] Built Batteries.Data.Nat.Bitwise (813ms)
✔ [3280/3284] Built Batteries.Data.PairingHeap (1.8s)
✔ [3281/3295] Built Batteries.Data.Nat (1.2s)
✔ [3282/3297] Built Batteries.Recycling.RBTree.Basic (2.0s)
✔ [3283/3297] Built Batteries.Data.Random.MersenneTwister (1.3s)
✔ [3284/3297] Built Batteries.Data.RBMap.Basic (1.9s)
✔ [3285/3299] Built Batteries.Data.Range.Lemmas (2.2s)
✔ [3286/3299] Built Batteries.Recycling.RBTree.WF (4.9s)
✔ [3287/3300] Built Batteries.Data.Random (660ms)
✔ [3288/3300] Built Batteries.Data.Rat.Float (689ms)
✔ [3289/3301] Built Batteries.Data.Range (1.1s)
✔ [3290/3301] Built Batteries.Data.RBMap.WF (1.1s)
✔ [3291/3301] Built Batteries.Data.RBMap.Alter (1.1s)
✔ [3292/3301] Built Batteries.Recycling.RBTree.Depth (1.3s)
✔ [3293/3301] Built Batteries.Recycling.RBTree.Alter (2.2s)
✔ [3294/3301] Built Batteries.Data.RunningStats (1.1s)
✔ [3295/3302] Built Batteries.Data.Rat (731ms)
✔ [3296/3302] Built Batteries.Data.Stream (967ms)
✔ [3297/3303] Built Batteries.Data.RBMap.Depth (1.3s)
✔ [3298/3304] Built Batteries.Data.String.AsciiCasing (841ms)
✔ [3299/3304] Built Batteries.Data.String.Basic (1.7s)
✔ [3300/3307] Built Batteries.Data.String.Legacy (2.5s)
✔ [3301/3307] Built Batteries.Recycling.RBTree.Lemmas (6.1s)
✔ [3302/3307] Built Batteries.Data.String.Matcher (754ms)
✔ [3303/3311] Built Batteries.Data.RBMap.Lemmas (1.6s)
✔ [3304/3311] Built Batteries.Data.RBMap (1.7s)
✔ [3305/3312] Built Batteries.Util.Panic (1.4s)
✔ [3306/3313] Built Batteries.Data.String.Lemmas (5.5s)
✔ [3307/3313] Built Batteries.Data.UnionFind.Basic (2.0s)
✔ [3308/3313] Built Batteries.Data.Vector.Basic (2.6s)
✔ [3309/3313] Built Batteries.Data.String (1.2s)
✔ [3310/3317] Built Batteries.Data.Vector.Lemmas (1.9s)
✔ [3311/3318] Built Batteries.Data.UnionFind.Lemmas (1.6s)
✔ [3312/3318] Built Batteries.Recycling.MonadSatisfying.Vector (903ms)
✔ [3313/3319] Built Batteries.Lean.Float (716ms)
✔ [3314/3319] Built Batteries.Data.UnionFind (987ms)
✔ [3315/3320] Built Batteries.Lean.IO.Process (729ms)
✔ [3316/3321] Built Batteries.Data.Vector.Monadic (748ms)
✔ [3317/3322] Built Batteries.Lean.Json (730ms)
✔ [3318/3322] Built Batteries.Lean.LawfulMonad (993ms)
✔ [3319/3322] Built Batteries.Lean.LawfulMonadLift (1.0s)
✔ [3320/3325] Built Batteries.Data.Vector (1.0s)
✔ [3321/3326] Built Batteries.Lean.Meta.Simp (1.3s)
✔ [3322/3328] Built Batteries.Recycling.MonadSatisfying.Lean (884ms)
✔ [3323/3328] Built Batteries.Lean.Util.EnvSearch (907ms)
✔ [3324/3328] Built Batteries.Recycling.MonadSatisfying (930ms)
✔ [3325/3329] Built Batteries.Lean.SatisfiesM (881ms)
✔ [3326/3330] Built Batteries.Recycling.RBTree (1.1s)
✔ [3327/3331] Built Batteries.Tactic.Instances (1.2s)
✔ [3328/3332] Built Batteries.Tactic.Lemma (1.2s)
✔ [3329/3333] Built Batteries.Tactic.NoMatch (1.1s)
✔ [3330/3334] Built Batteries.Tactic.PrintDependents (1.2s)
✔ [3331/3335] Built Batteries.Tactic.PrintOpaques (1.1s)
✔ [3332/3337] Built Batteries.Tactic.PrintPrefix (1.4s)
✔ [3333/3338] Built Batteries.Tactic.ShowUnused (1.2s)
✔ [3334/3371] Built Batteries.Util.Pickle (769ms)
✔ [3915/3996] Built Batteries.Tactic.SqueezeScope (2.1s)
✔ [4680/4763] Built Batteries (1.3s)
✔ [8655/8680] Built ProofWidgets.Component.PenroseDiagram (1.4s)
✔ [8656/8680] Built ProofWidgets.Presentation.Expr (1.5s)
✔ [8831/8841] Built ProofWidgets.Component.HtmlDisplay (1.2s)
✔ [8834/8842] Built NavierStokes.PeriodicLocalization (4.6s)
✔ [8836/8845] Built NavierStokes.SmoothCutoffs (5.1s)
✔ [8837/8845] Built NavierStokes.SpacetimeEndpoint (12s)
✔ [8838/8845] Built NavierStokes.DiagonalScale (3.1s)
✔ [8839/8845] Built NavierStokes.SpatialCurl (6.1s)
✔ [8840/8845] Built NavierStokes.JointResidualLimits (5.8s)
✔ [8841/8850] Built NavierStokes.SolenoidalDiagonal (3.0s)
✔ [8842/8850] Built NavierStokes.ComparatorDefinitions (19s)
✔ [8843/8850] Built NavierStokes.AxisymmetricFields (6.2s)
✔ [8844/8853] Built NavierStokes.ResidualRegularity (4.2s)
✔ [8845/8853] Built NavierStokes.ComparatorBridge (12s)
✔ [8846/8853] Built NavierStokes.AxisymmetricResidual (9.0s)
✔ [8847/8854] Built NavierStokes.ResidualCalculus (4.2s)
✔ [8848/8854] Built NavierStokes.CompactSpatialForceDecay (10s)
✔ [8849/8857] Built NavierStokes.LocalAxisymmetricResidual (7.5s)
✔ [8850/8861] Built NavierStokes.TimeLocalization (4.2s)
✔ [8851/8861] Built NavierStokes.BorelExtension (13s)
✔ [8852/8863] Built NavierStokes.CylindricalResidual (19s)
✔ [8853/8863] Built NavierStokes.PastExtension (4.4s)
✔ [8854/8863] Built NavierStokes.CompactForceDecay (4.5s)
✔ [8855/8863] Built NavierStokes.SpatialBorelExtension (7.0s)
✔ [8856/8863] Built NavierStokes.SpatialLocalization (7.2s)
✔ [8857/8863] Built NavierStokes.SpacetimeGluing (5.0s)
✔ [8858/8866] Built NavierStokes.ComparatorR3Bridge (9.9s)
✔ [8859/8868] Built NavierStokes.RadialAlias (4.4s)
✔ [8860/8868] Built NavierStokes.CandidateFromLimits (6.7s)
✔ [8861/8868] Built NavierStokes.JetBounds (8.8s)
✔ [8862/8868] Built NavierStokes.TransportPrimitive (12s)
✔ [8863/8868] Built NavierStokes.PeriodicResidualLimits (6.4s)
✔ [8864/8868] Built NavierStokes.WeightedClasses (5.0s)
✔ [8865/8872] Built NavierStokes.MeanResidual (11s)
✔ [8866/8872] Built NavierStokes.R3CompactCandidate (11s)
✔ [8867/8872] Built NavierStokes.DiophantineGraph (4.3s)
✔ [8868/8876] Built NavierStokes.R3FiniteEnergyComparison (8.5s)
✔ [8869/8878] Built NavierStokes.TorusInverse (6.1s)
✔ [8870/8878] Built NavierStokes.SlotGeometry (5.1s)
✔ [8871/8878] Built NavierStokes.Scaling (4.9s)
✔ [8872/8878] Built NavierStokes.Flatness (2.8s)
✔ [8873/8878] Built NavierStokes.SlotColoring (5.8s)
✔ [8874/8881] Built NavierStokes.SmoothFourierData (12s)
✔ [8875/8881] Built NavierStokes.ChartScales (3.5s)
✔ [8876/8883] Built NavierStokes.FlatCutoff (3.8s)
✔ [8877/8883] Built NavierStokes.ParametricTorusInverse (7.7s)
✔ [8878/8883] Built NavierStokes.FlatKernelBounds (6.5s)
✔ [8879/8883] Built NavierStokes.FlatPrimitive (5.2s)
✔ [8880/8885] Built NavierStokes.SmoothParameterIntegral (6.6s)
✔ [8881/8885] Built NavierStokes.FourierAlias (7.1s)
✔ [8882/8890] Built NavierStokes.FlatPrimitiveFactor (5.8s)
✔ [8883/8893] Built NavierStokes.ParametricKernelBounds (5.2s)
✔ [8884/8893] Built NavierStokes.ConeAlgebra (5.4s)
✔ [8885/8897] Built NavierStokes.ParametricFlatFactor (5.8s)
✔ [8886/8897] Built NavierStokes.UniformCone (4.2s)
✔ [8887/8898] Built NavierStokes.PhaseCalculus (5.9s)
✔ [8888/8898] Built NavierStokes.GraphCalculus (5.4s)
✔ [8889/8898] Built NavierStokes.WeightedRadialPrimitive (11s)
✔ [8890/8898] Built NavierStokes.SmoothFamilyTorusInverse (17s)
✔ [8891/8900] Built NavierStokes.HarmonicCalculus (8.7s)
✔ [8892/8900] Built NavierStokes.RadialPullback (9.4s)
✔ [8893/8900] Built NavierStokes.HarmonicFields (7.7s)
✔ [8894/8903] Built NavierStokes.LoopMoments (3.7s)
✔ [8895/8903] Built NavierStokes.PressureStream (7.9s)
✔ [8896/8903] Built NavierStokes.SmoothLoop (6.7s)
✔ [8897/8907] Built NavierStokes.Covariance (4.1s)
✔ [8898/8909] Built NavierStokes.SmoothCovariance (5.7s)
✔ [8899/8909] Built NavierStokes.IntegratedMeanBalances (7.7s)
✔ [8900/8909] Built NavierStokes.PulseGrowth (3.2s)
✔ [8901/8909] Built NavierStokes.FlatCovariance (4.8s)
✔ [8902/8909] Built NavierStokes.UniformFourierAlias (11s)
✔ [8903/8909] Built NavierStokes.MeanMomentBounds (11s)
✔ [8904/8910] Built NavierStokes.GaussianEnvelope (4.8s)
✔ [8905/8913] Built NavierStokes.MeanIncrementBounds (11s)
✔ [8906/8913] Built NavierStokes.PulseCovariance (10s)
✔ [8907/8913] Built NavierStokes.PowerMomentMatrix (4.1s)
✔ [8908/8913] Built NavierStokes.MomentRepair (4.0s)
✔ [8909/8913] Built NavierStokes.TorusAverages (6.2s)
✔ [8910/8915] Built NavierStokes.LocalizedMomentRepair (5.6s)
✔ [8911/8915] Built NavierStokes.FiveRowRank (7.0s)
✔ [8912/8919] Built NavierStokes.TemporalMeanUpdate (12s)
✔ [8913/8921] Built NavierStokes.OutgoingSchedule (10s)
✔ [8914/8921] Built NavierStokes.SmoothMomentRepair (14s)
✔ [8915/8921] Built NavierStokes.SimilarityCoordinates (9.3s)
✔ [8916/8921] Built NavierStokes.OutgoingTail (11s)
✔ [8917/8921] Built NavierStokes.AngularMomentReset (11s)
✔ [8918/8924] Built NavierStokes.PhysicalCoordinateBounds (9.7s)
✔ [8919/8926] Built NavierStokes.ParametricRephase (5.2s)
✔ [8920/8928] Built NavierStokes.UniformAngularReset (16s)
✔ [8921/8928] Built NavierStokes.TailEnergyBounds (11s)
✔ [8922/8929] Built NavierStokes.OutgoingPulseBounds (23s)
✔ [8923/8929] Built NavierStokes.RadialSchedule (4.8s)
✔ [8924/8929] Built NavierStokes.ResetEnergyBounds (6.1s)
✔ [8925/8929] Built NavierStokes.ReleaseMoments (5.2s)
✔ [8926/8930] Built NavierStokes.FiveProfileMoments (35s)
✔ [8927/8930] Built NavierStokes.PulseAmplitude (23s)
✔ [8928/8934] Built NavierStokes.PressureDatum (6.2s)
✔ [8929/8935] Built NavierStokes.CorrectedPulseAmplitude (10s)
✔ [8930/8935] Built NavierStokes.AxisWeightEstimates (6.3s)
✔ [8931/8935] Built NavierStokes.AnalyticPrimitive (4.4s)
✔ [8932/8935] Built NavierStokes.AxisCoefficientSpace (5.1s)
✔ [8933/8937] Built NavierStokes.AnalyticCoefficientBounds (5.4s)
✔ [8934/8939] Built NavierStokes.NaturalAxisData (7.4s)
✔ [8935/8948] Built NavierStokes.AxisEvaluation (7.0s)
✔ [8936/8948] Built NavierStokes.AxisProfile (4.7s)
✔ [8937/8952] Built NavierStokes.AxisOperators (12s)
✔ [8938/8952] Built NavierStokes.AxisEvaluationAlgebra (7.1s)
✔ [8939/8952] Built NavierStokes.AxisSeries (10s)
✔ [8940/8960] Built NavierStokes.AxisResolvent (10s)
✔ [8941/8960] Built NavierStokes.RadialHeatProfile (9.2s)
✔ [8942/8960] Built NavierStokes.HeatTailEdit (6.2s)
✔ [8943/8961] Built NavierStokes.EndpointExtension (4.5s)
✔ [8944/8961] Built NavierStokes.AxisContraction (11s)
✔ [8945/8961] Built NavierStokes.ParametricHeatTail (8.7s)
✔ [8946/8961] Built NavierStokes.HeatProfileExtension (7.1s)
✔ [8947/8961] Built NavierStokes.TerminalCompensation (17s)
✔ [8948/8964] Built NavierStokes.SquaredPartition (6.0s)
✔ [8949/8964] Built NavierStokes.NaturalAxisBridge (8.8s)
✔ [8950/8964] Built NavierStokes.ParametricTerminalCompensation (6.6s)
✔ [8951/8964] Built NavierStokes.TangentProjection (4.6s)
✔ [8952/8965] Built NavierStokes.AxisReference (5.0s)
✔ [8953/8969] Built NavierStokes.NaturalAxisCoefficients (6.7s)
✔ [8954/8970] Built NavierStokes.TangentODE (9.7s)
✔ [8955/8970] Built NavierStokes.NaturalProfile (6.2s)
✔ [8956/8970] Built NavierStokes.ViscousPropagator (7.2s)
✔ [8957/8970] Built NavierStokes.GrowingMode (8.7s)
✔ [8958/8970] Built NavierStokes.LinearWaveResidual (10s)
✔ [8959/8970] Built NavierStokes.ParametricODE (13s)
✔ [8960/8973] Built NavierStokes.SchedulePressure (4.2s)
✔ [8961/8973] Built NavierStokes.MovingFrameODE (10s)
✔ [8962/8973] Built NavierStokes.OutgoingProfile (8.8s)
✔ [8963/8973] Built NavierStokes.CurlGeometry (5.0s)
✔ [8964/8973] Built NavierStokes.PhaseEstimates (12s)
✔ [8965/8974] Built NavierStokes.ResidualStability (21s)
✔ [8966/8974] Built NavierStokes.OutgoingDilation (5.1s)
✔ [8967/8975] Built NavierStokes.PartitionedCovariance (6.9s)
✔ [8968/8975] Built NavierStokes.SmoothPathFamily (5.6s)
✔ [8969/8979] Built NavierStokes.OscillatoryCurl (14s)
✔ [8970/8979] Built NavierStokes.HeatedOutgoing (8.7s)
✔ [8971/8979] Built NavierStokes.WeightedODEJets (11s)
✔ [8972/8980] Built NavierStokes.JointODE (8.1s)
✔ [8973/8984] Built NavierStokes.ReservedPatches (5.8s)
✔ [8974/8984] Built NavierStokes.CoordinateAlgebra (7.9s)
✔ [8975/8984] Built NavierStokes.PrimaryODE (13s)
✔ [8976/8984] Built NavierStokes.PolarCharts (8.8s)
✔ [8977/8984] Built NavierStokes.MeanRankUpdate (13s)
✔ [8978/8984] Built NavierStokes.PhaseJetBounds (13s)
✔ [8979/8984] Built NavierStokes.CorrectionState (10s)
✔ [8980/8984] Built NavierStokes.PhysicalGraphBounds (23s)
✔ [8981/8986] Built NavierStokes.CurlClassBounds (15s)
✔ [8982/8986] Built NavierStokes.GaussianTailFlat (14s)
✔ [8983/8990] Built NavierStokes.HarmonicResidual (13s)
✔ [8984/8991] Built NavierStokes.LinearWaveBounds (11s)
✔ [8985/8991] Built NavierStokes.FlatZeroExtension (5.7s)
✔ [8986/8994] Built NavierStokes.ErrorHarmonics (6.9s)
✔ [8987/8995] Built NavierStokes.WeightedQuotients (8.7s)
✔ [8988/8996] Built NavierStokes.CommonCoverSolve (10s)
✔ [8989/8996] Built NavierStokes.SimilarityProfile (7.3s)
✔ [8990/8998] Built NavierStokes.SignedCovariance (8.8s)
✔ [8991/9001] Built NavierStokes.SimilarityHomogeneity (5.7s)
✔ [8992/9002] Built NavierStokes.PrimaryCopyBridge (15s)
✔ [8993/9002] Built NavierStokes.PrimaryPulseBounds (15s)
✔ [8994/9003] Built NavierStokes.CommonCoverClass (14s)
✔ [8995/9003] Built NavierStokes.SignedStressPrimitive (13s)
✔ [8996/9003] Built NavierStokes.WaveEnvelopeTransport (7.3s)
✔ [8997/9010] Built NavierStokes.CopySolveCompatibility (7.1s)
✔ [8998/9010] Built NavierStokes.PhysicalWaveSum (9.9s)
✔ [8999/9013] Built NavierStokes.CopyAngularInvariance (7.8s)
✔ [9000/9013] Built NavierStokes.WaveInteractionBounds (11s)
✔ [9001/9013] Built NavierStokes.NormalScaling (6.1s)
✔ [9002/9013] Built NavierStokes.HarmonicCovariance (7.1s)
✔ [9003/9013] Built NavierStokes.ParticularWaveBounds (25s)
✔ [9004/9013] Built NavierStokes.LabelSumBounds (8.0s)
✔ [9005/9014] Built NavierStokes.ScaledTangentTransport (6.8s)
✔ [9006/9016] Built NavierStokes.UniformPrimaryWeights (7.7s)
✔ [9007/9016] Built NavierStokes.SignedWaveUpdate (10s)
✔ [9008/9016] Built NavierStokes.PrimaryCovarianceBounds (7.4s)
✔ [9009/9016] Built NavierStokes.PrimaryRepresentatives (12s)
✔ [9010/9016] Built NavierStokes.ParticularWaveAssembly (16s)
✔ [9011/9016] Built NavierStokes.PeriodizedWaveBounds (11s)
✔ [9012/9018] Built NavierStokes.BasePhaseGeometry (25s)
✔ [9013/9019] Built NavierStokes.SignedCopyBounds (11s)
✔ [9014/9021] Built NavierStokes.EvenSmoothDescent (7.5s)
✔ [9015/9021] Built NavierStokes.CauchyRestriction (6.9s)
✔ [9016/9021] Built NavierStokes.ParticularCopyBounds (10s)
✔ [9017/9021] Built NavierStokes.ParametricEvenDescent (6.9s)
✔ [9018/9023] Built NavierStokes.CompactSmoothFamily (7.9s)
✔ [9019/9029] Built NavierStokes.ActualParticularControl (15s)
✔ [9020/9029] Built NavierStokes.HolomorphicFamily (11s)
✔ [9021/9029] Built NavierStokes.VolterraAnalyticBounds (7.4s)
✔ [9022/9032] Built NavierStokes.RadialModulation (7.4s)
✔ [9023/9034] Built NavierStokes.LoopVariance (10s)
✖ [9024/9036] Building NavierStokes.TrueConeLoop (3.5s)
trace: .> LEAN_PATH=/verify/packages/Cli/.lake/build/lib/lean:/verify/packages/batteries/.lake/build/lib/lean:/verify/packages/Qq/.lake/build/lib/lean:/verify/packages/aesop/.lake/build/lib/lean:/verify/packages/proofwidgets/.lake/build/lib/lean:/verify/packages/importGraph/.lake/build/lib/lean:/verify/packages/LeanSearchClient/.lake/build/lib/lean:/verify/packages/plausible/.lake/build/lib/lean:/verify/packages/lean4export/.lake/build/lib/lean:/verify/packages/mathlib/.lake/build/lib/lean:/verify/packages/Comparator/.lake/build/lib/lean:/verify/source/.lake/build/lib/lean /verify/toolchain/bin/lean /verify/source/NavierStokes/TrueConeLoop.lean -o /verify/source/.lake/build/lib/lean/NavierStokes/TrueConeLoop.olean -i /verify/source/.lake/build/lib/lean/NavierStokes/TrueConeLoop.ilean -c /verify/source/.lake/build/ir/NavierStokes/TrueConeLoop.c --setup /verify/source/.lake/build/ir/NavierStokes/TrueConeLoop.setup.json --json
error: NavierStokes/TrueConeLoop.lean:1:0: failed to open file '/verify/packages/mathlib/.lake/build/lib/lean/Mathlib/Algebra/Order/Group/Lattice.olean.private': Too many open files
✔ [9026/9036] Built NavierStokes.NilpotentVolterra (19s)
✔ [9027/9036] Built NavierStokes.StressAlgebra (5.8s)
✔ [9028/9040] Built NavierStokes.ProfileHistories (9.3s)
✔ [9029/9040] Built NavierStokes.VolterraParity (10s)
✔ [9030/9043] Built NavierStokes.ReferencePath (11s)
✖ [9031/9043] Building NavierStokes.VolterraRegularity (2.6s)
trace: .> LEAN_PATH=/verify/packages/Cli/.lake/build/lib/lean:/verify/packages/batteries/.lake/build/lib/lean:/verify/packages/Qq/.lake/build/lib/lean:/verify/packages/aesop/.lake/build/lib/lean:/verify/packages/proofwidgets/.lake/build/lib/lean:/verify/packages/importGraph/.lake/build/lib/lean:/verify/packages/LeanSearchClient/.lake/build/lib/lean:/verify/packages/plausible/.lake/build/lib/lean:/verify/packages/lean4export/.lake/build/lib/lean:/verify/packages/mathlib/.lake/build/lib/lean:/verify/packages/Comparator/.lake/build/lib/lean:/verify/source/.lake/build/lib/lean /verify/toolchain/bin/lean /verify/source/NavierStokes/VolterraRegularity.lean -o /verify/source/.lake/build/lib/lean/NavierStokes/VolterraRegularity.olean -i /verify/source/.lake/build/lib/lean/NavierStokes/VolterraRegularity.ilean -c /verify/source/.lake/build/ir/NavierStokes/VolterraRegularity.c --setup /verify/source/.lake/build/ir/NavierStokes/VolterraRegularity.setup.json --json
error: NavierStokes/VolterraRegularity.lean:1:0: failed to open file '/verify/packages/mathlib/.lake/build/lib/lean/Mathlib/Control/Bifunctor.olean.server': Too many open files
✔ [9033/9043] Built NavierStokes.NaturalEntrance (20s)
✔ [9036/9044] Built NavierStokes.StressActivation (9.6s)
✔ [9037/9044] Built NavierStokes.ActivationBounds (12s)
✔ [9038/9046] Built NavierStokes.ShapeTransition (15s)
✔ [9039/9046] Built NavierStokes.OutgoingHistories (10s)
✔ [9040/9049] Built NavierStokes.ActivationStocks (10s)
✔ [9042/9049] Built NavierStokes.ModulatedStockBounds (6.1s)
✔ [9044/9052] Built NavierStokes.ReferenceJetBounds (8.6s)
✔ [9045/9052] Built NavierStokes.ReferenceBounds (22s)
✔ [9046/9052] Built NavierStokes.ActivationCone (25s)
✔ [9047/9053] Built NavierStokes.ExtendedHeatDebts (10s)
✔ [9048/9053] Built NavierStokes.TransitionRamp (16s)
✔ [9049/9056] Built NavierStokes.ExtendedHeatedOutgoing (8.9s)
✖ [9050/9059] Building NavierStokes.FuturePressureBounds (2.5s)
trace: .> LEAN_PATH=/verify/packages/Cli/.lake/build/lib/lean:/verify/packages/batteries/.lake/build/lib/lean:/verify/packages/Qq/.lake/build/lib/lean:/verify/packages/aesop/.lake/build/lib/lean:/verify/packages/proofwidgets/.lake/build/lib/lean:/verify/packages/importGraph/.lake/build/lib/lean:/verify/packages/LeanSearchClient/.lake/build/lib/lean:/verify/packages/plausible/.lake/build/lib/lean:/verify/packages/lean4export/.lake/build/lib/lean:/verify/packages/mathlib/.lake/build/lib/lean:/verify/packages/Comparator/.lake/build/lib/lean:/verify/source/.lake/build/lib/lean /verify/toolchain/bin/lean /verify/source/NavierStokes/FuturePressureBounds.lean -o /verify/source/.lake/build/lib/lean/NavierStokes/FuturePressureBounds.olean -i /verify/source/.lake/build/lib/lean/NavierStokes/FuturePressureBounds.ilean -c /verify/source/.lake/build/ir/NavierStokes/FuturePressureBounds.c --setup /verify/source/.lake/build/ir/NavierStokes/FuturePressureBounds.setup.json --json
error: NavierStokes/FuturePressureBounds.lean:1:0: failed to open file '/verify/toolchain/lib/lean/Std/Data/DHashMap/AdditionalOperations.ir.sig': Too many open files
✔ [9053/9059] Built NavierStokes.PulseLag (12s)
✔ [9054/9063] Built NavierStokes.ActivationContinuation (20s)
✔ [9056/9064] Built NavierStokes.PulseEnergyHistory (8.2s)
✔ [9061/9069] Built NavierStokes.NominalProfile (16s)
✔ [9062/9069] Built NavierStokes.SlowDivergence (10s)
✔ [9063/9070] Built NavierStokes.RadialFluxResidual (7.9s)
✔ [9064/9072] Built NavierStokes.MatchingDebtBounds (10s)
✖ [9065/9078] Building NavierStokes.SlowExpansionResidual (1.4s)
trace: .> LEAN_PATH=/verify/packages/Cli/.lake/build/lib/lean:/verify/packages/batteries/.lake/build/lib/lean:/verify/packages/Qq/.lake/build/lib/lean:/verify/packages/aesop/.lake/build/lib/lean:/verify/packages/proofwidgets/.lake/build/lib/lean:/verify/packages/importGraph/.lake/build/lib/lean:/verify/packages/LeanSearchClient/.lake/build/lib/lean:/verify/packages/plausible/.lake/build/lib/lean:/verify/packages/lean4export/.lake/build/lib/lean:/verify/packages/mathlib/.lake/build/lib/lean:/verify/packages/Comparator/.lake/build/lib/lean:/verify/source/.lake/build/lib/lean /verify/toolchain/bin/lean /verify/source/NavierStokes/SlowExpansionResidual.lean -o /verify/source/.lake/build/lib/lean/NavierStokes/SlowExpansionResidual.olean -i /verify/source/.lake/build/lib/lean/NavierStokes/SlowExpansionResidual.ilean -c /verify/source/.lake/build/ir/NavierStokes/SlowExpansionResidual.c --setup /verify/source/.lake/build/ir/NavierStokes/SlowExpansionResidual.setup.json --json
error: NavierStokes/SlowExpansionResidual.lean:1:0: failed to open file '/verify/packages/batteries/.lake/build/lib/lean/Batteries/Data/List/Basic.olean': Too many open files
✔ [9071/9086] Built NavierStokes.EdgeWeightJets (6.0s)
✖ [9078/9087] Building NavierStokes.PositiveAxisSystem (4.8s)
trace: .> LEAN_PATH=/verify/packages/Cli/.lake/build/lib/lean:/verify/packages/batteries/.lake/build/lib/lean:/verify/packages/Qq/.lake/build/lib/lean:/verify/packages/aesop/.lake/build/lib/lean:/verify/packages/proofwidgets/.lake/build/lib/lean:/verify/packages/importGraph/.lake/build/lib/lean:/verify/packages/LeanSearchClient/.lake/build/lib/lean:/verify/packages/plausible/.lake/build/lib/lean:/verify/packages/lean4export/.lake/build/lib/lean:/verify/packages/mathlib/.lake/build/lib/lean:/verify/packages/Comparator/.lake/build/lib/lean:/verify/source/.lake/build/lib/lean /verify/toolchain/bin/lean /verify/source/NavierStokes/PositiveAxisSystem.lean -o /verify/source/.lake/build/lib/lean/NavierStokes/PositiveAxisSystem.olean -i /verify/source/.lake/build/lib/lean/NavierStokes/PositiveAxisSystem.ilean -c /verify/source/.lake/build/ir/NavierStokes/PositiveAxisSystem.c --setup /verify/source/.lake/build/ir/NavierStokes/PositiveAxisSystem.setup.json --json
error: NavierStokes/PositiveAxisSystem.lean:1:0: failed to open file '/verify/packages/mathlib/.lake/build/lib/lean/Mathlib/Analysis/SpecialFunctions/Trigonometric/ComplexDeriv.olean': Too many open files
✔ [9080/9088] Built NavierStokes.RenormalizedHeatMoment (9.2s)
✔ [9083/9092] Built NavierStokes.HeatTailHistoryLimits (8.5s)
✔ [9086/9099] Built NavierStokes.AxisSourceRegularity (10s)
✔ [9088/9103] Built NavierStokes.DiagonalJetBounds (4.9s)
✔ [9092/9104] Built NavierStokes.AxisHolomorphic (8.2s)
✔ [9093/9105] Built NavierStokes.BlowupImplication (5.9s)
✔ [9095/9108] Built NavierStokes.AxisHolomorphicJoint (6.1s)
✔ [9097/9109] Built NavierStokes.DiagonalResidual (8.7s)
✔ [9099/9114] Built NavierStokes.NaturalCore (6.8s)
