tests	Set up job	﻿2026-10-03T21:15:32.4765240Z Current runner version: '2.337.0'
tests	Set up job	2026-10-03T21:15:32.4791320Z ##[group]Runner Image Provisioner
tests	Set up job	2026-10-03T21:15:32.4792208Z Hosted Compute Agent
tests	Set up job	2026-10-03T21:15:32.4792888Z Version: 20260901.588
tests	Set up job	2026-10-03T21:15:32.4793529Z Commit: f88ec8081b781fac6c440065ac7ff9e710ce3d0b
tests	Set up job	2026-10-03T21:15:32.4794284Z Build Date: 2026-09-01T19:56:44Z
tests	Set up job	2026-10-03T21:15:32.4795034Z Worker ID: {6f438446-7f01-427f-a39d-63c791f16464}
tests	Set up job	2026-10-03T21:15:32.4795741Z Azure Region: canadaeast
tests	Set up job	2026-10-03T21:15:32.4796552Z ##[endgroup]
tests	Set up job	2026-10-03T21:15:32.4798726Z ##[group]Operating System
tests	Set up job	2026-10-03T21:15:32.4799474Z Ubuntu
tests	Set up job	2026-10-03T21:15:32.4800109Z 24.04.5
tests	Set up job	2026-10-03T21:15:32.4800623Z LTS
tests	Set up job	2026-10-03T21:15:32.4801184Z ##[endgroup]
tests	Set up job	2026-10-03T21:15:32.4801754Z ##[group]Runner Image
tests	Set up job	2026-10-03T21:15:32.4802372Z Image: ubuntu-24.04
tests	Set up job	2026-10-03T21:15:32.4803020Z Version: 20260927.320.1
tests	Set up job	2026-10-03T21:15:32.4804086Z Included Software: https://github.com/actions/runner-images/blob/ubuntu24/20260927.320/images/ubuntu/Ubuntu2404-Readme.md
tests	Set up job	2026-10-03T21:15:32.4805904Z Image Release: https://github.com/actions/runner-images/releases/tag/ubuntu24%2F20260927.320
tests	Set up job	2026-10-03T21:15:32.4807403Z ##[endgroup]
tests	Set up job	2026-10-03T21:15:32.4808728Z ##[group]GITHUB_TOKEN Permissions
tests	Set up job	2026-10-03T21:15:32.4810938Z Contents: read
tests	Set up job	2026-10-03T21:15:32.4811625Z Metadata: read
tests	Set up job	2026-10-03T21:15:32.4812224Z ##[endgroup]
tests	Set up job	2026-10-03T21:15:32.4814451Z Secret source: Actions
tests	Set up job	2026-10-03T21:15:32.4815412Z Cache mode: write
tests	Set up job	2026-10-03T21:15:32.4816234Z Prepare workflow directory
tests	Set up job	2026-10-03T21:15:32.5161246Z Prepare all required actions
tests	Set up job	2026-10-03T21:15:32.5209758Z Getting action download info
tests	Set up job	2026-10-03T21:15:32.8134583Z Download action repository 'actions/checkout@v5' (SHA:fbc6f3992d24b796d5a048ff273f7fcc4a7b6c09)
tests	Set up job	2026-10-03T21:15:32.9505196Z Download action repository 'actions/setup-python@v6' (SHA:ece7cb06caefa5fff74198d8649806c4678c61a1)
tests	Set up job	2026-10-03T21:15:33.0559012Z Download action repository 'actions/upload-artifact@v4' (SHA:ea165f8d65b6e75b540449e92b4886f43607fa02)
tests	Set up job	2026-10-03T21:15:33.2592932Z Complete job name: tests
tests	Run actions/checkout@v5	﻿2026-10-03T21:15:33.3383309Z ##[group]Run actions/checkout@v5
tests	Run actions/checkout@v5	2026-10-03T21:15:33.3384225Z with:
tests	Run actions/checkout@v5	2026-10-03T21:15:33.3384717Z   repository: Unjuno/concentration-aware-ns
tests	Run actions/checkout@v5	2026-10-03T21:15:33.3388906Z   token: ***
tests	Run actions/checkout@v5	2026-10-03T21:15:33.3389352Z   ssh-strict: true
tests	Run actions/checkout@v5	2026-10-03T21:15:33.3389787Z   ssh-user: git
tests	Run actions/checkout@v5	2026-10-03T21:15:33.3390226Z   persist-credentials: true
tests	Run actions/checkout@v5	2026-10-03T21:15:33.3390720Z   clean: true
tests	Run actions/checkout@v5	2026-10-03T21:15:33.3391167Z   sparse-checkout-cone-mode: true
tests	Run actions/checkout@v5	2026-10-03T21:15:33.3391683Z   fetch-depth: 1
tests	Run actions/checkout@v5	2026-10-03T21:15:33.3392104Z   fetch-tags: false
tests	Run actions/checkout@v5	2026-10-03T21:15:33.3392547Z   show-progress: true
tests	Run actions/checkout@v5	2026-10-03T21:15:33.3392997Z   lfs: false
tests	Run actions/checkout@v5	2026-10-03T21:15:33.3393408Z   submodules: false
tests	Run actions/checkout@v5	2026-10-03T21:15:33.3393857Z   set-safe-directory: true
tests	Run actions/checkout@v5	2026-10-03T21:15:33.3394362Z   allow-unsafe-pr-checkout: false
tests	Run actions/checkout@v5	2026-10-03T21:15:33.3395132Z ##[endgroup]
tests	Run actions/checkout@v5	2026-10-03T21:15:33.4410257Z Syncing repository: Unjuno/concentration-aware-ns
tests	Run actions/checkout@v5	2026-10-03T21:15:33.4413295Z ##[group]Getting Git version info
tests	Run actions/checkout@v5	2026-10-03T21:15:33.4414376Z Working directory is '/home/runner/work/concentration-aware-ns/concentration-aware-ns'
tests	Run actions/checkout@v5	2026-10-03T21:15:33.4415627Z [command]/usr/bin/git version
tests	Run actions/checkout@v5	2026-10-03T21:15:33.4525781Z git version 2.55.0
tests	Run actions/checkout@v5	2026-10-03T21:15:33.4551124Z ##[endgroup]
tests	Run actions/checkout@v5	2026-10-03T21:15:33.4567918Z Temporarily overriding HOME='/home/runner/work/_temp/32551612-f530-406b-814f-ed2e6eec6e65' before making global git config changes
tests	Run actions/checkout@v5	2026-10-03T21:15:33.4570594Z Adding repository directory to the temporary git global config as a safe directory
tests	Run actions/checkout@v5	2026-10-03T21:15:33.4574534Z [command]/usr/bin/git config --global --add safe.directory /home/runner/work/concentration-aware-ns/concentration-aware-ns
tests	Run actions/checkout@v5	2026-10-03T21:15:33.4633899Z Deleting the contents of '/home/runner/work/concentration-aware-ns/concentration-aware-ns'
tests	Run actions/checkout@v5	2026-10-03T21:15:33.4643988Z ##[group]Initializing the repository
tests	Run actions/checkout@v5	2026-10-03T21:15:33.4653028Z [command]/usr/bin/git init /home/runner/work/concentration-aware-ns/concentration-aware-ns
tests	Run actions/checkout@v5	2026-10-03T21:15:33.4775920Z hint: Using 'master' as the name for the initial branch. This default branch name
tests	Run actions/checkout@v5	2026-10-03T21:15:33.4777716Z hint: will change to "main" in Git 3.0. To configure the initial branch name
tests	Run actions/checkout@v5	2026-10-03T21:15:33.4778693Z hint: to use in all of your new repositories, which will suppress this warning,
tests	Run actions/checkout@v5	2026-10-03T21:15:33.4779460Z hint: call:
tests	Run actions/checkout@v5	2026-10-03T21:15:33.4780161Z hint:
tests	Run actions/checkout@v5	2026-10-03T21:15:33.4780683Z hint: 	git config --global init.defaultBranch <name>
tests	Run actions/checkout@v5	2026-10-03T21:15:33.4781317Z hint:
tests	Run actions/checkout@v5	2026-10-03T21:15:33.4781902Z hint: Names commonly chosen instead of 'master' are 'main', 'trunk' and
tests	Run actions/checkout@v5	2026-10-03T21:15:33.4782852Z hint: 'development'. The just-created branch can be renamed via this command:
tests	Run actions/checkout@v5	2026-10-03T21:15:33.4783611Z hint:
tests	Run actions/checkout@v5	2026-10-03T21:15:33.4784257Z hint: 	git branch -m <name>
tests	Run actions/checkout@v5	2026-10-03T21:15:33.4785105Z hint:
tests	Run actions/checkout@v5	2026-10-03T21:15:33.4786225Z hint: Disable this message with "git config set advice.defaultBranchName false"
tests	Run actions/checkout@v5	2026-10-03T21:15:33.4788886Z Initialized empty Git repository in /home/runner/work/concentration-aware-ns/concentration-aware-ns/.git/
tests	Run actions/checkout@v5	2026-10-03T21:15:33.4802332Z [command]/usr/bin/git remote add origin https://github.com/Unjuno/concentration-aware-ns
tests	Run actions/checkout@v5	2026-10-03T21:15:33.4858428Z ##[endgroup]
tests	Run actions/checkout@v5	2026-10-03T21:15:33.4859741Z ##[group]Disabling automatic garbage collection
tests	Run actions/checkout@v5	2026-10-03T21:15:33.4862310Z [command]/usr/bin/git config --local gc.auto 0
tests	Run actions/checkout@v5	2026-10-03T21:15:33.4895270Z ##[endgroup]
tests	Run actions/checkout@v5	2026-10-03T21:15:33.4896020Z ##[group]Setting up auth
tests	Run actions/checkout@v5	2026-10-03T21:15:33.4903644Z [command]/usr/bin/git config --local --name-only --get-regexp core\.sshCommand
tests	Run actions/checkout@v5	2026-10-03T21:15:33.4941770Z [command]/usr/bin/git submodule foreach --recursive sh -c "git config --local --name-only --get-regexp 'core\.sshCommand' && git config --local --unset-all 'core.sshCommand' || :"
tests	Run actions/checkout@v5	2026-10-03T21:15:33.5445463Z [command]/usr/bin/git config --local --name-only --get-regexp http\.https\:\/\/github\.com\/\.extraheader
tests	Run actions/checkout@v5	2026-10-03T21:15:33.5515245Z [command]/usr/bin/git submodule foreach --recursive sh -c "git config --local --name-only --get-regexp 'http\.https\:\/\/github\.com\/\.extraheader' && git config --local --unset-all 'http.https://github.com/.extraheader' || :"
tests	Run actions/checkout@v5	2026-10-03T21:15:33.5762005Z [command]/usr/bin/git config --local --name-only --get-regexp ^includeIf\.gitdir:
tests	Run actions/checkout@v5	2026-10-03T21:15:33.5801058Z [command]/usr/bin/git submodule foreach --recursive git config --local --show-origin --name-only --get-regexp remote.origin.url
tests	Run actions/checkout@v5	2026-10-03T21:15:33.6027965Z [command]/usr/bin/git config --local http.https://github.com/.extraheader AUTHORIZATION: basic ***
tests	Run actions/checkout@v5	2026-10-03T21:15:33.6068565Z ##[endgroup]
tests	Run actions/checkout@v5	2026-10-03T21:15:33.6069410Z ##[group]Fetching the repository
tests	Run actions/checkout@v5	2026-10-03T21:15:33.6077983Z [command]/usr/bin/git -c protocol.version=2 fetch --no-tags --prune --no-recurse-submodules --depth=1 origin +2684a1cad9affe017e7d8800201ac783ca4c5402:refs/remotes/pull/4/merge
tests	Run actions/checkout@v5	2026-10-03T21:16:18.5483514Z From https://github.com/Unjuno/concentration-aware-ns
tests	Run actions/checkout@v5	2026-10-03T21:16:18.5493459Z  * [new ref]         2684a1cad9affe017e7d8800201ac783ca4c5402 -> pull/4/merge
tests	Run actions/checkout@v5	2026-10-03T21:16:18.5495968Z ##[endgroup]
tests	Run actions/checkout@v5	2026-10-03T21:16:18.5497143Z ##[group]Determining the checkout info
tests	Run actions/checkout@v5	2026-10-03T21:16:18.5498139Z ##[endgroup]
tests	Run actions/checkout@v5	2026-10-03T21:16:18.5498660Z [command]/usr/bin/git sparse-checkout disable
tests	Run actions/checkout@v5	2026-10-03T21:16:18.5561728Z [command]/usr/bin/git config --local --unset-all extensions.worktreeConfig
tests	Run actions/checkout@v5	2026-10-03T21:16:18.5597436Z ##[group]Checking out the ref
tests	Run actions/checkout@v5	2026-10-03T21:16:18.5600998Z [command]/usr/bin/git checkout --progress --force refs/remotes/pull/4/merge
tests	Run actions/checkout@v5	2026-10-03T21:16:19.6082381Z Updating files:  49% (1156/2334)
tests	Run actions/checkout@v5	2026-10-03T21:16:19.7711377Z Updating files:  50% (1167/2334)
tests	Run actions/checkout@v5	2026-10-03T21:16:20.1538361Z Updating files:  51% (1191/2334)
tests	Run actions/checkout@v5	2026-10-03T21:16:20.5146947Z Updating files:  52% (1214/2334)
tests	Run actions/checkout@v5	2026-10-03T21:16:20.6249375Z Updating files:  53% (1238/2334)
tests	Run actions/checkout@v5	2026-10-03T21:16:20.6261293Z Updating files:  53% (1249/2334)
tests	Run actions/checkout@v5	2026-10-03T21:16:20.6281075Z Updating files:  54% (1261/2334)
tests	Run actions/checkout@v5	2026-10-03T21:16:20.7361384Z Updating files:  55% (1284/2334)
tests	Run actions/checkout@v5	2026-10-03T21:16:20.7641492Z Updating files:  56% (1308/2334)
tests	Run actions/checkout@v5	2026-10-03T21:16:20.7705947Z Updating files:  57% (1331/2334)
tests	Run actions/checkout@v5	2026-10-03T21:16:20.7777080Z Updating files:  58% (1354/2334)
tests	Run actions/checkout@v5	2026-10-03T21:16:20.7778042Z Updating files:  59% (1378/2334)
tests	Run actions/checkout@v5	2026-10-03T21:16:20.7928082Z Updating files:  60% (1401/2334)
tests	Run actions/checkout@v5	2026-10-03T21:16:20.7948162Z Updating files:  61% (1424/2334)
tests	Run actions/checkout@v5	2026-10-03T21:16:21.1870306Z Updating files:  62% (1448/2334)
tests	Run actions/checkout@v5	2026-10-03T21:16:21.1903597Z Updating files:  63% (1471/2334)
tests	Run actions/checkout@v5	2026-10-03T21:16:21.1914302Z Updating files:  64% (1494/2334)
tests	Run actions/checkout@v5	2026-10-03T21:16:21.1925067Z Updating files:  65% (1518/2334)
tests	Run actions/checkout@v5	2026-10-03T21:16:21.1937268Z Updating files:  66% (1541/2334)
tests	Run actions/checkout@v5	2026-10-03T21:16:21.1986791Z Updating files:  67% (1564/2334)
tests	Run actions/checkout@v5	2026-10-03T21:16:21.1999937Z Updating files:  68% (1588/2334)
tests	Run actions/checkout@v5	2026-10-03T21:16:21.2012856Z Updating files:  69% (1611/2334)
tests	Run actions/checkout@v5	2026-10-03T21:16:21.2029476Z Updating files:  70% (1634/2334)
tests	Run actions/checkout@v5	2026-10-03T21:16:21.2042694Z Updating files:  71% (1658/2334)
tests	Run actions/checkout@v5	2026-10-03T21:16:21.2059136Z Updating files:  72% (1681/2334)
tests	Run actions/checkout@v5	2026-10-03T21:16:21.2073044Z Updating files:  73% (1704/2334)
tests	Run actions/checkout@v5	2026-10-03T21:16:21.2084256Z Updating files:  74% (1728/2334)
tests	Run actions/checkout@v5	2026-10-03T21:16:21.2095513Z Updating files:  75% (1751/2334)
tests	Run actions/checkout@v5	2026-10-03T21:16:21.2113646Z Updating files:  76% (1774/2334)
tests	Run actions/checkout@v5	2026-10-03T21:16:21.2131125Z Updating files:  77% (1798/2334)
tests	Run actions/checkout@v5	2026-10-03T21:16:21.2146468Z Updating files:  78% (1821/2334)
tests	Run actions/checkout@v5	2026-10-03T21:16:21.2160895Z Updating files:  79% (1844/2334)
tests	Run actions/checkout@v5	2026-10-03T21:16:21.2177161Z Updating files:  80% (1868/2334)
tests	Run actions/checkout@v5	2026-10-03T21:16:21.2193570Z Updating files:  81% (1891/2334)
tests	Run actions/checkout@v5	2026-10-03T21:16:21.2203069Z Updating files:  82% (1914/2334)
tests	Run actions/checkout@v5	2026-10-03T21:16:21.2218046Z Updating files:  83% (1938/2334)
tests	Run actions/checkout@v5	2026-10-03T21:16:21.2232292Z Updating files:  84% (1961/2334)
tests	Run actions/checkout@v5	2026-10-03T21:16:21.2243731Z Updating files:  85% (1984/2334)
tests	Run actions/checkout@v5	2026-10-03T21:16:21.2254463Z Updating files:  86% (2008/2334)
tests	Run actions/checkout@v5	2026-10-03T21:16:21.2267469Z Updating files:  87% (2031/2334)
tests	Run actions/checkout@v5	2026-10-03T21:16:21.2280105Z Updating files:  88% (2054/2334)
tests	Run actions/checkout@v5	2026-10-03T21:16:21.2294631Z Updating files:  89% (2078/2334)
tests	Run actions/checkout@v5	2026-10-03T21:16:21.2308826Z Updating files:  90% (2101/2334)
tests	Run actions/checkout@v5	2026-10-03T21:16:21.2323880Z Updating files:  91% (2124/2334)
tests	Run actions/checkout@v5	2026-10-03T21:16:21.2336885Z Updating files:  92% (2148/2334)
tests	Run actions/checkout@v5	2026-10-03T21:16:21.2350338Z Updating files:  93% (2171/2334)
tests	Run actions/checkout@v5	2026-10-03T21:16:21.2363275Z Updating files:  94% (2194/2334)
tests	Run actions/checkout@v5	2026-10-03T21:16:21.2376622Z Updating files:  95% (2218/2334)
tests	Run actions/checkout@v5	2026-10-03T21:16:21.2391353Z Updating files:  96% (2241/2334)
tests	Run actions/checkout@v5	2026-10-03T21:16:21.2409521Z Updating files:  97% (2264/2334)
tests	Run actions/checkout@v5	2026-10-03T21:16:21.2421798Z Updating files:  98% (2288/2334)
tests	Run actions/checkout@v5	2026-10-03T21:16:21.2441850Z Updating files:  99% (2311/2334)
tests	Run actions/checkout@v5	2026-10-03T21:16:21.2442415Z Updating files: 100% (2334/2334)
tests	Run actions/checkout@v5	2026-10-03T21:16:21.2442875Z Updating files: 100% (2334/2334), done.
tests	Run actions/checkout@v5	2026-10-03T21:16:21.2753608Z Note: switching to 'refs/remotes/pull/4/merge'.
tests	Run actions/checkout@v5	2026-10-03T21:16:21.2754212Z 
tests	Run actions/checkout@v5	2026-10-03T21:16:21.2754790Z You are in 'detached HEAD' state. You can look around, make experimental
tests	Run actions/checkout@v5	2026-10-03T21:16:21.2755652Z changes and commit them, and you can discard any commits you make in this
tests	Run actions/checkout@v5	2026-10-03T21:16:21.2756733Z state without impacting any branches by switching back to a branch.
tests	Run actions/checkout@v5	2026-10-03T21:16:21.2757316Z 
tests	Run actions/checkout@v5	2026-10-03T21:16:21.2757752Z If you want to create a new branch to retain commits you create, you may
tests	Run actions/checkout@v5	2026-10-03T21:16:21.2758688Z do so (now or later) by using -c with the switch command. Example:
tests	Run actions/checkout@v5	2026-10-03T21:16:21.2759273Z 
tests	Run actions/checkout@v5	2026-10-03T21:16:21.2759511Z   git switch -c <new-branch-name>
tests	Run actions/checkout@v5	2026-10-03T21:16:21.2759859Z 
tests	Run actions/checkout@v5	2026-10-03T21:16:21.2760065Z Or undo this operation with:
tests	Run actions/checkout@v5	2026-10-03T21:16:21.2760395Z 
tests	Run actions/checkout@v5	2026-10-03T21:16:21.2760571Z   git switch -
tests	Run actions/checkout@v5	2026-10-03T21:16:21.2760825Z 
tests	Run actions/checkout@v5	2026-10-03T21:16:21.2761293Z Turn off this advice by setting config variable advice.detachedHead to false
tests	Run actions/checkout@v5	2026-10-03T21:16:21.2761998Z 
tests	Run actions/checkout@v5	2026-10-03T21:16:21.2762740Z HEAD is now at 2684a1c Merge ebbbe07be642e0a75207d6b76958f9544a239100 into ef695acc49a7496fc24fae5c24587cd882411231
tests	Run actions/checkout@v5	2026-10-03T21:16:21.2997723Z ##[endgroup]
tests	Run actions/checkout@v5	2026-10-03T21:16:21.3046963Z [command]/usr/bin/git log -1 --format=%H
tests	Run actions/checkout@v5	2026-10-03T21:16:21.3081618Z 2684a1cad9affe017e7d8800201ac783ca4c5402
tests	Run actions/setup-python@v6	﻿2026-10-03T21:16:21.3363349Z ##[group]Run actions/setup-python@v6
tests	Run actions/setup-python@v6	2026-10-03T21:16:21.3363672Z with:
tests	Run actions/setup-python@v6	2026-10-03T21:16:21.3363877Z   python-version: 3.12
tests	Run actions/setup-python@v6	2026-10-03T21:16:21.3364111Z   cache: pip
tests	Run actions/setup-python@v6	2026-10-03T21:16:21.3364374Z   cache-dependency-path: requirements-verification.txt
tests	Run actions/setup-python@v6	2026-10-03T21:16:21.3364699Z   check-latest: false
tests	Run actions/setup-python@v6	2026-10-03T21:16:21.3367580Z   token: ***
tests	Run actions/setup-python@v6	2026-10-03T21:16:21.3367805Z   update-environment: true
tests	Run actions/setup-python@v6	2026-10-03T21:16:21.3368047Z   allow-prereleases: false
tests	Run actions/setup-python@v6	2026-10-03T21:16:21.3368279Z   freethreaded: false
tests	Run actions/setup-python@v6	2026-10-03T21:16:21.3368495Z ##[endgroup]
tests	Run actions/setup-python@v6	2026-10-03T21:16:21.4660852Z ##[group]Installed versions
tests	Run actions/setup-python@v6	2026-10-03T21:16:21.4898944Z Successfully set up CPython (3.12.14)
tests	Run actions/setup-python@v6	2026-10-03T21:16:21.4899854Z ##[endgroup]
tests	Run actions/setup-python@v6	2026-10-03T21:16:21.5273895Z [command]/opt/hostedtoolcache/Python/3.12.14/x64/bin/pip cache dir
tests	Run actions/setup-python@v6	2026-10-03T21:16:22.1135669Z /home/runner/.cache/pip
tests	Run actions/setup-python@v6	2026-10-03T21:16:22.2894730Z Cache hit for: setup-python-Linux-x64-24.04-Ubuntu-python-3.12.14-pip-d3f4dc7fc5dacef4eef55c80e137e19e26bc4b2939aa1cade6b5736f9630c5fd
tests	Run actions/setup-python@v6	2026-10-03T21:16:23.1867934Z Received 71303465 of 71303465 (100.0%), 89.6 MBs/sec
tests	Run actions/setup-python@v6	2026-10-03T21:16:23.1868852Z Cache Size: ~68 MB (71303465 B)
tests	Run actions/setup-python@v6	2026-10-03T21:16:23.1948396Z [command]/usr/bin/tar -xf /home/runner/work/_temp/b56d2f9e-7719-4c40-a60c-063375c5da5f/cache.tzst -P -C /home/runner/work/concentration-aware-ns/concentration-aware-ns --use-compress-program unzstd
tests	Run actions/setup-python@v6	2026-10-03T21:16:23.6306959Z Cache restored successfully
tests	Run actions/setup-python@v6	2026-10-03T21:16:23.6345368Z Cache restored from key: setup-python-Linux-x64-24.04-Ubuntu-python-3.12.14-pip-d3f4dc7fc5dacef4eef55c80e137e19e26bc4b2939aa1cade6b5736f9630c5fd
tests	Install verification dependencies	﻿2026-10-03T21:16:23.6535556Z ##[group]Run python -m pip install -r requirements-verification.txt
tests	Install verification dependencies	2026-10-03T21:16:23.6536176Z ^[[36;1mpython -m pip install -r requirements-verification.txt^[[0m
tests	Install verification dependencies	2026-10-03T21:16:23.6824337Z shell: /usr/bin/bash -e {0}
tests	Install verification dependencies	2026-10-03T21:16:23.6824672Z env:
tests	Install verification dependencies	2026-10-03T21:16:23.6824979Z   pythonLocation: /opt/hostedtoolcache/Python/3.12.14/x64
tests	Install verification dependencies	2026-10-03T21:16:23.6825503Z   PKG_CONFIG_PATH: /opt/hostedtoolcache/Python/3.12.14/x64/lib/pkgconfig
tests	Install verification dependencies	2026-10-03T21:16:23.6825991Z   Python_ROOT_DIR: /opt/hostedtoolcache/Python/3.12.14/x64
tests	Install verification dependencies	2026-10-03T21:16:23.6826626Z   Python2_ROOT_DIR: /opt/hostedtoolcache/Python/3.12.14/x64
tests	Install verification dependencies	2026-10-03T21:16:23.6827061Z   Python3_ROOT_DIR: /opt/hostedtoolcache/Python/3.12.14/x64
tests	Install verification dependencies	2026-10-03T21:16:23.6827497Z   LD_LIBRARY_PATH: /opt/hostedtoolcache/Python/3.12.14/x64/lib
tests	Install verification dependencies	2026-10-03T21:16:23.6827876Z ##[endgroup]
tests	Install verification dependencies	2026-10-03T21:16:25.1280645Z Collecting numpy<3,>=1.26 (from -r /home/runner/work/concentration-aware-ns/concentration-aware-ns/requirements.txt (line 1))
tests	Install verification dependencies	2026-10-03T21:16:25.1298825Z   Using cached numpy-2.5.3-cp312-cp312-manylinux_2_27_x86_64.manylinux_2_28_x86_64.whl.metadata (6.6 kB)
tests	Install verification dependencies	2026-10-03T21:16:25.1461625Z Collecting sympy==1.14.0 (from -r requirements-verification.txt (line 2))
tests	Install verification dependencies	2026-10-03T21:16:25.1474182Z   Using cached sympy-1.14.0-py3-none-any.whl.metadata (12 kB)
tests	Install verification dependencies	2026-10-03T21:16:25.2640138Z Collecting scipy==1.16.2 (from -r requirements-verification.txt (line 3))
tests	Install verification dependencies	2026-10-03T21:16:25.2654101Z   Using cached scipy-1.16.2-cp312-cp312-manylinux2014_x86_64.manylinux_2_17_x86_64.whl.metadata (62 kB)
tests	Install verification dependencies	2026-10-03T21:16:25.3175886Z Collecting python-flint==0.9.0 (from -r requirements-verification.txt (line 4))
tests	Install verification dependencies	2026-10-03T21:16:25.3189051Z   Using cached python_flint-0.9.0-cp310-abi3-manylinux2014_x86_64.manylinux_2_17_x86_64.whl.metadata (23 kB)
tests	Install verification dependencies	2026-10-03T21:16:25.3437301Z Collecting pytest==9.1.1 (from -r requirements-verification.txt (line 5))
tests	Install verification dependencies	2026-10-03T21:16:25.3449485Z   Using cached pytest-9.1.1-py3-none-any.whl.metadata (7.6 kB)
tests	Install verification dependencies	2026-10-03T21:16:25.3605804Z Collecting mpmath<1.4,>=1.1.0 (from sympy==1.14.0->-r requirements-verification.txt (line 2))
tests	Install verification dependencies	2026-10-03T21:16:25.3617601Z   Using cached mpmath-1.3.0-py3-none-any.whl.metadata (8.6 kB)
tests	Install verification dependencies	2026-10-03T21:16:25.3776450Z Collecting iniconfig>=1.0.1 (from pytest==9.1.1->-r requirements-verification.txt (line 5))
tests	Install verification dependencies	2026-10-03T21:16:25.3788025Z   Using cached iniconfig-2.3.0-py3-none-any.whl.metadata (2.5 kB)
tests	Install verification dependencies	2026-10-03T21:16:25.3938401Z Collecting packaging>=22 (from pytest==9.1.1->-r requirements-verification.txt (line 5))
tests	Install verification dependencies	2026-10-03T21:16:25.3949709Z   Using cached packaging-26.3-py3-none-any.whl.metadata (3.5 kB)
tests	Install verification dependencies	2026-10-03T21:16:25.4086815Z Collecting pluggy<2,>=1.5 (from pytest==9.1.1->-r requirements-verification.txt (line 5))
tests	Install verification dependencies	2026-10-03T21:16:25.4098623Z   Using cached pluggy-1.6.0-py3-none-any.whl.metadata (4.8 kB)
tests	Install verification dependencies	2026-10-03T21:16:25.4292610Z Collecting pygments>=2.7.2 (from pytest==9.1.1->-r requirements-verification.txt (line 5))
tests	Install verification dependencies	2026-10-03T21:16:25.4304153Z   Using cached pygments-2.21.0-py3-none-any.whl.metadata (2.5 kB)
tests	Install verification dependencies	2026-10-03T21:16:25.4345829Z Using cached sympy-1.14.0-py3-none-any.whl (6.3 MB)
tests	Install verification dependencies	2026-10-03T21:16:25.4395767Z Using cached scipy-1.16.2-cp312-cp312-manylinux2014_x86_64.manylinux_2_17_x86_64.whl (35.7 MB)
tests	Install verification dependencies	2026-10-03T21:16:25.4537303Z Using cached python_flint-0.9.0-cp310-abi3-manylinux2014_x86_64.manylinux_2_17_x86_64.whl (10.1 MB)
tests	Install verification dependencies	2026-10-03T21:16:25.4587530Z Using cached pytest-9.1.1-py3-none-any.whl (386 kB)
tests	Install verification dependencies	2026-10-03T21:16:25.4600760Z Using cached numpy-2.5.3-cp312-cp312-manylinux_2_27_x86_64.manylinux_2_28_x86_64.whl (16.7 MB)
tests	Install verification dependencies	2026-10-03T21:16:25.4672732Z Using cached mpmath-1.3.0-py3-none-any.whl (536 kB)
tests	Install verification dependencies	2026-10-03T21:16:25.4685875Z Using cached pluggy-1.6.0-py3-none-any.whl (20 kB)
tests	Install verification dependencies	2026-10-03T21:16:25.4697768Z Using cached iniconfig-2.3.0-py3-none-any.whl (7.5 kB)
tests	Install verification dependencies	2026-10-03T21:16:25.4709151Z Using cached packaging-26.3-py3-none-any.whl (129 kB)
tests	Install verification dependencies	2026-10-03T21:16:25.4720949Z Using cached pygments-2.21.0-py3-none-any.whl (1.3 MB)
tests	Install verification dependencies	2026-10-03T21:16:25.6867278Z Installing collected packages: mpmath, sympy, python-flint, pygments, pluggy, packaging, numpy, iniconfig, scipy, pytest
tests	Install verification dependencies	2026-10-03T21:16:39.6679363Z 
tests	Install verification dependencies	2026-10-03T21:16:39.6696736Z Successfully installed iniconfig-2.3.0 mpmath-1.3.0 numpy-2.5.3 packaging-26.3 pluggy-1.6.0 pygments-2.21.0 pytest-9.1.1 python-flint-0.9.0 scipy-1.16.2 sympy-1.14.0
tests	Run Python test suite	﻿2026-10-03T21:16:39.7340144Z ##[group]Run python -m pytest -q tests
tests	Run Python test suite	2026-10-03T21:16:39.7340514Z ^[[36;1mpython -m pytest -q tests^[[0m
tests	Run Python test suite	2026-10-03T21:16:39.7407308Z shell: /usr/bin/bash -e {0}
tests	Run Python test suite	2026-10-03T21:16:39.7407571Z env:
tests	Run Python test suite	2026-10-03T21:16:39.7407846Z   pythonLocation: /opt/hostedtoolcache/Python/3.12.14/x64
tests	Run Python test suite	2026-10-03T21:16:39.7408297Z   PKG_CONFIG_PATH: /opt/hostedtoolcache/Python/3.12.14/x64/lib/pkgconfig
tests	Run Python test suite	2026-10-03T21:16:39.7408742Z   Python_ROOT_DIR: /opt/hostedtoolcache/Python/3.12.14/x64
tests	Run Python test suite	2026-10-03T21:16:39.7409131Z   Python2_ROOT_DIR: /opt/hostedtoolcache/Python/3.12.14/x64
tests	Run Python test suite	2026-10-03T21:16:39.7409524Z   Python3_ROOT_DIR: /opt/hostedtoolcache/Python/3.12.14/x64
tests	Run Python test suite	2026-10-03T21:16:39.7410148Z   LD_LIBRARY_PATH: /opt/hostedtoolcache/Python/3.12.14/x64/lib
tests	Run Python test suite	2026-10-03T21:16:39.7410619Z ##[endgroup]
tests	Run Python test suite	2026-10-03T21:16:45.7964201Z .............................................. [ 12%]
tests	Run Python test suite	2026-10-03T21:17:31.3660165Z .................................................................... [ 31%]
tests	Run Python test suite	2026-10-03T21:18:39.9478515Z ................................................................. [ 49%]
tests	Run Python test suite	2026-10-03T21:19:27.5201882Z ............................................................................................ [ 74%]
tests	Run Python test suite	2026-10-03T21:19:29.1267648Z .........s.............................................................. [ 94%]
tests	Run Python test suite	2026-10-03T21:19:33.6477748Z ....................                                                     [100%]
tests	Run Python test suite	2026-10-03T21:19:33.6478420Z 362 passed, 1 skipped, 89 subtests passed in 173.56s (0:02:53)
tests	Recheck published native samples and analytic enclosures	﻿2026-10-03T21:19:33.8228912Z ##[group]Run mkdir -p work
tests	Recheck published native samples and analytic enclosures	2026-10-03T21:19:33.8229261Z ^[[36;1mmkdir -p work^[[0m
tests	Recheck published native samples and analytic enclosures	2026-10-03T21:19:33.8230125Z ^[[36;1mpython -m tools.verify_published_cell_point_matrix --output work/published-cell-point-matrix-verification --source-commit "$GITHUB_SHA" > work/published-cell-point-matrix-verification.log 2>&1^[[0m
tests	Recheck published native samples and analytic enclosures	2026-10-03T21:19:33.8294567Z shell: /usr/bin/bash -e {0}
tests	Recheck published native samples and analytic enclosures	2026-10-03T21:19:33.8295022Z env:
tests	Recheck published native samples and analytic enclosures	2026-10-03T21:19:33.8295304Z   pythonLocation: /opt/hostedtoolcache/Python/3.12.14/x64
tests	Recheck published native samples and analytic enclosures	2026-10-03T21:19:33.8295778Z   PKG_CONFIG_PATH: /opt/hostedtoolcache/Python/3.12.14/x64/lib/pkgconfig
tests	Recheck published native samples and analytic enclosures	2026-10-03T21:19:33.8296217Z   Python_ROOT_DIR: /opt/hostedtoolcache/Python/3.12.14/x64
tests	Recheck published native samples and analytic enclosures	2026-10-03T21:19:33.8296766Z   Python2_ROOT_DIR: /opt/hostedtoolcache/Python/3.12.14/x64
tests	Recheck published native samples and analytic enclosures	2026-10-03T21:19:33.8297156Z   Python3_ROOT_DIR: /opt/hostedtoolcache/Python/3.12.14/x64
tests	Recheck published native samples and analytic enclosures	2026-10-03T21:19:33.8297554Z   LD_LIBRARY_PATH: /opt/hostedtoolcache/Python/3.12.14/x64/lib
tests	Recheck published native samples and analytic enclosures	2026-10-03T21:19:33.8297883Z ##[endgroup]
tests	Recheck published native samples and analytic enclosures	2026-10-03T21:19:34.5588196Z ##[error]Process completed with exit code 1.
tests	Preserve published-matrix verification evidence	﻿2026-10-03T21:19:34.5735445Z ##[group]Run actions/upload-artifact@v4
tests	Preserve published-matrix verification evidence	2026-10-03T21:19:34.5735782Z with:
tests	Preserve published-matrix verification evidence	2026-10-03T21:19:34.5736211Z   name: published-cell-point-matrix-verification-ebbbe07be642e0a75207d6b76958f9544a239100
tests	Preserve published-matrix verification evidence	2026-10-03T21:19:34.5737324Z   path: work/published-cell-point-matrix-verification/
tests	Preserve published-matrix verification evidence	work/published-cell-point-matrix-verification.log
tests	Preserve published-matrix verification evidence	
tests	Preserve published-matrix verification evidence	2026-10-03T21:19:34.5737890Z   if-no-files-found: warn
tests	Preserve published-matrix verification evidence	2026-10-03T21:19:34.5738123Z   retention-days: 90
tests	Preserve published-matrix verification evidence	2026-10-03T21:19:34.5738339Z   compression-level: 6
tests	Preserve published-matrix verification evidence	2026-10-03T21:19:34.5738553Z   overwrite: false
tests	Preserve published-matrix verification evidence	2026-10-03T21:19:34.5738774Z   include-hidden-files: false
tests	Preserve published-matrix verification evidence	2026-10-03T21:19:34.5739010Z env:
tests	Preserve published-matrix verification evidence	2026-10-03T21:19:34.5739263Z   pythonLocation: /opt/hostedtoolcache/Python/3.12.14/x64
tests	Preserve published-matrix verification evidence	2026-10-03T21:19:34.5739695Z   PKG_CONFIG_PATH: /opt/hostedtoolcache/Python/3.12.14/x64/lib/pkgconfig
tests	Preserve published-matrix verification evidence	2026-10-03T21:19:34.5740133Z   Python_ROOT_DIR: /opt/hostedtoolcache/Python/3.12.14/x64
tests	Preserve published-matrix verification evidence	2026-10-03T21:19:34.5740514Z   Python2_ROOT_DIR: /opt/hostedtoolcache/Python/3.12.14/x64
tests	Preserve published-matrix verification evidence	2026-10-03T21:19:34.5740892Z   Python3_ROOT_DIR: /opt/hostedtoolcache/Python/3.12.14/x64
tests	Preserve published-matrix verification evidence	2026-10-03T21:19:34.5741305Z   LD_LIBRARY_PATH: /opt/hostedtoolcache/Python/3.12.14/x64/lib
tests	Preserve published-matrix verification evidence	2026-10-03T21:19:34.5741622Z ##[endgroup]
tests	Preserve published-matrix verification evidence	2026-10-03T21:19:34.7444051Z (node:2459) [DEP0040] DeprecationWarning: The `punycode` module is deprecated. Please use a userland alternative instead.
tests	Preserve published-matrix verification evidence	2026-10-03T21:19:34.7444999Z (Use `node --trace-deprecation ...` to show where the warning was created)
tests	Preserve published-matrix verification evidence	2026-10-03T21:19:34.7521260Z Multiple search paths detected. Calculating the least common ancestor of all paths
tests	Preserve published-matrix verification evidence	2026-10-03T21:19:34.7525274Z The least common ancestor is /home/runner/work/concentration-aware-ns/concentration-aware-ns/work. This will be the root directory of the artifact
tests	Preserve published-matrix verification evidence	2026-10-03T21:19:34.7527054Z With the provided path, there will be 14 files uploaded
tests	Preserve published-matrix verification evidence	2026-10-03T21:19:34.7535187Z Artifact name is valid!
tests	Preserve published-matrix verification evidence	2026-10-03T21:19:34.7535781Z Root directory input is valid!
tests	Preserve published-matrix verification evidence	2026-10-03T21:19:35.0108110Z Beginning upload of artifact content to blob storage
tests	Preserve published-matrix verification evidence	2026-10-03T21:19:35.0507668Z (node:2459) [DEP0169] DeprecationWarning: `url.parse()` behavior is not standardized and prone to errors that have security implications. Use the WHATWG URL API instead. CVEs are not issued for `url.parse()` vulnerabilities.
tests	Preserve published-matrix verification evidence	2026-10-03T21:19:35.1841025Z Uploaded bytes 22515
tests	Preserve published-matrix verification evidence	2026-10-03T21:19:35.2210538Z Finished uploading artifact content to blob storage!
tests	Preserve published-matrix verification evidence	2026-10-03T21:19:35.2212002Z SHA256 digest of uploaded artifact zip is 3476cd5241fa86545df49adc91446b494dfba58baa5596c30a75dac1d04f15bf
tests	Preserve published-matrix verification evidence	2026-10-03T21:19:35.2213889Z Finalizing artifact upload
tests	Preserve published-matrix verification evidence	2026-10-03T21:19:35.4504220Z Artifact published-cell-point-matrix-verification-ebbbe07be642e0a75207d6b76958f9544a239100.zip successfully finalized. Artifact ID 11285133904
tests	Preserve published-matrix verification evidence	2026-10-03T21:19:35.4507135Z Artifact published-cell-point-matrix-verification-ebbbe07be642e0a75207d6b76958f9544a239100 has been successfully uploaded! Final size is 22515 bytes. Artifact ID is 11285133904
tests	Preserve published-matrix verification evidence	2026-10-03T21:19:35.4512520Z Artifact download URL: https://github.com/Unjuno/concentration-aware-ns/actions/runs/37154392234/artifacts/11285133904
tests	Post Run actions/checkout@v5	﻿2026-10-03T21:19:35.4712894Z Post job cleanup.
tests	Post Run actions/checkout@v5	2026-10-03T21:19:35.5608652Z [command]/usr/bin/git version
tests	Post Run actions/checkout@v5	2026-10-03T21:19:35.5651022Z git version 2.55.0
tests	Post Run actions/checkout@v5	2026-10-03T21:19:35.5689791Z Temporarily overriding HOME='/home/runner/work/_temp/c3c031e2-3d63-4a3b-8737-144cea279402' before making global git config changes
tests	Post Run actions/checkout@v5	2026-10-03T21:19:35.5691469Z Adding repository directory to the temporary git global config as a safe directory
tests	Post Run actions/checkout@v5	2026-10-03T21:19:35.5696745Z [command]/usr/bin/git config --global --add safe.directory /home/runner/work/concentration-aware-ns/concentration-aware-ns
tests	Post Run actions/checkout@v5	2026-10-03T21:19:35.5737046Z [command]/usr/bin/git config --local --name-only --get-regexp core\.sshCommand
tests	Post Run actions/checkout@v5	2026-10-03T21:19:35.5773962Z [command]/usr/bin/git submodule foreach --recursive sh -c "git config --local --name-only --get-regexp 'core\.sshCommand' && git config --local --unset-all 'core.sshCommand' || :"
tests	Post Run actions/checkout@v5	2026-10-03T21:19:35.6033186Z [command]/usr/bin/git config --local --name-only --get-regexp http\.https\:\/\/github\.com\/\.extraheader
tests	Post Run actions/checkout@v5	2026-10-03T21:19:35.6060332Z http.https://github.com/.extraheader
tests	Post Run actions/checkout@v5	2026-10-03T21:19:35.6074145Z [command]/usr/bin/git config --local --unset-all http.https://github.com/.extraheader
tests	Post Run actions/checkout@v5	2026-10-03T21:19:35.6121917Z [command]/usr/bin/git submodule foreach --recursive sh -c "git config --local --name-only --get-regexp 'http\.https\:\/\/github\.com\/\.extraheader' && git config --local --unset-all 'http.https://github.com/.extraheader' || :"
tests	Post Run actions/checkout@v5	2026-10-03T21:19:35.6387649Z [command]/usr/bin/git config --local --name-only --get-regexp ^includeIf\.gitdir:
tests	Post Run actions/checkout@v5	2026-10-03T21:19:35.6429861Z [command]/usr/bin/git submodule foreach --recursive git config --local --show-origin --name-only --get-regexp remote.origin.url
tests	Complete job	﻿2026-10-03T21:19:35.6841242Z Cleaning up orphan processes
tests	Complete job	2026-10-03T21:19:35.7154168Z ##[warning]Node.js 20 is deprecated. The following actions target Node.js 20 but are being forced to run on Node.js 24: actions/upload-artifact@v4. For more information see: https://github.blog/changelog/2025-09-19-deprecation-of-node-20-on-github-actions-runners/
