{
  "cases": [
    {
      "case": "cap4096",
      "archive": "evidence/of13-high-gradient-amr-v2-2026-09-30/cap4096.tar.gz",
      "archive_sha256": "3c1056a859dad0224ec6ba5e3d713dcc8e54c42d222f03a0ebbd166c561e35d4",
      "archive_file_count": 49,
      "source_tree_sha256": "227a52324547a22d26cccc7f822b6e7946e20611f7e01ad78a75e093236b2327",
      "verified": true
    },
    {
      "case": "cap5000",
      "archive": "evidence/of13-high-gradient-amr-v2-2026-09-30/cap5000.tar.gz",
      "archive_sha256": "6c9c209eb876416cab01fe569ed8aaebe3c60a9a88f1d7ce417bb57e6db85d75",
      "archive_file_count": 61,
      "source_tree_sha256": "6f00615e6a518771a01a05ed458b07ca4e98a3bdd9b31b7627afd059e95c4b75",
      "verified": true
    },
    {
      "case": "cap100000",
      "archive": "evidence/of13-high-gradient-amr-v2-2026-09-30/cap100000.tar.gz",
      "archive_sha256": "9beb7672a5d93b19ef2bf1d1a54e2c03d4d4fdbda258f448ef002b866859b446",
      "archive_file_count": 61,
      "source_tree_sha256": "374446d0feb1a37efbe2e6e400576439b05995e378019a6df8edb7de193b73dd",
      "verified": true
    },
    {
      "case": "cap5000",
      "archive": "evidence/of13-high-gradient-remap-control-v2-2026-09-30/cap5000.tar.gz",
      "archive_sha256": "edf395ef8737ce9f89ed570ce19a606a89dbbef4a448b4051398abccc17c921d",
      "archive_file_count": 49,
      "source_tree_sha256": "fc0cc083d2227f7f958419903485fc6ef2d210508761776cca329d2550cdfd02",
      "verified": true
    },
    {
      "case": "cap100000",
      "archive": "evidence/of13-high-gradient-remap-control-v2-2026-09-30/cap100000.tar.gz",
      "archive_sha256": "2134292eac657f80b8cdddcd28679778ba25b89d8c648472b019c876bab23b27",
      "archive_file_count": 49,
      "source_tree_sha256": "bb1300e3196a10b2c338386dad563b6d947c38126d9f3aa4a7d686064d88d763",
      "verified": true
    }
  ],
  "scope": "Verifies archive byte hashes and canonical per-entry tree hashes for archived AMR and fixed-final-mesh cases; does not re-execute OpenFOAM or certify numerical quality."
}
