{
  "cases": [
    {
      "case": "n16-nt5",
      "archive_sha256": "b38143256e9f6d1acb8d4ab61aee235f41c963f9ac32b93610676f71b3e268cd",
      "gradient_evidence_sha256": "95df86f3b780ed491ce5419173a0dc51bb8edb0384cbf4bf25f0afec348d3c29",
      "checkpoint_matches": true,
      "evaluation_matches": true,
      "sampled_gradient_peak_magnitude_error": 0.00908978053355244,
      "sampled_vorticity_peak_magnitude_error": 0.009078073854054321,
      "max_sampled_gradient_field_error_over_exact_sampled_peak": 0.012429532284082931,
      "max_sampled_vorticity_field_error_over_exact_sampled_peak": 0.012015066462633662,
      "sample_count": 262144
    },
    {
      "case": "n32-nt5",
      "archive_sha256": "4bee9bb4d22d1586b77b5de632bb30ac02b01cae94b57a307ffaa9f3e45b7b2b",
      "gradient_evidence_sha256": "dc95165d0f0eb9a84066f9f5032ca0f161cc30151903e655f2dad62a321330bb",
      "checkpoint_matches": true,
      "evaluation_matches": true,
      "sampled_gradient_peak_magnitude_error": 0.009380020321092607,
      "sampled_vorticity_peak_magnitude_error": 0.009366444935953396,
      "max_sampled_gradient_field_error_over_exact_sampled_peak": 0.012593470286196949,
      "max_sampled_vorticity_field_error_over_exact_sampled_peak": 0.01235964031786951,
      "sample_count": 262144
    },
    {
      "case": "n64-nt17",
      "archive_sha256": "d19dc5bf0d93ecba0984b63ba153f6fa291d18d51bd3c10f9b1ce043e0b5671b",
      "gradient_evidence_sha256": "9807fad93c07c7ae2f527ad15061578c87174c16f7a71bdc5128c6420701b139",
      "checkpoint_matches": true,
      "evaluation_matches": true,
      "sampled_gradient_peak_magnitude_error": 0.009702551333754755,
      "sampled_vorticity_peak_magnitude_error": 0.009690457701784531,
      "max_sampled_gradient_field_error_over_exact_sampled_peak": 0.012584526375143977,
      "max_sampled_vorticity_field_error_over_exact_sampled_peak": 0.012426319837210736,
      "sample_count": 262144
    },
    {
      "case": "n64-nt5",
      "archive_sha256": "a9744971f5c08a264f64ade1fef4f308810f2de42a13bdafad2926953f05fecd",
      "gradient_evidence_sha256": "cf3b0bba2d5f502b67f6c854579fe912b1faad93b660d2e539c58d6aa6e1eb0e",
      "checkpoint_matches": true,
      "evaluation_matches": true,
      "sampled_gradient_peak_magnitude_error": 0.009375298532788175,
      "sampled_vorticity_peak_magnitude_error": 0.009361890615458042,
      "max_sampled_gradient_field_error_over_exact_sampled_peak": 0.01248015823540439,
      "max_sampled_vorticity_field_error_over_exact_sampled_peak": 0.012256493173584805,
      "sample_count": 262144
    },
    {
      "case": "n64-nt9",
      "archive_sha256": "786655b548611eb948d4c84fee15493238e9a97cdebd2f31584acdcf2d895f45",
      "gradient_evidence_sha256": "2d7a803adf87aac74558fc736ba239077f27064089245b5fb02debb86a581cac",
      "checkpoint_matches": true,
      "evaluation_matches": true,
      "sampled_gradient_peak_magnitude_error": 0.009560259472687788,
      "sampled_vorticity_peak_magnitude_error": 0.009547603585471763,
      "max_sampled_gradient_field_error_over_exact_sampled_peak": 0.012556027237021414,
      "max_sampled_vorticity_field_error_over_exact_sampled_peak": 0.012376565029963173,
      "sample_count": 262144
    }
  ],
  "scope": "Cross-checks sampled analytic-autograd derivative metrics against archived checkpoint/evaluation artifacts. Ratios normalize maximum sampled absolute field difference by the exact sampled peak; no continuous extrema or pointwise relative-error bound is claimed."
}
