/*---------------------------------------------------------------------------*\
  =========                 |
  \\      /  F ield         | OpenFOAM: The Open Source CFD Toolbox
   \\    /   O peration     | Website:  https://openfoam.org
    \\  /    A nd           | Version:  13
     \\/     M anipulation  |
\*---------------------------------------------------------------------------*/
Build  : 13-18870c24d21c
Exec   : foamPostProcess -case /case -time 0.05 -funcs (grad(U) vorticity)
Date   : Oct 01 2026
Time   : 18:50:33
Host   : "bf9284addc00"
PID    : 1
I/O    : uncollated
Case   : //case
nProcs : 1
sigFpe : Floating point exception trapping - not supported on this platform
fileModificationChecking : Monitoring run-time modified files using timeStampMaster (fileModificationSkew 10)
allowSystemOperations : Allowing user-supplied system call operations

// * * * * * * * * * * * * * * * * * * * * * * * * * * * * * * * * * * * * * //
Create time

Create mesh for time = 0.05

Selecting fvMeshTopoChanger refiner
Time = 0.05s

Reading fields:
    volVectorFields: U

Executing functionObjects
    functionObjects::grad grad(U) writing field: grad(U)
    functionObjects::vorticity vorticity writing field: vorticity

End
